Archive member included to satisfy reference by file (symbol)

c:/at32ide/platform/tools/gcc-arm-none-eabi-10.3-2021.10/bin/../lib/gcc/arm-none-eabi/10.3.1/thumb/v7e-m+fp/hard\libgcc.a(_arm_muldf3.o)
                              ./user/main.o (__aeabi_dmul)
c:/at32ide/platform/tools/gcc-arm-none-eabi-10.3-2021.10/bin/../lib/gcc/arm-none-eabi/10.3.1/thumb/v7e-m+fp/hard\libgcc.a(_arm_addsubdf3.o)
                              ./user/main.o (__aeabi_dadd)
c:/at32ide/platform/tools/gcc-arm-none-eabi-10.3-2021.10/bin/../lib/gcc/arm-none-eabi/10.3.1/thumb/v7e-m+fp/hard\libgcc.a(_arm_muldivdf3.o)
                              ./user/main.o (__aeabi_ddiv)
c:/at32ide/platform/tools/gcc-arm-none-eabi-10.3-2021.10/bin/../lib/gcc/arm-none-eabi/10.3.1/thumb/v7e-m+fp/hard\libgcc.a(_arm_fixunsdfsi.o)
                              ./user/main.o (__aeabi_d2uiz)
c:/at32ide/platform/tools/gcc-arm-none-eabi-10.3-2021.10/bin/../lib/gcc/arm-none-eabi/10.3.1/thumb/v7e-m+fp/hard\libgcc.a(_arm_truncdfsf2.o)
                              ./user/main.o (__aeabi_d2f)
c:/at32ide/platform/tools/gcc-arm-none-eabi-10.3-2021.10/bin/../lib/gcc/arm-none-eabi/10.3.1/../../../../arm-none-eabi/lib/thumb/v7e-m+fp/hard\libg_nano.a(lib_a-atoi.o)
                              ./lwip/netif.o (atoi)
c:/at32ide/platform/tools/gcc-arm-none-eabi-10.3-2021.10/bin/../lib/gcc/arm-none-eabi/10.3.1/../../../../arm-none-eabi/lib/thumb/v7e-m+fp/hard\libg_nano.a(lib_a-ctype_.o)
                              ./lwip/ip4_addr.o (_ctype_)
c:/at32ide/platform/tools/gcc-arm-none-eabi-10.3-2021.10/bin/../lib/gcc/arm-none-eabi/10.3.1/../../../../arm-none-eabi/lib/thumb/v7e-m+fp/hard\libg_nano.a(lib_a-exit.o)
                              c:/at32ide/platform/tools/gcc-arm-none-eabi-10.3-2021.10/bin/../lib/gcc/arm-none-eabi/10.3.1/../../../../arm-none-eabi/lib/thumb/v7e-m+fp/hard/crt0.o (exit)
c:/at32ide/platform/tools/gcc-arm-none-eabi-10.3-2021.10/bin/../lib/gcc/arm-none-eabi/10.3.1/../../../../arm-none-eabi/lib/thumb/v7e-m+fp/hard\libg_nano.a(lib_a-impure.o)
                              c:/at32ide/platform/tools/gcc-arm-none-eabi-10.3-2021.10/bin/../lib/gcc/arm-none-eabi/10.3.1/../../../../arm-none-eabi/lib/thumb/v7e-m+fp/hard\libg_nano.a(lib_a-exit.o) (_global_impure_ptr)
c:/at32ide/platform/tools/gcc-arm-none-eabi-10.3-2021.10/bin/../lib/gcc/arm-none-eabi/10.3.1/../../../../arm-none-eabi/lib/thumb/v7e-m+fp/hard\libg_nano.a(lib_a-init.o)
                              c:/at32ide/platform/tools/gcc-arm-none-eabi-10.3-2021.10/bin/../lib/gcc/arm-none-eabi/10.3.1/../../../../arm-none-eabi/lib/thumb/v7e-m+fp/hard/crt0.o (__libc_init_array)
c:/at32ide/platform/tools/gcc-arm-none-eabi-10.3-2021.10/bin/../lib/gcc/arm-none-eabi/10.3.1/../../../../arm-none-eabi/lib/thumb/v7e-m+fp/hard\libg_nano.a(lib_a-memcmp.o)
                              ./lwip/ethernet.o (memcmp)
c:/at32ide/platform/tools/gcc-arm-none-eabi-10.3-2021.10/bin/../lib/gcc/arm-none-eabi/10.3.1/../../../../arm-none-eabi/lib/thumb/v7e-m+fp/hard\libg_nano.a(lib_a-memcpy-stub.o)
                              ./user/main.o (memcpy)
c:/at32ide/platform/tools/gcc-arm-none-eabi-10.3-2021.10/bin/../lib/gcc/arm-none-eabi/10.3.1/../../../../arm-none-eabi/lib/thumb/v7e-m+fp/hard\libg_nano.a(lib_a-memmove.o)
                              ./lwip/def.o (memmove)
c:/at32ide/platform/tools/gcc-arm-none-eabi-10.3-2021.10/bin/../lib/gcc/arm-none-eabi/10.3.1/../../../../arm-none-eabi/lib/thumb/v7e-m+fp/hard\libg_nano.a(lib_a-memset.o)
                              c:/at32ide/platform/tools/gcc-arm-none-eabi-10.3-2021.10/bin/../lib/gcc/arm-none-eabi/10.3.1/../../../../arm-none-eabi/lib/thumb/v7e-m+fp/hard/crt0.o (memset)
c:/at32ide/platform/tools/gcc-arm-none-eabi-10.3-2021.10/bin/../lib/gcc/arm-none-eabi/10.3.1/../../../../arm-none-eabi/lib/thumb/v7e-m+fp/hard\libg_nano.a(lib_a-nano-vfprintf_float.o)
                              (_printf_float)
c:/at32ide/platform/tools/gcc-arm-none-eabi-10.3-2021.10/bin/../lib/gcc/arm-none-eabi/10.3.1/../../../../arm-none-eabi/lib/thumb/v7e-m+fp/hard\libg_nano.a(lib_a-nano-vfprintf_i.o)
                              c:/at32ide/platform/tools/gcc-arm-none-eabi-10.3-2021.10/bin/../lib/gcc/arm-none-eabi/10.3.1/../../../../arm-none-eabi/lib/thumb/v7e-m+fp/hard\libg_nano.a(lib_a-nano-vfprintf_float.o) (_printf_common)
c:/at32ide/platform/tools/gcc-arm-none-eabi-10.3-2021.10/bin/../lib/gcc/arm-none-eabi/10.3.1/../../../../arm-none-eabi/lib/thumb/v7e-m+fp/hard\libg_nano.a(lib_a-nano-vfscanf_float.o)
                              (_scanf_float)
c:/at32ide/platform/tools/gcc-arm-none-eabi-10.3-2021.10/bin/../lib/gcc/arm-none-eabi/10.3.1/../../../../arm-none-eabi/lib/thumb/v7e-m+fp/hard\libg_nano.a(lib_a-printf.o)
                              ./user/main.o (printf)
c:/at32ide/platform/tools/gcc-arm-none-eabi-10.3-2021.10/bin/../lib/gcc/arm-none-eabi/10.3.1/../../../../arm-none-eabi/lib/thumb/v7e-m+fp/hard\libg_nano.a(lib_a-puts.o)
                              ./user/at32_emac.o (puts)
[...]
Memory Configuration

Name             Origin             Length             Attributes
FLASH            0x08000000         0x00100000         xr
RAM              0x20000000         0x00018000         xrw
*default*        0x00000000         0xffffffff

Linker script and memory map

LOAD c:/at32ide/platform/tools/gcc-arm-none-eabi-10.3-2021.10/bin/../lib/gcc/arm-none-eabi/10.3.1/thumb/v7e-m+fp/hard/crti.o
LOAD c:/at32ide/platform/tools/gcc-arm-none-eabi-10.3-2021.10/bin/../lib/gcc/arm-none-eabi/10.3.1/thumb/v7e-m+fp/hard/crtbegin.o
LOAD c:/at32ide/platform/tools/gcc-arm-none-eabi-10.3-2021.10/bin/../lib/gcc/arm-none-eabi/10.3.1/../../../../arm-none-eabi/lib/thumb/v7e-m+fp/hard/crt0.o
LOAD ./user/at32_emac.o
LOAD ./user/at32f403a_407_clock.o
LOAD ./user/at32f403a_407_int.o
LOAD ./user/main.o
LOAD ./user/netconf.o
LOAD ./user/tcp_server.o
LOAD ./lwip/altcp.o
LOAD ./lwip/altcp_alloc.o
LOAD ./lwip/altcp_tcp.o
LOAD ./lwip/api_lib.o
LOAD ./lwip/api_msg.o
LOAD ./lwip/autoip.o
LOAD ./lwip/def.o
LOAD ./lwip/dhcp.o
LOAD ./lwip/dns.o
LOAD ./lwip/err.o
LOAD ./lwip/etharp.o
LOAD ./lwip/ethernet.o
LOAD ./lwip/ethernetif.o
LOAD ./lwip/icmp.o
LOAD ./lwip/if_api.o
LOAD ./lwip/igmp.o
LOAD ./lwip/inet_chksum.o
LOAD ./lwip/init.o
LOAD ./lwip/ip.o
LOAD ./lwip/ip4.o
LOAD ./lwip/ip4_addr.o
LOAD ./lwip/ip4_frag.o
LOAD ./lwip/mem.o
LOAD ./lwip/memp.o
LOAD ./lwip/netbuf.o
LOAD ./lwip/netdb.o
LOAD ./lwip/netif.o
LOAD ./lwip/netifapi.o
LOAD ./lwip/pbuf.o
LOAD ./lwip/raw.o
LOAD ./lwip/sockets.o
LOAD ./lwip/stats.o
LOAD ./lwip/sys.o
LOAD ./lwip/sys_arch.o
LOAD ./lwip/tcp.o
LOAD ./lwip/tcp_in.o
LOAD ./lwip/tcp_out.o
LOAD ./lwip/tcpip.o
LOAD ./lwip/timeouts.o
LOAD ./lwip/udp.o
LOAD ./firmware/at32f403a_407_acc.o
LOAD ./firmware/at32f403a_407_adc.o
LOAD ./firmware/at32f403a_407_bpr.o
LOAD ./firmware/at32f403a_407_can.o
LOAD ./firmware/at32f403a_407_crc.o
LOAD ./firmware/at32f403a_407_crm.o
LOAD ./firmware/at32f403a_407_dac.o
LOAD ./firmware/at32f403a_407_debug.o
LOAD ./firmware/at32f403a_407_dma.o
LOAD ./firmware/at32f403a_407_emac.o
LOAD ./firmware/at32f403a_407_exint.o
LOAD ./firmware/at32f403a_407_flash.o
LOAD ./firmware/at32f403a_407_gpio.o
LOAD ./firmware/at32f403a_407_i2c.o
LOAD ./firmware/at32f403a_407_misc.o
LOAD ./firmware/at32f403a_407_pwc.o
LOAD ./firmware/at32f403a_407_rtc.o
LOAD ./firmware/at32f403a_407_sdio.o
LOAD ./firmware/at32f403a_407_spi.o
LOAD ./firmware/at32f403a_407_tmr.o
LOAD ./firmware/at32f403a_407_usart.o
LOAD ./firmware/at32f403a_407_usb.o
LOAD ./firmware/at32f403a_407_wdt.o
LOAD ./firmware/at32f403a_407_wwdt.o
LOAD ./firmware/at32f403a_407_xmc.o
LOAD ./cmsis/system_at32f403a_407.o
LOAD ./bsp/at32f403a_407_board.o
LOAD ./startup_at32f403a_407.o
START GROUP
LOAD c:/at32ide/platform/tools/gcc-arm-none-eabi-10.3-2021.10/bin/../lib/gcc/arm-none-eabi/10.3.1/thumb/v7e-m+fp/hard\libgcc.a
LOAD c:/at32ide/platform/tools/gcc-arm-none-eabi-10.3-2021.10/bin/../lib/gcc/arm-none-eabi/10.3.1/../../../../arm-none-eabi/lib/thumb/v7e-m+fp/hard\libg_nano.a
LOAD c:/at32ide/platform/tools/gcc-arm-none-eabi-10.3-2021.10/bin/../lib/gcc/arm-none-eabi/10.3.1/../../../../arm-none-eabi/lib/thumb/v7e-m+fp/hard\libc_nano.a
END GROUP
START GROUP
LOAD c:/at32ide/platform/tools/gcc-arm-none-eabi-10.3-2021.10/bin/../lib/gcc/arm-none-eabi/10.3.1/thumb/v7e-m+fp/hard\libgcc.a
LOAD c:/at32ide/platform/tools/gcc-arm-none-eabi-10.3-2021.10/bin/../lib/gcc/arm-none-eabi/10.3.1/../../../../arm-none-eabi/lib/thumb/v7e-m+fp/hard\libc_nano.a
LOAD c:/at32ide/platform/tools/gcc-arm-none-eabi-10.3-2021.10/bin/../lib/gcc/arm-none-eabi/10.3.1/../../../../arm-none-eabi/lib/thumb/v7e-m+fp/hard\libnosys.a
END GROUP
START GROUP
LOAD c:/at32ide/platform/tools/gcc-arm-none-eabi-10.3-2021.10/bin/../lib/gcc/arm-none-eabi/10.3.1/thumb/v7e-m+fp/hard\libgcc.a
LOAD c:/at32ide/platform/tools/gcc-arm-none-eabi-10.3-2021.10/bin/../lib/gcc/arm-none-eabi/10.3.1/../../../../arm-none-eabi/lib/thumb/v7e-m+fp/hard\libc_nano.a
LOAD c:/at32ide/platform/tools/gcc-arm-none-eabi-10.3-2021.10/bin/../lib/gcc/arm-none-eabi/10.3.1/../../../../arm-none-eabi/lib/thumb/v7e-m+fp/hard\libnosys.a
END GROUP
LOAD c:/at32ide/platform/tools/gcc-arm-none-eabi-10.3-2021.10/bin/../lib/gcc/arm-none-eabi/10.3.1/thumb/v7e-m+fp/hard/crtend.o
LOAD c:/at32ide/platform/tools/gcc-arm-none-eabi-10.3-2021.10/bin/../lib/gcc/arm-none-eabi/10.3.1/thumb/v7e-m+fp/hard/crtn.o
                0x20018000                _estack = 0x20018000
                0x00000200                _Min_Heap_Size = 0x200
                0x00000400                _Min_Stack_Size = 0x400

.isr_vector     0x08000000      0x184
                0x08000000                . = ALIGN (0x4)
 *(.isr_vector)
 .isr_vector    0x08000000      0x184 ./startup_at32f403a_407.o
                0x08000000                g_pfnVectors
                0x08000184                . = ALIGN (0x4)

.text           0x08000190    0x18128
                0x08000190                . = ALIGN (0x4)
 *(.text)
 .text          0x08000190       0x40 c:/at32ide/platform/tools/gcc-arm-none-eabi-10.3-2021.10/bin/../lib/gcc/arm-none-eabi/10.3.1/thumb/v7e-m+fp/hard/crtbegin.o
 .text          0x080001d0      0x378 c:/at32ide/platform/tools/gcc-arm-none-eabi-10.3-2021.10/bin/../lib/gcc/arm-none-eabi/10.3.1/thumb/v7e-m+fp/hard\libgcc.a(_arm_addsubdf3.o)
                0x080001d0                __aeabi_drsub
                0x080001d8                __aeabi_dsub
                0x080001d8                __subdf3
                0x080001dc                __aeabi_dadd
                0x080001dc                __adddf3
                0x08000454                __floatunsidf
                0x08000454                __aeabi_ui2d
                0x08000474                __floatsidf
                0x08000474                __aeabi_i2d
                0x08000498                __aeabi_f2d
                0x08000498                __extendsfdf2
                0x080004dc                __floatundidf
                0x080004dc                __aeabi_ul2d
                0x080004ec                __floatdidf
                0x080004ec                __aeabi_l2d
 .text          0x08000548      0x424 c:/at32ide/platform/tools/gcc-arm-none-eabi-10.3-2021.10/bin/../lib/gcc/arm-none-eabi/10.3.1/thumb/v7e-m+fp/hard\libgcc.a(_arm_muldivdf3.o)
                0x08000548                __aeabi_dmul
                0x08000548                __muldf3
                0x0800079c                __divdf3
                0x0800079c                __aeabi_ddiv
 .text          0x0800096c       0x40 c:/at32ide/platform/tools/gcc-arm-none-eabi-10.3-2021.10/bin/../lib/gcc/arm-none-eabi/10.3.1/thumb/v7e-m+fp/hard\libgcc.a(_arm_fixunsdfsi.o)
                0x0800096c                __aeabi_d2uiz
                0x0800096c                __fixunsdfsi
 .text          0x080009ac       0xa0 c:/at32ide/platform/tools/gcc-arm-none-eabi-10.3-2021.10/bin/../lib/gcc/arm-none-eabi/10.3.1/thumb/v7e-m+fp/hard\libgcc.a(_arm_truncdfsf2.o)
                0x080009ac                __truncdfsf2
                0x080009ac                __aeabi_d2f
 .text          0x08000a4c       0x10 c:/at32ide/platform/tools/gcc-arm-none-eabi-10.3-2021.10/bin/../lib/gcc/arm-none-eabi/10.3.1/../../../../arm-none-eabi/lib/thumb/v7e-m+fp/hard\libg_nano.a(lib_a-strlen.o)
                0x08000a4c                strlen
 *fill*         0x08000a5c        0x4 
 .text          0x08000a60       0xa0 c:/at32ide/platform/tools/gcc-arm-none-eabi-10.3-2021.10/bin/../lib/gcc/arm-none-eabi/10.3.1/../../../../arm-none-eabi/lib/thumb/v7e-m+fp/hard\libg_nano.a(lib_a-memchr.o)
                0x08000a60                memchr
 .text          0x08000b00      0x110 c:/at32ide/platform/tools/gcc-arm-none-eabi-10.3-2021.10/bin/../lib/gcc/arm-none-eabi/10.3.1/thumb/v7e-m+fp/hard\libgcc.a(_arm_cmpdf2.o)
                0x08000b00                __gtdf2
                0x08000b00                __gedf2
                0x08000b08                __ltdf2
                0x08000b08                __ledf2
                0x08000b10                __nedf2
                0x08000b10                __eqdf2
                0x08000b10                __cmpdf2
                0x08000b8c                __aeabi_cdrcmple
                0x08000b9c                __aeabi_cdcmpeq
                0x08000b9c                __aeabi_cdcmple
                0x08000bac                __aeabi_dcmpeq
                0x08000bc0                __aeabi_dcmplt
                0x08000bd4                __aeabi_dcmple
                0x08000be8                __aeabi_dcmpge
                0x08000bfc                __aeabi_dcmpgt
 .text          0x08000c10       0x2c c:/at32ide/platform/tools/gcc-arm-none-eabi-10.3-2021.10/bin/../lib/gcc/arm-none-eabi/10.3.1/thumb/v7e-m+fp/hard\libgcc.a(_arm_unorddf2.o)
                0x08000c10                __unorddf2
                0x08000c10                __aeabi_dcmpun
 .text          0x08000c3c       0x50 c:/at32ide/platform/tools/gcc-arm-none-eabi-10.3-2021.10/bin/../lib/gcc/arm-none-eabi/10.3.1/thumb/v7e-m+fp/hard\libgcc.a(_arm_fixdfsi.o)
                0x08000c3c                __aeabi_d2iz
                0x08000c3c                __fixdfsi
 .text          0x08000c8c       0x30 c:/at32ide/platform/tools/gcc-arm-none-eabi-10.3-2021.10/bin/../lib/gcc/arm-none-eabi/10.3.1/thumb/v7e-m+fp/hard\libgcc.a(_fixdfdi.o)
                0x08000c8c                __fixdfdi
                0x08000c8c                __aeabi_d2lz
 .text          0x08000cbc       0x3c c:/at32ide/platform/tools/gcc-arm-none-eabi-10.3-2021.10/bin/../lib/gcc/arm-none-eabi/10.3.1/thumb/v7e-m+fp/hard\libgcc.a(_fixunsdfdi.o)
                0x08000cbc                __fixunsdfdi
                0x08000cbc                __aeabi_d2ulz
 *(.text*)
 .text.emac_system_init
                0x08000cf8       0x48 ./user/at32_emac.o
                0x08000cf8                emac_system_init
 .text.emac_nvic_configuration
                0x08000d40        0xe ./user/at32_emac.o
                0x08000d40                emac_nvic_configuration
 *fill*         0x08000d4e        0x2 
 .text.emac_pins_configuration
                0x08000d50      0x100 ./user/at32_emac.o
                0x08000d50                emac_pins_configuration
 .text.emac_layer2_configuration
                0x08000e50       0xb0 ./user/at32_emac.o
                0x08000e50                emac_layer2_configuration
 .text.reset_phy
                0x08000f00       0x64 ./user/at32_emac.o
 .text.emac_phy_register_reset
                0x08000f64       0x9c ./user/at32_emac.o
                0x08000f64                emac_phy_register_reset
 .text.emac_speed_config
                0x08001000      0x18c ./user/at32_emac.o
                0x08001000                emac_speed_config
 .text.emac_phy_init
                0x0800118c       0x2a ./user/at32_emac.o
                0x0800118c                emac_phy_init
 .text.link_update
                0x080011b6       0x32 ./user/at32_emac.o
                0x080011b6                link_update
 .text.ethernetif_set_link
                0x080011e8       0x90 ./user/at32_emac.o
                0x080011e8                ethernetif_set_link
 .text.ethernetif_notify_conn_changed
                0x08001278       0x30 ./user/at32_emac.o
                0x08001278                ethernetif_notify_conn_changed
 .text.ethernetif_update_config
                0x080012a8       0x50 ./user/at32_emac.o
                0x080012a8                ethernetif_update_config
 .text.emac_tmr_init
                0x080012f8       0x78 ./user/at32_emac.o
                0x080012f8                emac_tmr_init
 .text.system_clock_config
                0x08001370       0x7a ./user/at32f403a_407_clock.o
                0x08001370                system_clock_config
 .text.NMI_Handler
                0x080013ea        0xe ./user/at32f403a_407_int.o
                0x080013ea                NMI_Handler
 .text.HardFault_Handler
                0x080013f8        0x6 ./user/at32f403a_407_int.o
                0x080013f8                HardFault_Handler
 .text.MemManage_Handler
                0x080013fe        0x6 ./user/at32f403a_407_int.o
                0x080013fe                MemManage_Handler
 .text.BusFault_Handler
                0x08001404        0x6 ./user/at32f403a_407_int.o
                0x08001404                BusFault_Handler
 .text.UsageFault_Handler
                0x0800140a        0x6 ./user/at32f403a_407_int.o
                0x0800140a                UsageFault_Handler
 .text.SVC_Handler
                0x08001410        0xe ./user/at32f403a_407_int.o
                0x08001410                SVC_Handler
 .text.DebugMon_Handler
                0x0800141e        0xe ./user/at32f403a_407_int.o
                0x0800141e                DebugMon_Handler
 .text.PendSV_Handler
                0x0800142c        0xe ./user/at32f403a_407_int.o
                0x0800142c                PendSV_Handler
 .text.SysTick_Handler
                0x0800143a        0xe ./user/at32f403a_407_int.o
                0x0800143a                SysTick_Handler
 .text.ADC1_2_IRQHandler
                0x08001448       0x2c ./user/at32f403a_407_int.o
                0x08001448                ADC1_2_IRQHandler
 .text.TMR6_GLOBAL_IRQHandler
                0x08001474       0x28 ./user/at32f403a_407_int.o
                0x08001474                TMR6_GLOBAL_IRQHandler
 .text.spiflash_init
                0x0800149c       0xfc ./user/main.o
                0x0800149c                spiflash_init
 .text.spiflash_write
                0x08001598      0x138 ./user/main.o
                0x08001598                spiflash_write
 .text.spiflash_read
                0x080016d0       0x6c ./user/main.o
                0x080016d0                spiflash_read
 .text.spiflash_sector_erase
                0x0800173c       0x60 ./user/main.o
                0x0800173c                spiflash_sector_erase
 .text.spiflash_write_nocheck
                0x0800179c       0x72 ./user/main.o
                0x0800179c                spiflash_write_nocheck
 *fill*         0x0800180e        0x2 
 .text.spiflash_page_write
                0x08001810       0x70 ./user/main.o
                0x08001810                spiflash_page_write
 .text.spi_bytes_write
                0x08001880       0x68 ./user/main.o
                0x08001880                spi_bytes_write
 .text.spi_bytes_read
                0x080018e8       0x78 ./user/main.o
                0x080018e8                spi_bytes_read
 .text.spiflash_wait_busy
                0x08001960       0x1a ./user/main.o
                0x08001960                spiflash_wait_busy
 *fill*         0x0800197a        0x2 
 .text.spiflash_read_sr1
                0x0800197c       0x38 ./user/main.o
                0x0800197c                spiflash_read_sr1
 .text.spiflash_write_enable
                0x080019b4       0x24 ./user/main.o
                0x080019b4                spiflash_write_enable
 .text.spiflash_read_id
                0x080019d8       0x64 ./user/main.o
                0x080019d8                spiflash_read_id
 .text.spi_byte_write
                0x08001a3c       0x66 ./user/main.o
                0x08001a3c                spi_byte_write
 .text.spi_byte_read
                0x08001aa2       0x10 ./user/main.o
                0x08001aa2                spi_byte_read
 *fill*         0x08001ab2        0x2 
 .text.debug_gpio_pins
                0x08001ab4       0x28 ./user/main.o
                0x08001ab4                debug_gpio_pins
 .text.LCD_GPIO_Init
                0x08001adc       0xc4 ./user/main.o
                0x08001adc                LCD_GPIO_Init
 .text.LCD_SendCommand
                0x08001ba0       0xec ./user/main.o
                0x08001ba0                LCD_SendCommand
 .text.LCD_SendData
                0x08001c8c       0xec ./user/main.o
                0x08001c8c                LCD_SendData
 .text.LCD_Init
                0x08001d78       0x54 ./user/main.o
                0x08001d78                LCD_Init
 .text.LCD_Clear
                0x08001dcc       0x14 ./user/main.o
                0x08001dcc                LCD_Clear
 .text.LCD_SetCursor
                0x08001de0       0x6c ./user/main.o
                0x08001de0                LCD_SetCursor
 .text.LCD_WriteChar
                0x08001e4c       0x1a ./user/main.o
                0x08001e4c                LCD_WriteChar
 .text.LCD_WriteString
                0x08001e66       0x2a ./user/main.o
                0x08001e66                LCD_WriteString
 .text.gpio_pins_configuration
                0x08001e90       0x68 ./user/main.o
                0x08001e90                gpio_pins_configuration
 .text.uart_transmit_byte
                0x08001ef8       0x34 ./user/main.o
                0x08001ef8                uart_transmit_byte
 .text.send_data_to_arduino
                0x08001f2c       0x6c ./user/main.o
                0x08001f2c                send_data_to_arduino
 .text.gpio_config
                0x08001f98       0xd0 ./user/main.o
 .text.crm_configuration
                0x08002068       0x38 ./user/main.o
                0x08002068                crm_configuration
 .text.modbus_server_init
                0x080020a0       0x98 ./user/main.o
                0x080020a0                modbus_server_init
 .text.dma_config
                0x08002138       0x6c ./user/main.o
 .text.adc_config
                0x080021a4      0x14c ./user/main.o
 .text.map_value
                0x080022f0       0x38 ./user/main.o
                0x080022f0                map_value
 .text.map_temperature
                0x08002328       0x28 ./user/main.o
                0x08002328                map_temperature
 .text.update_igbt_temperatures
                0x08002350       0xac ./user/main.o
                0x08002350                update_igbt_temperatures
 *fill*         0x080023fc        0x4 
 .text.three_phase_voltage_map
                0x08002400       0xac ./user/main.o
                0x08002400                three_phase_voltage_map
 *fill*         0x080024ac        0x4 
 .text.update_mapped_voltages
                0x080024b0      0x138 ./user/main.o
                0x080024b0                update_mapped_voltages
 .text.get_average_igbt_temperature
                0x080025e8       0x40 ./user/main.o
                0x080025e8                get_average_igbt_temperature
 .text.map_adc_to_value
                0x08002628       0x48 ./user/main.o
                0x08002628                map_adc_to_value
 .text.update_modbus_registers_with_adc
                0x08002670       0xdc ./user/main.o
                0x08002670                update_modbus_registers_with_adc
 .text.adc_periodic_update
                0x0800274c       0x38 ./user/main.o
                0x0800274c                adc_periodic_update
 .text.modbus_accept
                0x08002784       0x54 ./user/main.o
 .text.modbus_poll
                0x080027d8       0x28 ./user/main.o
 .text.modbus_error
                0x08002800       0x20 ./user/main.o
 .text.modbus_receive
                0x08002820       0x68 ./user/main.o
 .text.process_modbus_request
                0x08002888      0xc34 ./user/main.o
 .text.relay_3_on
                0x080034bc       0x94 ./user/main.o
                0x080034bc                relay_3_on
 .text.set_timer4_frequency
                0x08003550       0x90 ./user/main.o
                0x08003550                set_timer4_frequency
 .text.current_transformer_select
                0x080035e0      0x274 ./user/main.o
                0x080035e0                current_transformer_select
 .text.reverse_polarity_gpio_init
                0x08003854       0x48 ./user/main.o
                0x08003854                reverse_polarity_gpio_init
 .text.voltage_in_range_check
                0x0800389c      0x228 ./user/main.o
                0x0800389c                voltage_in_range_check
 .text.output_voltage_in_range_check
                0x08003ac4      0x3d0 ./user/main.o
                0x08003ac4                output_voltage_in_range_check
 .text.feedback_voltage
                0x08003e94      0x2e0 ./user/main.o
                0x08003e94                feedback_voltage
 .text.output_current_in_range_check
                0x08004174      0x19c ./user/main.o
                0x08004174                output_current_in_range_check
 .text.exint_surge_pin_config
                0x08004310       0x74 ./user/main.o
                0x08004310                exint_surge_pin_config
 .text.input_surge_check
                0x08004384      0x150 ./user/main.o
                0x08004384                input_surge_check
 .text.EXINT3_IRQHandler
                0x080044d4       0x44 ./user/main.o
                0x080044d4                EXINT3_IRQHandler
 .text.exint_neutral_pin_config
                0x08004518       0x74 ./user/main.o
                0x08004518                exint_neutral_pin_config
 .text.neutral_disconnection
                0x0800458c      0x180 ./user/main.o
                0x0800458c                neutral_disconnection
 .text.EXINT1_IRQHandler
                0x0800470c       0x34 ./user/main.o
                0x0800470c                EXINT1_IRQHandler
 .text.exint_ac_surge_pin_config
                0x08004740       0x74 ./user/main.o
                0x08004740                exint_ac_surge_pin_config
 .text.output_surge
                0x080047b4      0x14c ./user/main.o
                0x080047b4                output_surge
 .text.EXINT0_IRQHandler
                0x08004900       0x44 ./user/main.o
                0x08004900                EXINT0_IRQHandler
 .text.main     0x08004944      0xaf4 ./user/main.o
                0x08004944                main
 .text.tcpip_stack_init
                0x08005438      0x208 ./user/netconf.o
                0x08005438                tcpip_stack_init
 .text.lwip_pkt_handle
                0x08005640       0x14 ./user/netconf.o
                0x08005640                lwip_pkt_handle
 .text.lwip_rx_loop_handler
                0x08005654        0xc ./user/netconf.o
                0x08005654                lwip_rx_loop_handler
 .text.time_update
                0x08005660       0x2c ./user/netconf.o
                0x08005660                time_update
 .text.lwip_periodic_handle
                0x0800568c       0x40 ./user/netconf.o
                0x0800568c                lwip_periodic_handle
 .text.lwip_htons
                0x080056cc       0x2a ./lwip/def.o
                0x080056cc                lwip_htons
 .text.lwip_htonl
                0x080056f6       0x32 ./lwip/def.o
                0x080056f6                lwip_htonl
 .text.etharp_free_entry
                0x08005728       0xc0 ./lwip/etharp.o
 .text.etharp_tmr
                0x080057e8      0x158 ./lwip/etharp.o
                0x080057e8                etharp_tmr
 .text.etharp_find_entry
                0x08005940      0x24c ./lwip/etharp.o
 .text.etharp_update_arp_entry
                0x08005b8c      0x168 ./lwip/etharp.o
 .text.etharp_cleanup_netif
                0x08005cf4       0x60 ./lwip/etharp.o
                0x08005cf4                etharp_cleanup_netif
 .text.etharp_input
                0x08005d54      0x134 ./lwip/etharp.o
                0x08005d54                etharp_input
 .text.etharp_output_to_arp_index
                0x08005e88      0x104 ./lwip/etharp.o
 .text.etharp_output
                0x08005f8c      0x1c4 ./lwip/etharp.o
                0x08005f8c                etharp_output
 .text.etharp_query
                0x08006150      0x200 ./lwip/etharp.o
                0x08006150                etharp_query
 .text.etharp_raw
                0x08006350       0xe0 ./lwip/etharp.o
 .text.etharp_request_dst
                0x08006430       0x44 ./lwip/etharp.o
 .text.etharp_request
                0x08006474       0x24 ./lwip/etharp.o
                0x08006474                etharp_request
 .text.ethernet_input
                0x08006498      0x178 ./lwip/ethernet.o
                0x08006498                ethernet_input
 .text.ethernet_output
                0x08006610       0x7c ./lwip/ethernet.o
                0x08006610                ethernet_output
 .text.lwip_set_mac_address
                0x0800668c       0x4c ./lwip/ethernetif.o
                0x0800668c                lwip_set_mac_address
 .text.low_level_init
                0x080066d8       0xf8 ./lwip/ethernetif.o
 .text.low_level_output
                0x080067d0      0x124 ./lwip/ethernetif.o
 .text.low_level_input
                0x080068f4      0x14c ./lwip/ethernetif.o
 .text.ethernetif_input
                0x08006a40       0x48 ./lwip/ethernetif.o
                0x08006a40                ethernetif_input
 .text.ethernetif_init
                0x08006a88       0xbc ./lwip/ethernetif.o
                0x08006a88                ethernetif_init
 .text.emac_rxpkt_chainmode
                0x08006b44       0xc8 ./lwip/ethernetif.o
                0x08006b44                emac_rxpkt_chainmode
 .text.emac_txpkt_chainmode
                0x08006c0c      0x168 ./lwip/ethernetif.o
                0x08006c0c                emac_txpkt_chainmode
 .text.emac_getcurrenttxbuffer
                0x08006d74       0x18 ./lwip/ethernetif.o
                0x08006d74                emac_getcurrenttxbuffer
 .text.icmp_input
                0x08006d8c      0x390 ./lwip/icmp.o
                0x08006d8c                icmp_input
 .text.icmp_dest_unreach
                0x0800711c       0x34 ./lwip/icmp.o
                0x0800711c                icmp_dest_unreach
 .text.icmp_time_exceeded
                0x08007150       0x34 ./lwip/icmp.o
                0x08007150                icmp_time_exceeded
 .text.icmp_send_response
                0x08007184       0xe0 ./lwip/icmp.o
 .text.igmp_init
                0x08007264       0x2c ./lwip/igmp.o
                0x08007264                igmp_init
 .text.igmp_start
                0x08007290       0x54 ./lwip/igmp.o
                0x08007290                igmp_start
 .text.igmp_report_groups
                0x080072e4       0x3a ./lwip/igmp.o
                0x080072e4                igmp_report_groups
 .text.igmp_lookfor_group
                0x0800731e       0x3c ./lwip/igmp.o
                0x0800731e                igmp_lookfor_group
 .text.igmp_lookup_group
                0x0800735a       0x88 ./lwip/igmp.o
 *fill*         0x080073e2        0x2 
 .text.igmp_input
                0x080073e4      0x1f4 ./lwip/igmp.o
                0x080073e4                igmp_input
 .text.igmp_tmr
                0x080075d8       0x60 ./lwip/igmp.o
                0x080075d8                igmp_tmr
 .text.igmp_timeout
                0x08007638       0x50 ./lwip/igmp.o
 .text.igmp_start_timer
                0x08007688       0x46 ./lwip/igmp.o
 .text.igmp_delaying_member
                0x080076ce       0x48 ./lwip/igmp.o
 *fill*         0x08007716        0x2 
 .text.igmp_ip_output_if
                0x08007718       0x58 ./lwip/igmp.o
 .text.igmp_send
                0x08007770       0xdc ./lwip/igmp.o
 .text.lwip_standard_chksum
                0x0800784c       0xba ./lwip/inet_chksum.o
                0x0800784c                lwip_standard_chksum
 .text.inet_chksum
                0x08007906       0x24 ./lwip/inet_chksum.o
                0x08007906                inet_chksum
 .text.lwip_init
                0x0800792a       0x32 ./lwip/init.o
                0x0800792a                lwip_init
 .text.ip4_route
                0x0800795c      0x120 ./lwip/ip4.o
                0x0800795c                ip4_route
 .text.ip4_input_accept
                0x08007a7c       0x54 ./lwip/ip4.o
 .text.ip4_input
                0x08007ad0      0x428 ./lwip/ip4.o
                0x08007ad0                ip4_input
 .text.ip4_output_if
                0x08007ef8       0x3a ./lwip/ip4.o
                0x08007ef8                ip4_output_if
 .text.ip4_output_if_opt
                0x08007f32       0x5c ./lwip/ip4.o
                0x08007f32                ip4_output_if_opt
 *fill*         0x08007f8e        0x2 
 .text.ip4_output_if_opt_src
                0x08007f90      0x258 ./lwip/ip4.o
                0x08007f90                ip4_output_if_opt_src
 .text.ip4_addr_isbroadcast_u32
                0x080081e8       0x82 ./lwip/ip4_addr.o
                0x080081e8                ip4_addr_isbroadcast_u32
 *fill*         0x0800826a        0x2 
 .text.ip_reass_tmr
                0x0800826c       0x58 ./lwip/ip4_frag.o
                0x0800826c                ip_reass_tmr
 .text.ip_reass_free_complete_datagram
                0x080082c4       0xcc ./lwip/ip4_frag.o
 .text.ip_reass_remove_oldest_datagram
                0x08008390       0xc4 ./lwip/ip4_frag.o
 .text.ip_reass_enqueue_new_datagram
                0x08008454       0x84 ./lwip/ip4_frag.o
 .text.ip_reass_dequeue_datagram
                0x080084d8       0x3c ./lwip/ip4_frag.o
 .text.ip_reass_chain_frag_into_datagram_and_validate
                0x08008514      0x23c ./lwip/ip4_frag.o
 .text.ip4_reass
                0x08008750      0x338 ./lwip/ip4_frag.o
                0x08008750                ip4_reass
 .text.ip_frag_alloc_pbuf_custom_ref
                0x08008a88       0x10 ./lwip/ip4_frag.o
 .text.ip_frag_free_pbuf_custom_ref
                0x08008a98       0x18 ./lwip/ip4_frag.o
 .text.ipfrag_free_pbuf_custom
                0x08008ab0       0x2c ./lwip/ip4_frag.o
 .text.ip4_frag
                0x08008adc      0x268 ./lwip/ip4_frag.o
                0x08008adc                ip4_frag
 .text.ptr_to_mem
                0x08008d44       0x24 ./lwip/mem.o
 .text.mem_to_ptr
                0x08008d68       0x24 ./lwip/mem.o
 .text.plug_holes
                0x08008d8c       0xcc ./lwip/mem.o
 .text.mem_init
                0x08008e58       0x88 ./lwip/mem.o
                0x08008e58                mem_init
 .text.mem_link_valid
                0x08008ee0       0x78 ./lwip/mem.o
 .text.mem_free
                0x08008f58       0xec ./lwip/mem.o
                0x08008f58                mem_free
 .text.mem_trim
                0x08009044      0x1c0 ./lwip/mem.o
                0x08009044                mem_trim
 .text.mem_malloc
                0x08009204      0x1d4 ./lwip/mem.o
                0x08009204                mem_malloc
 .text.memp_init_pool
                0x080093d8       0x72 ./lwip/memp.o
                0x080093d8                memp_init_pool
 *fill*         0x0800944a        0x2 
 .text.memp_init
                0x0800944c       0x50 ./lwip/memp.o
                0x0800944c                memp_init
 .text.do_memp_malloc_pool
                0x0800949c       0x66 ./lwip/memp.o
 *fill*         0x08009502        0x2 
 .text.memp_malloc
                0x08009504       0x34 ./lwip/memp.o
                0x08009504                memp_malloc
 .text.do_memp_free_pool
                0x08009538       0x38 ./lwip/memp.o
 .text.memp_free
                0x08009570       0x3c ./lwip/memp.o
                0x08009570                memp_free
 .text.netif_loopif_init
                0x080095ac       0x88 ./lwip/netif.o
 .text.netif_init
                0x08009634       0x54 ./lwip/netif.o
                0x08009634                netif_init
 .text.netif_input
                0x08009688       0x36 ./lwip/netif.o
                0x08009688                netif_input
 *fill*         0x080096be        0x2 
 .text.netif_add
                0x080096c0      0x174 ./lwip/netif.o
                0x080096c0                netif_add
 .text.netif_do_ip_addr_changed
                0x08009834       0x2a ./lwip/netif.o
 .text.netif_do_set_ipaddr
                0x0800985e       0x5e ./lwip/netif.o
 .text.netif_do_set_netmask
                0x080098bc       0x3e ./lwip/netif.o
 .text.netif_do_set_gw
                0x080098fa       0x3e ./lwip/netif.o
 .text.netif_set_addr
                0x08009938       0x94 ./lwip/netif.o
                0x08009938                netif_set_addr
 .text.netif_set_default
                0x080099cc       0x20 ./lwip/netif.o
                0x080099cc                netif_set_default
 .text.netif_set_up
                0x080099ec       0x58 ./lwip/netif.o
                0x080099ec                netif_set_up
 .text.netif_issue_reports
                0x08009a44       0x74 ./lwip/netif.o
 .text.netif_set_down
                0x08009ab8       0x64 ./lwip/netif.o
                0x08009ab8                netif_set_down
 .text.netif_set_link_up
                0x08009b1c       0x50 ./lwip/netif.o
                0x08009b1c                netif_set_link_up
 .text.netif_set_link_down
                0x08009b6c       0x48 ./lwip/netif.o
                0x08009b6c                netif_set_link_down
 .text.netif_set_link_callback
                0x08009bb4       0x22 ./lwip/netif.o
                0x08009bb4                netif_set_link_callback
 *fill*         0x08009bd6        0x2 
 .text.netif_loop_output
                0x08009bd8      0x100 ./lwip/netif.o
                0x08009bd8                netif_loop_output
 .text.netif_loop_output_ipv4
                0x08009cd8       0x1e ./lwip/netif.o
 .text.netif_null_output_ip4
                0x08009cf6       0x1c ./lwip/netif.o
 *fill*         0x08009d12        0x2 
 .text.netif_get_by_index
                0x08009d14       0x4c ./lwip/netif.o
                0x08009d14                netif_get_by_index
 .text.pbuf_free_ooseq
                0x08009d60       0x40 ./lwip/pbuf.o
                0x08009d60                pbuf_free_ooseq
 .text.pbuf_pool_is_empty
                0x08009da0       0x18 ./lwip/pbuf.o
 .text.pbuf_init_alloced_pbuf
                0x08009db8       0x54 ./lwip/pbuf.o
 .text.pbuf_alloc
                0x08009e0c      0x174 ./lwip/pbuf.o
                0x08009e0c                pbuf_alloc
 .text.pbuf_alloc_reference
                0x08009f80       0x42 ./lwip/pbuf.o
                0x08009f80                pbuf_alloc_reference
 .text.pbuf_alloced_custom
                0x08009fc2       0x68 ./lwip/pbuf.o
                0x08009fc2                pbuf_alloced_custom
 .text.pbuf_realloc
                0x0800a02a       0xbe ./lwip/pbuf.o
                0x0800a02a                pbuf_realloc
 .text.pbuf_add_header_impl
                0x0800a0e8       0xb4 ./lwip/pbuf.o
 .text.pbuf_add_header
                0x0800a19c       0x1e ./lwip/pbuf.o
                0x0800a19c                pbuf_add_header
 .text.pbuf_remove_header
                0x0800a1ba       0x74 ./lwip/pbuf.o
                0x0800a1ba                pbuf_remove_header
 .text.pbuf_header_impl
                0x0800a22e       0x42 ./lwip/pbuf.o
 .text.pbuf_header_force
                0x0800a270       0x24 ./lwip/pbuf.o
                0x0800a270                pbuf_header_force
 .text.pbuf_free
                0x0800a294       0xa6 ./lwip/pbuf.o
                0x0800a294                pbuf_free
 .text.pbuf_clen
                0x0800a33a       0x2e ./lwip/pbuf.o
                0x0800a33a                pbuf_clen
 .text.pbuf_ref
                0x0800a368       0x26 ./lwip/pbuf.o
                0x0800a368                pbuf_ref
 .text.pbuf_cat
                0x0800a38e       0x5e ./lwip/pbuf.o
                0x0800a38e                pbuf_cat
 .text.pbuf_copy
                0x0800a3ec      0x118 ./lwip/pbuf.o
                0x0800a3ec                pbuf_copy
 .text.pbuf_copy_partial
                0x0800a504       0xb8 ./lwip/pbuf.o
                0x0800a504                pbuf_copy_partial
 .text.pbuf_clone
                0x0800a5bc       0x40 ./lwip/pbuf.o
                0x0800a5bc                pbuf_clone
 .text.raw_input_local_match
                0x0800a5fc       0x74 ./lwip/raw.o
 .text.raw_input
                0x0800a670       0xdc ./lwip/raw.o
                0x0800a670                raw_input
 .text.raw_netif_ip_addr_changed
                0x0800a74c       0x60 ./lwip/raw.o
                0x0800a74c                raw_netif_ip_addr_changed
 .text.stats_init
                0x0800a7ac       0x20 ./lwip/stats.o
                0x0800a7ac                stats_init
 .text.sys_now  0x0800a7cc       0x18 ./lwip/sys_arch.o
                0x0800a7cc                sys_now
 .text.tcp_init
                0x0800a7e4       0x24 ./lwip/tcp.o
                0x0800a7e4                tcp_init
 .text.tcp_free
                0x0800a808       0x18 ./lwip/tcp.o
                0x0800a808                tcp_free
 .text.tcp_free_listen
                0x0800a820       0x18 ./lwip/tcp.o
 .text.tcp_tmr  0x0800a838       0x2c ./lwip/tcp.o
                0x0800a838                tcp_tmr
 .text.tcp_remove_listener
                0x0800a864       0x3a ./lwip/tcp.o
 *fill*         0x0800a89e        0x2 
 .text.tcp_listen_closed
                0x0800a8a0       0x3c ./lwip/tcp.o
 .text.tcp_close_shutdown
                0x0800a8dc      0x198 ./lwip/tcp.o
 .text.tcp_close_shutdown_fin
                0x0800aa74       0xe0 ./lwip/tcp.o
 .text.tcp_close
                0x0800ab54       0x3c ./lwip/tcp.o
                0x0800ab54                tcp_close
 .text.tcp_abandon
                0x0800ab90      0x14c ./lwip/tcp.o
                0x0800ab90                tcp_abandon
 .text.tcp_abort
                0x0800acdc       0x18 ./lwip/tcp.o
                0x0800acdc                tcp_abort
 .text.tcp_bind
                0x0800acf4      0x104 ./lwip/tcp.o
                0x0800acf4                tcp_bind
 .text.tcp_accept_null
                0x0800adf8       0x20 ./lwip/tcp.o
 .text.tcp_listen_with_backlog
                0x0800ae18       0x22 ./lwip/tcp.o
                0x0800ae18                tcp_listen_with_backlog
 *fill*         0x0800ae3a        0x2 
 .text.tcp_listen_with_backlog_and_err
                0x0800ae3c      0x128 ./lwip/tcp.o
                0x0800ae3c                tcp_listen_with_backlog_and_err
 .text.tcp_update_rcv_ann_wnd
                0x0800af64       0x7c ./lwip/tcp.o
                0x0800af64                tcp_update_rcv_ann_wnd
 .text.tcp_recved
                0x0800afe0       0x70 ./lwip/tcp.o
                0x0800afe0                tcp_recved
 .text.tcp_new_port
                0x0800b050       0x8c ./lwip/tcp.o
 .text.tcp_slowtmr
                0x0800b0dc      0x55c ./lwip/tcp.o
                0x0800b0dc                tcp_slowtmr
 .text.tcp_fasttmr
                0x0800b638       0xc8 ./lwip/tcp.o
                0x0800b638                tcp_fasttmr
 .text.tcp_process_refused_data
                0x0800b700       0xe0 ./lwip/tcp.o
                0x0800b700                tcp_process_refused_data
 .text.tcp_segs_free
                0x0800b7e0       0x2a ./lwip/tcp.o
                0x0800b7e0                tcp_segs_free
 .text.tcp_seg_free
                0x0800b80a       0x30 ./lwip/tcp.o
                0x0800b80a                tcp_seg_free
 .text.tcp_seg_copy
                0x0800b83a       0x38 ./lwip/tcp.o
                0x0800b83a                tcp_seg_copy
 .text.tcp_recv_null
                0x0800b872       0x50 ./lwip/tcp.o
                0x0800b872                tcp_recv_null
 *fill*         0x0800b8c2        0x2 
 .text.tcp_kill_prio
                0x0800b8c4       0x9c ./lwip/tcp.o
 .text.tcp_kill_state
                0x0800b960       0x70 ./lwip/tcp.o
 .text.tcp_kill_timewait
                0x0800b9d0       0x60 ./lwip/tcp.o
 .text.tcp_handle_closepend
                0x0800ba30       0x4c ./lwip/tcp.o
 .text.tcp_alloc
                0x0800ba7c      0x15c ./lwip/tcp.o
                0x0800ba7c                tcp_alloc
 .text.tcp_new  0x0800bbd8       0x10 ./lwip/tcp.o
                0x0800bbd8                tcp_new
 .text.tcp_recv
                0x0800bbe8       0x24 ./lwip/tcp.o
                0x0800bbe8                tcp_recv
 .text.tcp_err  0x0800bc0c       0x24 ./lwip/tcp.o
                0x0800bc0c                tcp_err
 .text.tcp_accept
                0x0800bc30       0x2e ./lwip/tcp.o
                0x0800bc30                tcp_accept
 .text.tcp_poll
                0x0800bc5e       0x30 ./lwip/tcp.o
                0x0800bc5e                tcp_poll
 .text.tcp_pcb_purge
                0x0800bc8e       0x88 ./lwip/tcp.o
                0x0800bc8e                tcp_pcb_purge
 .text.tcp_pcb_remove
                0x0800bd16       0x98 ./lwip/tcp.o
                0x0800bd16                tcp_pcb_remove
 *fill*         0x0800bdae        0x2 
 .text.tcp_next_iss
                0x0800bdb0       0x30 ./lwip/tcp.o
                0x0800bdb0                tcp_next_iss
 .text.tcp_eff_send_mss_netif
                0x0800bde0       0x58 ./lwip/tcp.o
                0x0800bde0                tcp_eff_send_mss_netif
 .text.tcp_netif_ip_addr_changed_pcblist
                0x0800be38       0x44 ./lwip/tcp.o
 .text.tcp_netif_ip_addr_changed
                0x0800be7c       0x7c ./lwip/tcp.o
                0x0800be7c                tcp_netif_ip_addr_changed
 .text.tcp_free_ooseq
                0x0800bef8       0x28 ./lwip/tcp.o
                0x0800bef8                tcp_free_ooseq
 .text.tcp_input
                0x0800bf20      0x7c4 ./lwip/tcp_in.o
                0x0800bf20                tcp_input
 .text.tcp_input_delayed_close
                0x0800c6e4       0x60 ./lwip/tcp_in.o
 .text.tcp_listen_input
                0x0800c744      0x1fc ./lwip/tcp_in.o
 .text.tcp_timewait_input
                0x0800c940       0xd4 ./lwip/tcp_in.o
 .text.tcp_process
                0x0800ca14      0x74c ./lwip/tcp_in.o
 .text.tcp_oos_insert_segment
                0x0800d160       0xf0 ./lwip/tcp_in.o
 .text.tcp_free_acked_segments
                0x0800d250       0xac ./lwip/tcp_in.o
 .text.tcp_receive
                0x0800d2fc      0xd94 ./lwip/tcp_in.o
 .text.tcp_get_next_optbyte
                0x0800e090       0x6c ./lwip/tcp_in.o
 .text.tcp_parseopt
                0x0800e0fc       0xcc ./lwip/tcp_in.o
 .text.tcp_trigger_input_pcb_close
                0x0800e1c8       0x20 ./lwip/tcp_in.o
                0x0800e1c8                tcp_trigger_input_pcb_close
 .text.tcp_route
                0x0800e1e8       0x38 ./lwip/tcp_out.o
 .text.tcp_create_segment
                0x0800e220      0x104 ./lwip/tcp_out.o
 .text.tcp_pbuf_prealloc
                0x0800e324       0xa4 ./lwip/tcp_out.o
 .text.tcp_write_checks
                0x0800e3c8       0x9c ./lwip/tcp_out.o
 .text.tcp_write
                0x0800e464      0x5a0 ./lwip/tcp_out.o
                0x0800e464                tcp_write
 .text.tcp_split_unsent_seg
                0x0800ea04      0x22c ./lwip/tcp_out.o
                0x0800ea04                tcp_split_unsent_seg
 .text.tcp_send_fin
                0x0800ec30       0x80 ./lwip/tcp_out.o
                0x0800ec30                tcp_send_fin
 .text.tcp_enqueue_flags
                0x0800ecb0      0x140 ./lwip/tcp_out.o
                0x0800ecb0                tcp_enqueue_flags
 .text.tcp_output
                0x0800edf0      0x384 ./lwip/tcp_out.o
                0x0800edf0                tcp_output
 .text.tcp_output_segment_busy
                0x0800f174       0x24 ./lwip/tcp_out.o
 .text.tcp_output_segment
                0x0800f198      0x168 ./lwip/tcp_out.o
 .text.tcp_rexmit_rto_prepare
                0x0800f300       0xd2 ./lwip/tcp_out.o
                0x0800f300                tcp_rexmit_rto_prepare
 .text.tcp_rexmit_rto_commit
                0x0800f3d2       0x30 ./lwip/tcp_out.o
                0x0800f3d2                tcp_rexmit_rto_commit
 .text.tcp_rexmit_rto
                0x0800f402       0x22 ./lwip/tcp_out.o
                0x0800f402                tcp_rexmit_rto
 .text.tcp_rexmit
                0x0800f424       0xcc ./lwip/tcp_out.o
                0x0800f424                tcp_rexmit
 .text.tcp_rexmit_fast
                0x0800f4f0       0xa2 ./lwip/tcp_out.o
                0x0800f4f0                tcp_rexmit_fast
 .text.tcp_output_alloc_header_common
                0x0800f592       0xbe ./lwip/tcp_out.o
 .text.tcp_output_alloc_header
                0x0800f650       0x5a ./lwip/tcp_out.o
 .text.tcp_output_fill_options
                0x0800f6aa       0x32 ./lwip/tcp_out.o
 .text.tcp_output_control_segment
                0x0800f6dc       0x88 ./lwip/tcp_out.o
 .text.tcp_rst  0x0800f764       0x7c ./lwip/tcp_out.o
                0x0800f764                tcp_rst
 .text.tcp_send_empty_ack
                0x0800f7e0       0xa2 ./lwip/tcp_out.o
                0x0800f7e0                tcp_send_empty_ack
 .text.tcp_keepalive
                0x0800f882       0x60 ./lwip/tcp_out.o
                0x0800f882                tcp_keepalive
 .text.tcp_zero_window_probe
                0x0800f8e2      0x134 ./lwip/tcp_out.o
                0x0800f8e2                tcp_zero_window_probe
 *fill*         0x0800fa16        0x2 
 .text.tcpip_tcp_timer
                0x0800fa18       0x48 ./lwip/timeouts.o
 .text.tcp_timer_needed
                0x0800fa60       0x40 ./lwip/timeouts.o
                0x0800fa60                tcp_timer_needed
 .text.sys_timeout_abs
                0x0800faa0       0xbc ./lwip/timeouts.o
 .text.lwip_cyclic_timer
                0x0800fb5c       0x64 ./lwip/timeouts.o
 .text.sys_timeouts_init
                0x0800fbc0       0x44 ./lwip/timeouts.o
                0x0800fbc0                sys_timeouts_init
 .text.sys_timeout
                0x0800fc04       0x2a ./lwip/timeouts.o
                0x0800fc04                sys_timeout
 *fill*         0x0800fc2e        0x2 
 .text.sys_check_timeouts
                0x0800fc30       0x84 ./lwip/timeouts.o
                0x0800fc30                sys_check_timeouts
 .text.udp_init
                0x0800fcb4       0x24 ./lwip/udp.o
                0x0800fcb4                udp_init
 .text.udp_input_local_match
                0x0800fcd8       0x98 ./lwip/udp.o
 .text.udp_input
                0x0800fd70      0x28c ./lwip/udp.o
                0x0800fd70                udp_input
 .text.udp_netif_ip_addr_changed
                0x0800fffc       0x60 ./lwip/udp.o
                0x0800fffc                udp_netif_ip_addr_changed
 .text.adc_enable
                0x0801005c       0x2a ./firmware/at32f403a_407_adc.o
                0x0801005c                adc_enable
 *fill*         0x08010086        0x2 
 .text.adc_combine_mode_select
                0x08010088       0x2c ./firmware/at32f403a_407_adc.o
                0x08010088                adc_combine_mode_select
 .text.adc_base_default_para_init
                0x080100b4       0x2c ./firmware/at32f403a_407_adc.o
                0x080100b4                adc_base_default_para_init
 .text.adc_base_config
                0x080100e0       0x6a ./firmware/at32f403a_407_adc.o
                0x080100e0                adc_base_config
 .text.adc_dma_mode_enable
                0x0801014a       0x2a ./firmware/at32f403a_407_adc.o
                0x0801014a                adc_dma_mode_enable
 .text.adc_interrupt_enable
                0x08010174       0x42 ./firmware/at32f403a_407_adc.o
                0x08010174                adc_interrupt_enable
 .text.adc_calibration_init
                0x080101b6       0x1e ./firmware/at32f403a_407_adc.o
                0x080101b6                adc_calibration_init
 .text.adc_calibration_init_status_get
                0x080101d4       0x28 ./firmware/at32f403a_407_adc.o
                0x080101d4                adc_calibration_init_status_get
 .text.adc_calibration_start
                0x080101fc       0x1e ./firmware/at32f403a_407_adc.o
                0x080101fc                adc_calibration_start
 .text.adc_calibration_status_get
                0x0801021a       0x28 ./firmware/at32f403a_407_adc.o
                0x0801021a                adc_calibration_status_get
 .text.adc_voltage_monitor_enable
                0x08010242       0x40 ./firmware/at32f403a_407_adc.o
                0x08010242                adc_voltage_monitor_enable
 .text.adc_voltage_monitor_threshold_value_set
                0x08010282       0x40 ./firmware/at32f403a_407_adc.o
                0x08010282                adc_voltage_monitor_threshold_value_set
 .text.adc_voltage_monitor_single_channel_select
                0x080102c2       0x2a ./firmware/at32f403a_407_adc.o
                0x080102c2                adc_voltage_monitor_single_channel_select
 .text.adc_ordinary_channel_set
                0x080102ec      0x178 ./firmware/at32f403a_407_adc.o
                0x080102ec                adc_ordinary_channel_set
 .text.adc_ordinary_conversion_trigger_set
                0x08010464       0x6e ./firmware/at32f403a_407_adc.o
                0x08010464                adc_ordinary_conversion_trigger_set
 .text.adc_ordinary_software_trigger_enable
                0x080104d2       0x2a ./firmware/at32f403a_407_adc.o
                0x080104d2                adc_ordinary_software_trigger_enable
 .text.adc_interrupt_flag_get
                0x080104fc       0xa6 ./firmware/at32f403a_407_adc.o
                0x080104fc                adc_interrupt_flag_get
 .text.adc_flag_clear
                0x080105a2       0x1e ./firmware/at32f403a_407_adc.o
                0x080105a2                adc_flag_clear
 .text.crm_reset
                0x080105c0       0x6c ./firmware/at32f403a_407_crm.o
                0x080105c0                crm_reset
 .text.crm_flag_get
                0x0801062c       0x50 ./firmware/at32f403a_407_crm.o
                0x0801062c                crm_flag_get
 .text.crm_hext_stable_wait
                0x0801067c       0x4a ./firmware/at32f403a_407_crm.o
                0x0801067c                crm_hext_stable_wait
 .text.crm_periph_clock_enable
                0x080106c6       0x7c ./firmware/at32f403a_407_crm.o
                0x080106c6                crm_periph_clock_enable
 .text.crm_periph_reset
                0x08010742       0x7c ./firmware/at32f403a_407_crm.o
                0x08010742                crm_periph_reset
 *fill*         0x080107be        0x2 
 .text.crm_clock_source_enable
                0x080107c0       0xa8 ./firmware/at32f403a_407_crm.o
                0x080107c0                crm_clock_source_enable
 .text.crm_ahb_div_set
                0x08010868       0x2c ./firmware/at32f403a_407_crm.o
                0x08010868                crm_ahb_div_set
 .text.crm_apb1_div_set
                0x08010894       0x2c ./firmware/at32f403a_407_crm.o
                0x08010894                crm_apb1_div_set
 .text.crm_apb2_div_set
                0x080108c0       0x2c ./firmware/at32f403a_407_crm.o
                0x080108c0                crm_apb2_div_set
 .text.crm_adc_clock_div_set
                0x080108ec       0x44 ./firmware/at32f403a_407_crm.o
                0x080108ec                crm_adc_clock_div_set
 .text.crm_pll_config
                0x08010930       0x9c ./firmware/at32f403a_407_crm.o
                0x08010930                crm_pll_config
 .text.crm_sysclk_switch
                0x080109cc       0x54 ./firmware/at32f403a_407_crm.o
                0x080109cc                crm_sysclk_switch
 .text.crm_sysclk_switch_status_get
                0x08010a20       0x1c ./firmware/at32f403a_407_crm.o
                0x08010a20                crm_sysclk_switch_status_get
 .text.crm_clocks_freq_get
                0x08010a3c      0x1d4 ./firmware/at32f403a_407_crm.o
                0x08010a3c                crm_clocks_freq_get
 .text.crm_clock_out_set
                0x08010c10       0x44 ./firmware/at32f403a_407_crm.o
                0x08010c10                crm_clock_out_set
 .text.crm_auto_step_mode_enable
                0x08010c54       0x38 ./firmware/at32f403a_407_crm.o
                0x08010c54                crm_auto_step_mode_enable
 .text.crm_hext_clock_div_set
                0x08010c8c       0x2c ./firmware/at32f403a_407_crm.o
                0x08010c8c                crm_hext_clock_div_set
 .text.crm_clkout_div_set
                0x08010cb8       0x2c ./firmware/at32f403a_407_crm.o
                0x08010cb8                crm_clkout_div_set
 .text.dma_reset
                0x08010ce4       0xac ./firmware/at32f403a_407_dma.o
                0x08010ce4                dma_reset
 .text.dma_channel_enable
                0x08010d90       0x2a ./firmware/at32f403a_407_dma.o
                0x08010d90                dma_channel_enable
 .text.dma_default_para_init
                0x08010dba       0x50 ./firmware/at32f403a_407_dma.o
                0x08010dba                dma_default_para_init
 .text.dma_init
                0x08010e0a       0xc4 ./firmware/at32f403a_407_dma.o
                0x08010e0a                dma_init
 *fill*         0x08010ece        0x2 
 .text.emac_reset
                0x08010ed0       0x30 ./firmware/at32f403a_407_emac.o
                0x08010ed0                emac_reset
 .text.emac_control_para_init
                0x08010f00       0x78 ./firmware/at32f403a_407_emac.o
                0x08010f00                emac_control_para_init
 .text.emac_clock_range_set
                0x08010f78       0xd4 ./firmware/at32f403a_407_emac.o
                0x08010f78                emac_clock_range_set
 .text.emac_control_config
                0x0801104c       0x7e ./firmware/at32f403a_407_emac.o
                0x0801104c                emac_control_config
 *fill*         0x080110ca        0x2 
 .text.emac_dma_software_reset_set
                0x080110cc       0x2c ./firmware/at32f403a_407_emac.o
                0x080110cc                emac_dma_software_reset_set
 .text.emac_dma_software_reset_get
                0x080110f8       0x3c ./firmware/at32f403a_407_emac.o
                0x080110f8                emac_dma_software_reset_get
 .text.emac_start
                0x08011134       0x2c ./firmware/at32f403a_407_emac.o
                0x08011134                emac_start
 .text.emac_stop
                0x08011160       0x2c ./firmware/at32f403a_407_emac.o
                0x08011160                emac_stop
 .text.emac_phy_register_write
                0x0801118c       0x9c ./firmware/at32f403a_407_emac.o
                0x0801118c                emac_phy_register_write
 .text.emac_phy_register_read
                0x08011228       0xa4 ./firmware/at32f403a_407_emac.o
                0x08011228                emac_phy_register_read
 .text.emac_receiver_enable
                0x080112cc       0x40 ./firmware/at32f403a_407_emac.o
                0x080112cc                emac_receiver_enable
 .text.emac_trasmitter_enable
                0x0801130c       0x40 ./firmware/at32f403a_407_emac.o
                0x0801130c                emac_trasmitter_enable
 .text.emac_deferral_check_set
                0x0801134c       0x2c ./firmware/at32f403a_407_emac.o
                0x0801134c                emac_deferral_check_set
 .text.emac_backoff_limit_set
                0x08011378       0x2c ./firmware/at32f403a_407_emac.o
                0x08011378                emac_backoff_limit_set
 .text.emac_auto_pad_crc_stripping_set
                0x080113a4       0x2c ./firmware/at32f403a_407_emac.o
                0x080113a4                emac_auto_pad_crc_stripping_set
 .text.emac_retry_disable
                0x080113d0       0x2c ./firmware/at32f403a_407_emac.o
                0x080113d0                emac_retry_disable
 .text.emac_ipv4_checksum_offload_set
                0x080113fc       0x2c ./firmware/at32f403a_407_emac.o
                0x080113fc                emac_ipv4_checksum_offload_set
 .text.emac_loopback_mode_enable
                0x08011428       0x2c ./firmware/at32f403a_407_emac.o
                0x08011428                emac_loopback_mode_enable
 .text.emac_receive_own_disable
                0x08011454       0x2c ./firmware/at32f403a_407_emac.o
                0x08011454                emac_receive_own_disable
 .text.emac_carrier_sense_disable
                0x08011480       0x2c ./firmware/at32f403a_407_emac.o
                0x08011480                emac_carrier_sense_disable
 .text.emac_interframe_gap_set
                0x080114ac       0x2c ./firmware/at32f403a_407_emac.o
                0x080114ac                emac_interframe_gap_set
 .text.emac_jabber_disable
                0x080114d8       0x2c ./firmware/at32f403a_407_emac.o
                0x080114d8                emac_jabber_disable
 .text.emac_watchdog_disable
                0x08011504       0x2c ./firmware/at32f403a_407_emac.o
                0x08011504                emac_watchdog_disable
 .text.emac_fast_speed_set
                0x08011530       0x2c ./firmware/at32f403a_407_emac.o
                0x08011530                emac_fast_speed_set
 .text.emac_duplex_mode_set
                0x0801155c       0x2c ./firmware/at32f403a_407_emac.o
                0x0801155c                emac_duplex_mode_set
 .text.emac_local_address_set
                0x08011588       0x60 ./firmware/at32f403a_407_emac.o
                0x08011588                emac_local_address_set
 .text.emac_dma_descriptor_list_address_set
                0x080115e8      0x114 ./firmware/at32f403a_407_emac.o
                0x080115e8                emac_dma_descriptor_list_address_set
 .text.emac_dma_rx_desc_interrupt_config
                0x080116fc       0x38 ./firmware/at32f403a_407_emac.o
                0x080116fc                emac_dma_rx_desc_interrupt_config
 .text.emac_dma_para_init
                0x08011734       0x7a ./firmware/at32f403a_407_emac.o
                0x08011734                emac_dma_para_init
 *fill*         0x080117ae        0x2 
 .text.emac_dma_config
                0x080117b0      0x16c ./firmware/at32f403a_407_emac.o
                0x080117b0                emac_dma_config
 .text.emac_dma_operations_set
                0x0801191c      0x134 ./firmware/at32f403a_407_emac.o
                0x0801191c                emac_dma_operations_set
 .text.emac_dma_interrupt_enable
                0x08011a50      0x198 ./firmware/at32f403a_407_emac.o
                0x08011a50                emac_dma_interrupt_enable
 .text.emac_delay
                0x08011be8       0x40 ./firmware/at32f403a_407_emac.o
 .text.emac_dma_flag_get
                0x08011c28       0x30 ./firmware/at32f403a_407_emac.o
                0x08011c28                emac_dma_flag_get
 .text.emac_dma_flag_clear
                0x08011c58       0x20 ./firmware/at32f403a_407_emac.o
                0x08011c58                emac_dma_flag_clear
 .text.exint_default_para_init
                0x08011c78       0x2c ./firmware/at32f403a_407_exint.o
                0x08011c78                exint_default_para_init
 .text.exint_init
                0x08011ca4       0xc8 ./firmware/at32f403a_407_exint.o
                0x08011ca4                exint_init
 .text.exint_flag_clear
                0x08011d6c       0x3c ./firmware/at32f403a_407_exint.o
                0x08011d6c                exint_flag_clear
 .text.exint_interrupt_flag_get
                0x08011da8       0x48 ./firmware/at32f403a_407_exint.o
                0x08011da8                exint_interrupt_flag_get
 .text.exint_interrupt_enable
                0x08011df0       0x40 ./firmware/at32f403a_407_exint.o
                0x08011df0                exint_interrupt_enable
 .text.gpio_init
                0x08011e30      0x138 ./firmware/at32f403a_407_gpio.o
                0x08011e30                gpio_init
 .text.gpio_default_para_init
                0x08011f68       0x34 ./firmware/at32f403a_407_gpio.o
                0x08011f68                gpio_default_para_init
 .text.gpio_input_data_bit_read
                0x08011f9c       0x36 ./firmware/at32f403a_407_gpio.o
                0x08011f9c                gpio_input_data_bit_read
 .text.gpio_bits_set
                0x08011fd2       0x1e ./firmware/at32f403a_407_gpio.o
                0x08011fd2                gpio_bits_set
 .text.gpio_bits_reset
                0x08011ff0       0x1e ./firmware/at32f403a_407_gpio.o
                0x08011ff0                gpio_bits_reset
 .text.gpio_bits_write
                0x0801200e       0x30 ./firmware/at32f403a_407_gpio.o
                0x0801200e                gpio_bits_write
 .text.gpio_pin_remap_config
                0x0801203e       0x98 ./firmware/at32f403a_407_gpio.o
                0x0801203e                gpio_pin_remap_config
 *fill*         0x080120d6        0x2 
 .text.gpio_exint_line_config
                0x080120d8       0xf8 ./firmware/at32f403a_407_gpio.o
                0x080120d8                gpio_exint_line_config
 .text.__NVIC_SetPriorityGrouping
                0x080121d0       0x48 ./firmware/at32f403a_407_misc.o
 .text.__NVIC_GetPriorityGrouping
                0x08012218       0x1c ./firmware/at32f403a_407_misc.o
 .text.__NVIC_EnableIRQ
                0x08012234       0x3c ./firmware/at32f403a_407_misc.o
 .text.__NVIC_DisableIRQ
                0x08012270       0x48 ./firmware/at32f403a_407_misc.o
 .text.__NVIC_SetPriority
                0x080122b8       0x54 ./firmware/at32f403a_407_misc.o
 .text.NVIC_EncodePriority
                0x0801230c       0x66 ./firmware/at32f403a_407_misc.o
 .text.nvic_irq_enable
                0x08012372       0x42 ./firmware/at32f403a_407_misc.o
                0x08012372                nvic_irq_enable
 .text.nvic_irq_disable
                0x080123b4       0x1c ./firmware/at32f403a_407_misc.o
                0x080123b4                nvic_irq_disable
 .text.nvic_priority_group_config
                0x080123d0       0x1a ./firmware/at32f403a_407_misc.o
                0x080123d0                nvic_priority_group_config
 *fill*         0x080123ea        0x2 
 .text.systick_clock_source_config
                0x080123ec       0x3c ./firmware/at32f403a_407_misc.o
                0x080123ec                systick_clock_source_config
 .text.spi_default_para_init
                0x08012428       0x44 ./firmware/at32f403a_407_spi.o
                0x08012428                spi_default_para_init
 .text.spi_init
                0x0801246c      0x1a2 ./firmware/at32f403a_407_spi.o
                0x0801246c                spi_init
 .text.spi_enable
                0x0801260e       0x2a ./firmware/at32f403a_407_spi.o
                0x0801260e                spi_enable
 .text.spi_i2s_dma_transmitter_enable
                0x08012638       0x2a ./firmware/at32f403a_407_spi.o
                0x08012638                spi_i2s_dma_transmitter_enable
 .text.spi_i2s_dma_receiver_enable
                0x08012662       0x2a ./firmware/at32f403a_407_spi.o
                0x08012662                spi_i2s_dma_receiver_enable
 .text.spi_i2s_data_transmit
                0x0801268c       0x1e ./firmware/at32f403a_407_spi.o
                0x0801268c                spi_i2s_data_transmit
 .text.spi_i2s_data_receive
                0x080126aa       0x1a ./firmware/at32f403a_407_spi.o
                0x080126aa                spi_i2s_data_receive
 .text.spi_i2s_flag_get
                0x080126c4       0x32 ./firmware/at32f403a_407_spi.o
                0x080126c4                spi_i2s_flag_get
 .text.tmr_counter_enable
                0x080126f6       0x2a ./firmware/at32f403a_407_tmr.o
                0x080126f6                tmr_counter_enable
 .text.tmr_output_default_para_init
                0x08012720       0x3e ./firmware/at32f403a_407_tmr.o
                0x08012720                tmr_output_default_para_init
 .text.tmr_base_init
                0x0801275e       0x2e ./firmware/at32f403a_407_tmr.o
                0x0801275e                tmr_base_init
 .text.tmr_cnt_dir_set
                0x0801278c       0x2a ./firmware/at32f403a_407_tmr.o
                0x0801278c                tmr_cnt_dir_set
 *fill*         0x080127b6        0x2 
 .text.tmr_output_channel_config
                0x080127b8      0x204 ./firmware/at32f403a_407_tmr.o
                0x080127b8                tmr_output_channel_config
 .text.tmr_channel_value_set
                0x080129bc       0x6c ./firmware/at32f403a_407_tmr.o
                0x080129bc                tmr_channel_value_set
 .text.tmr_period_buffer_enable
                0x08012a28       0x2a ./firmware/at32f403a_407_tmr.o
                0x08012a28                tmr_period_buffer_enable
 *fill*         0x08012a52        0x2 
 .text.tmr_output_channel_buffer_enable
                0x08012a54       0x9c ./firmware/at32f403a_407_tmr.o
                0x08012a54                tmr_output_channel_buffer_enable
 .text.tmr_interrupt_enable
                0x08012af0       0x42 ./firmware/at32f403a_407_tmr.o
                0x08012af0                tmr_interrupt_enable
 .text.tmr_interrupt_flag_get
                0x08012b32       0x3e ./firmware/at32f403a_407_tmr.o
                0x08012b32                tmr_interrupt_flag_get
 .text.tmr_flag_clear
                0x08012b70       0x1e ./firmware/at32f403a_407_tmr.o
                0x08012b70                tmr_flag_clear
 *fill*         0x08012b8e        0x2 
 .text.usart_init
                0x08012b90       0xe0 ./firmware/at32f403a_407_usart.o
                0x08012b90                usart_init
 .text.usart_enable
                0x08012c70       0x2a ./firmware/at32f403a_407_usart.o
                0x08012c70                usart_enable
 .text.usart_transmitter_enable
                0x08012c9a       0x2a ./firmware/at32f403a_407_usart.o
                0x08012c9a                usart_transmitter_enable
 .text.usart_data_transmit
                0x08012cc4       0x22 ./firmware/at32f403a_407_usart.o
                0x08012cc4                usart_data_transmit
 .text.usart_flag_get
                0x08012ce6       0x28 ./firmware/at32f403a_407_usart.o
                0x08012ce6                usart_flag_get
 *fill*         0x08012d0e        0x2 
 .text.SystemInit
                0x08012d10       0x88 ./cmsis/system_at32f403a_407.o
                0x08012d10                SystemInit
 .text.system_core_clock_update
                0x08012d98      0x150 ./cmsis/system_at32f403a_407.o
                0x08012d98                system_core_clock_update
 .text._write   0x08012ee8       0x60 ./bsp/at32f403a_407_board.o
                0x08012ee8                _write
 .text.uart_print_init
                0x08012f48       0x8c ./bsp/at32f403a_407_board.o
                0x08012f48                uart_print_init
 .text.custom_uart_print_init
                0x08012fd4       0x88 ./bsp/at32f403a_407_board.o
                0x08012fd4                custom_uart_print_init
 .text.at32_board_init
                0x0801305c       0x60 ./bsp/at32f403a_407_board.o
                0x0801305c                at32_board_init
 .text.at32_button_init
                0x080130bc       0x48 ./bsp/at32f403a_407_board.o
                0x080130bc                at32_button_init
 .text.at32_start_button_init
                0x08013104       0x48 ./bsp/at32f403a_407_board.o
                0x08013104                at32_start_button_init
 .text.at32_emergency_button_init
                0x0801314c       0x48 ./bsp/at32f403a_407_board.o
                0x0801314c                at32_emergency_button_init
 .text.at32_button_state
                0x08013194       0x18 ./bsp/at32f403a_407_board.o
                0x08013194                at32_button_state
 .text.at32_emergency_button_state
                0x080131ac       0x18 ./bsp/at32f403a_407_board.o
                0x080131ac                at32_emergency_button_state
 .text.user_delay_ms
                0x080131c4       0x42 ./bsp/at32f403a_407_board.o
                0x080131c4                user_delay_ms
 *fill*         0x08013206        0x2 
 .text.at32_button_press
                0x08013208       0x54 ./bsp/at32f403a_407_board.o
                0x08013208                at32_button_press
 .text.at32_emergency_button_press
                0x0801325c       0x54 ./bsp/at32f403a_407_board.o
                0x0801325c                at32_emergency_button_press
 .text.at32_led_init
                0x080132b0       0x68 ./bsp/at32f403a_407_board.o
                0x080132b0                at32_led_init
 .text.at32_led_on
                0x08013318       0x48 ./bsp/at32f403a_407_board.o
                0x08013318                at32_led_on
 .text.at32_led_off
                0x08013360       0x48 ./bsp/at32f403a_407_board.o
                0x08013360                at32_led_off
 .text.at32_led_toggle
                0x080133a8       0x54 ./bsp/at32f403a_407_board.o
                0x080133a8                at32_led_toggle
 .text.delay_init
                0x080133fc       0x40 ./bsp/at32f403a_407_board.o
                0x080133fc                delay_init
 .text.delay_us
                0x0801343c       0x6c ./bsp/at32f403a_407_board.o
                0x0801343c                delay_us
 .text.delay_ms
                0x080134a8       0x98 ./bsp/at32f403a_407_board.o
                0x080134a8                delay_ms
 .text.Reset_Handler
                0x08013540       0x48 ./startup_at32f403a_407.o
                0x08013540                Reset_Handler
 .text.Default_Handler
                0x08013588        0x2 ./startup_at32f403a_407.o
                0x08013588                SDIO1_IRQHandler
                0x08013588                XMC_IRQHandler
                0x08013588                EXINT2_IRQHandler
                0x08013588                USBFS_L_CAN1_RX0_IRQHandler
                0x08013588                UART8_IRQHandler
                0x08013588                SPI4_IRQHandler
                0x08013588                I2C2_EVT_IRQHandler
                0x08013588                TMR1_OVF_TMR10_IRQHandler
                0x08013588                TMR8_TRG_HALL_TMR14_IRQHandler
                0x08013588                USBFS_H_CAN1_TX_IRQHandler
                0x08013588                I2C1_ERR_IRQHandler
                0x08013588                EXINT9_5_IRQHandler
                0x08013588                EMAC_IRQHandler
                0x08013588                CAN2_RX1_IRQHandler
                0x08013588                TMR5_GLOBAL_IRQHandler
                0x08013588                SDIO2_IRQHandler
                0x08013588                SPI1_IRQHandler
                0x08013588                TAMPER_IRQHandler
                0x08013588                CAN2_RX0_IRQHandler
                0x08013588                DMA2_Channel2_IRQHandler
                0x08013588                DMA1_Channel4_IRQHandler
                0x08013588                TMR8_CH_IRQHandler
                0x08013588                USART6_IRQHandler
                0x08013588                USART3_IRQHandler
                0x08013588                RTC_IRQHandler
                0x08013588                DMA1_Channel7_IRQHandler
                0x08013588                CAN1_RX1_IRQHandler
                0x08013588                UART5_IRQHandler
                0x08013588                ADC3_IRQHandler
                0x08013588                ACC_IRQHandler
                0x08013588                EMAC_WKUP_IRQHandler
                0x08013588                DMA2_Channel1_IRQHandler
                0x08013588                DMA1_Channel6_IRQHandler
                0x08013588                UART4_IRQHandler
                0x08013588                DMA1_Channel1_IRQHandler
                0x08013588                Default_Handler
                0x08013588                USBFS_MAPH_IRQHandler
                0x08013588                TMR3_GLOBAL_IRQHandler
                0x08013588                TMR7_GLOBAL_IRQHandler
                0x08013588                CAN1_SE_IRQHandler
                0x08013588                CAN2_TX_IRQHandler
                0x08013588                I2C3_ERR_IRQHandler
                0x08013588                SPI3_I2S3EXT_IRQHandler
                0x08013588                TMR1_BRK_TMR9_IRQHandler
                0x08013588                USBFS_MAPL_IRQHandler
                0x08013588                TMR8_BRK_TMR12_IRQHandler
                0x08013588                TMR1_TRG_HALL_TMR11_IRQHandler
                0x08013588                DMA1_Channel5_IRQHandler
                0x08013588                TMR4_GLOBAL_IRQHandler
                0x08013588                EXINT4_IRQHandler
                0x08013588                CAN2_SE_IRQHandler
                0x08013588                DMA2_Channel6_7_IRQHandler
                0x08013588                PVM_IRQHandler
                0x08013588                I2C3_EVT_IRQHandler
                0x08013588                DMA1_Channel3_IRQHandler
                0x08013588                I2C1_EVT_IRQHandler
                0x08013588                TMR8_OVF_TMR13_IRQHandler
                0x08013588                RTCAlarm_IRQHandler
                0x08013588                DMA2_Channel4_5_IRQHandler
                0x08013588                UART7_IRQHandler
                0x08013588                USART2_IRQHandler
                0x08013588                DMA1_Channel2_IRQHandler
                0x08013588                TMR2_GLOBAL_IRQHandler
                0x08013588                FLASH_IRQHandler
                0x08013588                SPI2_I2S2EXT_IRQHandler
                0x08013588                I2C2_ERR_IRQHandler
                0x08013588                USBFSWakeUp_IRQHandler
                0x08013588                USART1_IRQHandler
                0x08013588                TMR1_CH_IRQHandler
                0x08013588                CRM_IRQHandler
                0x08013588                EXINT15_10_IRQHandler
                0x08013588                WWDT_IRQHandler
                0x08013588                DMA2_Channel3_IRQHandler
 *fill*         0x0801358a        0x2 
 .text.__libc_init_array
                0x0801358c       0x48 c:/at32ide/platform/tools/gcc-arm-none-eabi-10.3-2021.10/bin/../lib/gcc/arm-none-eabi/10.3.1/../../../../arm-none-eabi/lib/thumb/v7e-m+fp/hard\libg_nano.a(lib_a-init.o)
                0x0801358c                __libc_init_array
 .text.memcmp   0x080135d4       0x20 c:/at32ide/platform/tools/gcc-arm-none-eabi-10.3-2021.10/bin/../lib/gcc/arm-none-eabi/10.3.1/../../../../arm-none-eabi/lib/thumb/v7e-m+fp/hard\libg_nano.a(lib_a-memcmp.o)
                0x080135d4                memcmp
 .text.memcpy   0x080135f4       0x1c c:/at32ide/platform/tools/gcc-arm-none-eabi-10.3-2021.10/bin/../lib/gcc/arm-none-eabi/10.3.1/../../../../arm-none-eabi/lib/thumb/v7e-m+fp/hard\libg_nano.a(lib_a-memcpy-stub.o)
                0x080135f4                memcpy
 .text.memmove  0x08013610       0x34 c:/at32ide/platform/tools/gcc-arm-none-eabi-10.3-2021.10/bin/../lib/gcc/arm-none-eabi/10.3.1/../../../../arm-none-eabi/lib/thumb/v7e-m+fp/hard\libg_nano.a(lib_a-memmove.o)
                0x08013610                memmove
 .text.memset   0x08013644       0x10 c:/at32ide/platform/tools/gcc-arm-none-eabi-10.3-2021.10/bin/../lib/gcc/arm-none-eabi/10.3.1/../../../../arm-none-eabi/lib/thumb/v7e-m+fp/hard\libg_nano.a(lib_a-memset.o)
                0x08013644                memset
 .text.__cvt    0x08013654       0xc4 c:/at32ide/platform/tools/gcc-arm-none-eabi-10.3-2021.10/bin/../lib/gcc/arm-none-eabi/10.3.1/../../../../arm-none-eabi/lib/thumb/v7e-m+fp/hard\libg_nano.a(lib_a-nano-vfprintf_float.o)
                0x08013654                __cvt
 .text.__exponent
                0x08013718       0x7c c:/at32ide/platform/tools/gcc-arm-none-eabi-10.3-2021.10/bin/../lib/gcc/arm-none-eabi/10.3.1/../../../../arm-none-eabi/lib/thumb/v7e-m+fp/hard\libg_nano.a(lib_a-nano-vfprintf_float.o)
                0x08013718                __exponent
 .text._printf_float
                0x08013794      0x46c c:/at32ide/platform/tools/gcc-arm-none-eabi-10.3-2021.10/bin/../lib/gcc/arm-none-eabi/10.3.1/../../../../arm-none-eabi/lib/thumb/v7e-m+fp/hard\libg_nano.a(lib_a-nano-vfprintf_float.o)
                0x08013794                _printf_float
 .text._printf_common
                0x08013c00       0xda c:/at32ide/platform/tools/gcc-arm-none-eabi-10.3-2021.10/bin/../lib/gcc/arm-none-eabi/10.3.1/../../../../arm-none-eabi/lib/thumb/v7e-m+fp/hard\libg_nano.a(lib_a-nano-vfprintf_i.o)
                0x08013c00                _printf_common
 *fill*         0x08013cda        0x2 
 .text._printf_i
                0x08013cdc      0x24c c:/at32ide/platform/tools/gcc-arm-none-eabi-10.3-2021.10/bin/../lib/gcc/arm-none-eabi/10.3.1/../../../../arm-none-eabi/lib/thumb/v7e-m+fp/hard\libg_nano.a(lib_a-nano-vfprintf_i.o)
                0x08013cdc                _printf_i
 .text._scanf_float
                0x08013f28      0x420 c:/at32ide/platform/tools/gcc-arm-none-eabi-10.3-2021.10/bin/../lib/gcc/arm-none-eabi/10.3.1/../../../../arm-none-eabi/lib/thumb/v7e-m+fp/hard\libg_nano.a(lib_a-nano-vfscanf_float.o)
                0x08013f28                _scanf_float
 .text.printf   0x08014348       0x30 c:/at32ide/platform/tools/gcc-arm-none-eabi-10.3-2021.10/bin/../lib/gcc/arm-none-eabi/10.3.1/../../../../arm-none-eabi/lib/thumb/v7e-m+fp/hard\libg_nano.a(lib_a-printf.o)
                0x08014348                iprintf
                0x08014348                printf
 .text._puts_r  0x08014378       0xdc c:/at32ide/platform/tools/gcc-arm-none-eabi-10.3-2021.10/bin/../lib/gcc/arm-none-eabi/10.3.1/../../../../arm-none-eabi/lib/thumb/v7e-m+fp/hard\libg_nano.a(lib_a-puts.o)
                0x08014378                _puts_r
 .text.puts     0x08014454       0x10 c:/at32ide/platform/tools/gcc-arm-none-eabi-10.3-2021.10/bin/../lib/gcc/arm-none-eabi/10.3.1/../../../../arm-none-eabi/lib/thumb/v7e-m+fp/hard\libg_nano.a(lib_a-puts.o)
                0x08014454                puts
 .text.rand     0x08014464       0x7c c:/at32ide/platform/tools/gcc-arm-none-eabi-10.3-2021.10/bin/../lib/gcc/arm-none-eabi/10.3.1/../../../../arm-none-eabi/lib/thumb/v7e-m+fp/hard\libg_nano.a(lib_a-rand.o)
                0x08014464                rand
 .text.setvbuf  0x080144e0      0x18c c:/at32ide/platform/tools/gcc-arm-none-eabi-10.3-2021.10/bin/../lib/gcc/arm-none-eabi/10.3.1/../../../../arm-none-eabi/lib/thumb/v7e-m+fp/hard\libg_nano.a(lib_a-setvbuf.o)
                0x080144e0                setvbuf
 .text.nanf     0x0801466c        0xc c:/at32ide/platform/tools/gcc-arm-none-eabi-10.3-2021.10/bin/../lib/gcc/arm-none-eabi/10.3.1/../../../../arm-none-eabi/lib/thumb/v7e-m+fp/hard\libg_nano.a(lib_a-sf_nan.o)
                0x0801466c                nanf
 .text.sprintf  0x08014678       0x40 c:/at32ide/platform/tools/gcc-arm-none-eabi-10.3-2021.10/bin/../lib/gcc/arm-none-eabi/10.3.1/../../../../arm-none-eabi/lib/thumb/v7e-m+fp/hard\libg_nano.a(lib_a-sprintf.o)
                0x08014678                siprintf
                0x08014678                sprintf
 .text.strncmp  0x080146b8       0x28 c:/at32ide/platform/tools/gcc-arm-none-eabi-10.3-2021.10/bin/../lib/gcc/arm-none-eabi/10.3.1/../../../../arm-none-eabi/lib/thumb/v7e-m+fp/hard\libg_nano.a(lib_a-strncmp.o)
                0x080146b8                strncmp
 .text.sulp     0x080146e0       0x38 c:/at32ide/platform/tools/gcc-arm-none-eabi-10.3-2021.10/bin/../lib/gcc/arm-none-eabi/10.3.1/../../../../arm-none-eabi/lib/thumb/v7e-m+fp/hard\libg_nano.a(lib_a-strtod.o)
 .text._strtod_l
                0x08014718      0xc0c c:/at32ide/platform/tools/gcc-arm-none-eabi-10.3-2021.10/bin/../lib/gcc/arm-none-eabi/10.3.1/../../../../arm-none-eabi/lib/thumb/v7e-m+fp/hard\libg_nano.a(lib_a-strtod.o)
                0x08014718                _strtod_l
 .text._strtod_r
                0x08015324        0xc c:/at32ide/platform/tools/gcc-arm-none-eabi-10.3-2021.10/bin/../lib/gcc/arm-none-eabi/10.3.1/../../../../arm-none-eabi/lib/thumb/v7e-m+fp/hard\libg_nano.a(lib_a-strtod.o)
                0x08015324                _strtod_r
 .text._strtol_l.constprop.0
                0x08015330      0x104 c:/at32ide/platform/tools/gcc-arm-none-eabi-10.3-2021.10/bin/../lib/gcc/arm-none-eabi/10.3.1/../../../../arm-none-eabi/lib/thumb/v7e-m+fp/hard\libg_nano.a(lib_a-strtol.o)
 .text._strtol_r
                0x08015434        0x4 c:/at32ide/platform/tools/gcc-arm-none-eabi-10.3-2021.10/bin/../lib/gcc/arm-none-eabi/10.3.1/../../../../arm-none-eabi/lib/thumb/v7e-m+fp/hard\libg_nano.a(lib_a-strtol.o)
                0x08015434                _strtol_r
 .text.__swbuf_r
                0x08015438       0xa4 c:/at32ide/platform/tools/gcc-arm-none-eabi-10.3-2021.10/bin/../lib/gcc/arm-none-eabi/10.3.1/../../../../arm-none-eabi/lib/thumb/v7e-m+fp/hard\libg_nano.a(lib_a-wbuf.o)
                0x08015438                __swbuf_r
 .text.__swsetup_r
                0x080154dc       0xdc c:/at32ide/platform/tools/gcc-arm-none-eabi-10.3-2021.10/bin/../lib/gcc/arm-none-eabi/10.3.1/../../../../arm-none-eabi/lib/thumb/v7e-m+fp/hard\libg_nano.a(lib_a-wsetup.o)
                0x080154dc                __swsetup_r
 .text.__assert_func
                0x080155b8       0x3c c:/at32ide/platform/tools/gcc-arm-none-eabi-10.3-2021.10/bin/../lib/gcc/arm-none-eabi/10.3.1/../../../../arm-none-eabi/lib/thumb/v7e-m+fp/hard\libg_nano.a(lib_a-assert.o)
                0x080155b8                __assert_func
 .text.quorem   0x080155f4      0x116 c:/at32ide/platform/tools/gcc-arm-none-eabi-10.3-2021.10/bin/../lib/gcc/arm-none-eabi/10.3.1/../../../../arm-none-eabi/lib/thumb/v7e-m+fp/hard\libg_nano.a(lib_a-dtoa.o)
 *fill*         0x0801570a        0x6 
 .text._dtoa_r  0x08015710      0xbdc c:/at32ide/platform/tools/gcc-arm-none-eabi-10.3-2021.10/bin/../lib/gcc/arm-none-eabi/10.3.1/../../../../arm-none-eabi/lib/thumb/v7e-m+fp/hard\libg_nano.a(lib_a-dtoa.o)
                0x08015710                _dtoa_r
 .text.__errno  0x080162ec        0xc c:/at32ide/platform/tools/gcc-arm-none-eabi-10.3-2021.10/bin/../lib/gcc/arm-none-eabi/10.3.1/../../../../arm-none-eabi/lib/thumb/v7e-m+fp/hard\libg_nano.a(lib_a-errno.o)
                0x080162ec                __errno
 .text.__sflush_r
                0x080162f8      0x10c c:/at32ide/platform/tools/gcc-arm-none-eabi-10.3-2021.10/bin/../lib/gcc/arm-none-eabi/10.3.1/../../../../arm-none-eabi/lib/thumb/v7e-m+fp/hard\libg_nano.a(lib_a-fflush.o)
                0x080162f8                __sflush_r
 .text._fflush_r
                0x08016404       0x78 c:/at32ide/platform/tools/gcc-arm-none-eabi-10.3-2021.10/bin/../lib/gcc/arm-none-eabi/10.3.1/../../../../arm-none-eabi/lib/thumb/v7e-m+fp/hard\libg_nano.a(lib_a-fflush.o)
                0x08016404                _fflush_r
 .text.std      0x0801647c       0x48 c:/at32ide/platform/tools/gcc-arm-none-eabi-10.3-2021.10/bin/../lib/gcc/arm-none-eabi/10.3.1/../../../../arm-none-eabi/lib/thumb/v7e-m+fp/hard\libg_nano.a(lib_a-findfp.o)
 .text._cleanup_r
                0x080164c4        0xc c:/at32ide/platform/tools/gcc-arm-none-eabi-10.3-2021.10/bin/../lib/gcc/arm-none-eabi/10.3.1/../../../../arm-none-eabi/lib/thumb/v7e-m+fp/hard\libg_nano.a(lib_a-findfp.o)
                0x080164c4                _cleanup_r
 .text.__sfmoreglue
                0x080164d0       0x2c c:/at32ide/platform/tools/gcc-arm-none-eabi-10.3-2021.10/bin/../lib/gcc/arm-none-eabi/10.3.1/../../../../arm-none-eabi/lib/thumb/v7e-m+fp/hard\libg_nano.a(lib_a-findfp.o)
                0x080164d0                __sfmoreglue
 .text.__sfp_lock_acquire
                0x080164fc        0xc c:/at32ide/platform/tools/gcc-arm-none-eabi-10.3-2021.10/bin/../lib/gcc/arm-none-eabi/10.3.1/../../../../arm-none-eabi/lib/thumb/v7e-m+fp/hard\libg_nano.a(lib_a-findfp.o)
                0x080164fc                __sfp_lock_acquire
 .text.__sfp_lock_release
                0x08016508        0xc c:/at32ide/platform/tools/gcc-arm-none-eabi-10.3-2021.10/bin/../lib/gcc/arm-none-eabi/10.3.1/../../../../arm-none-eabi/lib/thumb/v7e-m+fp/hard\libg_nano.a(lib_a-findfp.o)
                0x08016508                __sfp_lock_release
 .text.__sinit_lock_acquire
                0x08016514        0xc c:/at32ide/platform/tools/gcc-arm-none-eabi-10.3-2021.10/bin/../lib/gcc/arm-none-eabi/10.3.1/../../../../arm-none-eabi/lib/thumb/v7e-m+fp/hard\libg_nano.a(lib_a-findfp.o)
                0x08016514                __sinit_lock_acquire
 .text.__sinit_lock_release
                0x08016520        0xc c:/at32ide/platform/tools/gcc-arm-none-eabi-10.3-2021.10/bin/../lib/gcc/arm-none-eabi/10.3.1/../../../../arm-none-eabi/lib/thumb/v7e-m+fp/hard\libg_nano.a(lib_a-findfp.o)
                0x08016520                __sinit_lock_release
 .text.__sinit  0x0801652c       0x70 c:/at32ide/platform/tools/gcc-arm-none-eabi-10.3-2021.10/bin/../lib/gcc/arm-none-eabi/10.3.1/../../../../arm-none-eabi/lib/thumb/v7e-m+fp/hard\libg_nano.a(lib_a-findfp.o)
                0x0801652c                __sinit
 .text.__sfp    0x0801659c       0x8c c:/at32ide/platform/tools/gcc-arm-none-eabi-10.3-2021.10/bin/../lib/gcc/arm-none-eabi/10.3.1/../../../../arm-none-eabi/lib/thumb/v7e-m+fp/hard\libg_nano.a(lib_a-findfp.o)
                0x0801659c                __sfp
 .text.fprintf  0x08016628       0x24 c:/at32ide/platform/tools/gcc-arm-none-eabi-10.3-2021.10/bin/../lib/gcc/arm-none-eabi/10.3.1/../../../../arm-none-eabi/lib/thumb/v7e-m+fp/hard\libg_nano.a(lib_a-fprintf.o)
                0x08016628                fiprintf
                0x08016628                fprintf
 .text._fwalk_reent
                0x0801664c       0x3e c:/at32ide/platform/tools/gcc-arm-none-eabi-10.3-2021.10/bin/../lib/gcc/arm-none-eabi/10.3.1/../../../../arm-none-eabi/lib/thumb/v7e-m+fp/hard\libg_nano.a(lib_a-fwalk.o)
                0x0801664c                _fwalk_reent
 .text.rshift   0x0801668a       0xa4 c:/at32ide/platform/tools/gcc-arm-none-eabi-10.3-2021.10/bin/../lib/gcc/arm-none-eabi/10.3.1/../../../../arm-none-eabi/lib/thumb/v7e-m+fp/hard\libg_nano.a(lib_a-gdtoa-gethex.o)
 .text.__hexdig_fun
                0x0801672e       0x2a c:/at32ide/platform/tools/gcc-arm-none-eabi-10.3-2021.10/bin/../lib/gcc/arm-none-eabi/10.3.1/../../../../arm-none-eabi/lib/thumb/v7e-m+fp/hard\libg_nano.a(lib_a-gdtoa-gethex.o)
                0x0801672e                __hexdig_fun
 .text.__gethex
                0x08016758      0x48c c:/at32ide/platform/tools/gcc-arm-none-eabi-10.3-2021.10/bin/../lib/gcc/arm-none-eabi/10.3.1/../../../../arm-none-eabi/lib/thumb/v7e-m+fp/hard\libg_nano.a(lib_a-gdtoa-gethex.o)
                0x08016758                __gethex
 .text.L_shift  0x08016be4       0x24 c:/at32ide/platform/tools/gcc-arm-none-eabi-10.3-2021.10/bin/../lib/gcc/arm-none-eabi/10.3.1/../../../../arm-none-eabi/lib/thumb/v7e-m+fp/hard\libg_nano.a(lib_a-gdtoa-hexnan.o)
 .text.__match  0x08016c08       0x28 c:/at32ide/platform/tools/gcc-arm-none-eabi-10.3-2021.10/bin/../lib/gcc/arm-none-eabi/10.3.1/../../../../arm-none-eabi/lib/thumb/v7e-m+fp/hard\libg_nano.a(lib_a-gdtoa-hexnan.o)
                0x08016c08                __match
 .text.__hexnan
                0x08016c30      0x138 c:/at32ide/platform/tools/gcc-arm-none-eabi-10.3-2021.10/bin/../lib/gcc/arm-none-eabi/10.3.1/../../../../arm-none-eabi/lib/thumb/v7e-m+fp/hard\libg_nano.a(lib_a-gdtoa-hexnan.o)
                0x08016c30                __hexnan
 .text._localeconv_r
                0x08016d68        0x8 c:/at32ide/platform/tools/gcc-arm-none-eabi-10.3-2021.10/bin/../lib/gcc/arm-none-eabi/10.3.1/../../../../arm-none-eabi/lib/thumb/v7e-m+fp/hard\libg_nano.a(lib_a-localeconv.o)
                0x08016d68                _localeconv_r
 .text.__retarget_lock_init_recursive
                0x08016d70        0x2 c:/at32ide/platform/tools/gcc-arm-none-eabi-10.3-2021.10/bin/../lib/gcc/arm-none-eabi/10.3.1/../../../../arm-none-eabi/lib/thumb/v7e-m+fp/hard\libg_nano.a(lib_a-lock.o)
                0x08016d70                __retarget_lock_init_recursive
 .text.__retarget_lock_acquire_recursive
                0x08016d72        0x2 c:/at32ide/platform/tools/gcc-arm-none-eabi-10.3-2021.10/bin/../lib/gcc/arm-none-eabi/10.3.1/../../../../arm-none-eabi/lib/thumb/v7e-m+fp/hard\libg_nano.a(lib_a-lock.o)
                0x08016d72                __retarget_lock_acquire_recursive
 .text.__retarget_lock_release_recursive
                0x08016d74        0x2 c:/at32ide/platform/tools/gcc-arm-none-eabi-10.3-2021.10/bin/../lib/gcc/arm-none-eabi/10.3.1/../../../../arm-none-eabi/lib/thumb/v7e-m+fp/hard\libg_nano.a(lib_a-lock.o)
                0x08016d74                __retarget_lock_release_recursive
 .text.__swhatbuf_r
                0x08016d76       0x4a c:/at32ide/platform/tools/gcc-arm-none-eabi-10.3-2021.10/bin/../lib/gcc/arm-none-eabi/10.3.1/../../../../arm-none-eabi/lib/thumb/v7e-m+fp/hard\libg_nano.a(lib_a-makebuf.o)
                0x08016d76                __swhatbuf_r
 .text.__smakebuf_r
                0x08016dc0       0x80 c:/at32ide/platform/tools/gcc-arm-none-eabi-10.3-2021.10/bin/../lib/gcc/arm-none-eabi/10.3.1/../../../../arm-none-eabi/lib/thumb/v7e-m+fp/hard\libg_nano.a(lib_a-makebuf.o)
                0x08016dc0                __smakebuf_r
 .text.malloc   0x08016e40       0x10 c:/at32ide/platform/tools/gcc-arm-none-eabi-10.3-2021.10/bin/../lib/gcc/arm-none-eabi/10.3.1/../../../../arm-none-eabi/lib/thumb/v7e-m+fp/hard\libg_nano.a(lib_a-malloc.o)
                0x08016e40                malloc
 .text.__ascii_mbtowc
                0x08016e50       0x24 c:/at32ide/platform/tools/gcc-arm-none-eabi-10.3-2021.10/bin/../lib/gcc/arm-none-eabi/10.3.1/../../../../arm-none-eabi/lib/thumb/v7e-m+fp/hard\libg_nano.a(lib_a-mbtowc_r.o)
                0x08016e50                __ascii_mbtowc
 .text._Balloc  0x08016e74       0x80 c:/at32ide/platform/tools/gcc-arm-none-eabi-10.3-2021.10/bin/../lib/gcc/arm-none-eabi/10.3.1/../../../../arm-none-eabi/lib/thumb/v7e-m+fp/hard\libg_nano.a(lib_a-mprec.o)
                0x08016e74                _Balloc
 .text._Bfree   0x08016ef4       0x44 c:/at32ide/platform/tools/gcc-arm-none-eabi-10.3-2021.10/bin/../lib/gcc/arm-none-eabi/10.3.1/../../../../arm-none-eabi/lib/thumb/v7e-m+fp/hard\libg_nano.a(lib_a-mprec.o)
                0x08016ef4                _Bfree
 .text.__multadd
                0x08016f38       0x8c c:/at32ide/platform/tools/gcc-arm-none-eabi-10.3-2021.10/bin/../lib/gcc/arm-none-eabi/10.3.1/../../../../arm-none-eabi/lib/thumb/v7e-m+fp/hard\libg_nano.a(lib_a-mprec.o)
                0x08016f38                __multadd
 .text.__s2b    0x08016fc4       0x94 c:/at32ide/platform/tools/gcc-arm-none-eabi-10.3-2021.10/bin/../lib/gcc/arm-none-eabi/10.3.1/../../../../arm-none-eabi/lib/thumb/v7e-m+fp/hard\libg_nano.a(lib_a-mprec.o)
                0x08016fc4                __s2b
 .text.__hi0bits
                0x08017058       0x40 c:/at32ide/platform/tools/gcc-arm-none-eabi-10.3-2021.10/bin/../lib/gcc/arm-none-eabi/10.3.1/../../../../arm-none-eabi/lib/thumb/v7e-m+fp/hard\libg_nano.a(lib_a-mprec.o)
                0x08017058                __hi0bits
 .text.__lo0bits
                0x08017098       0x5e c:/at32ide/platform/tools/gcc-arm-none-eabi-10.3-2021.10/bin/../lib/gcc/arm-none-eabi/10.3.1/../../../../arm-none-eabi/lib/thumb/v7e-m+fp/hard\libg_nano.a(lib_a-mprec.o)
                0x08017098                __lo0bits
 *fill*         0x080170f6        0x2 
 .text.__i2b    0x080170f8       0x2c c:/at32ide/platform/tools/gcc-arm-none-eabi-10.3-2021.10/bin/../lib/gcc/arm-none-eabi/10.3.1/../../../../arm-none-eabi/lib/thumb/v7e-m+fp/hard\libg_nano.a(lib_a-mprec.o)
                0x080170f8                __i2b
 .text.__multiply
                0x08017124      0x154 c:/at32ide/platform/tools/gcc-arm-none-eabi-10.3-2021.10/bin/../lib/gcc/arm-none-eabi/10.3.1/../../../../arm-none-eabi/lib/thumb/v7e-m+fp/hard\libg_nano.a(lib_a-mprec.o)
                0x08017124                __multiply
 .text.__pow5mult
                0x08017278       0xb4 c:/at32ide/platform/tools/gcc-arm-none-eabi-10.3-2021.10/bin/../lib/gcc/arm-none-eabi/10.3.1/../../../../arm-none-eabi/lib/thumb/v7e-m+fp/hard\libg_nano.a(lib_a-mprec.o)
                0x08017278                __pow5mult
 .text.__lshift
                0x0801732c       0xe0 c:/at32ide/platform/tools/gcc-arm-none-eabi-10.3-2021.10/bin/../lib/gcc/arm-none-eabi/10.3.1/../../../../arm-none-eabi/lib/thumb/v7e-m+fp/hard\libg_nano.a(lib_a-mprec.o)
                0x0801732c                __lshift
 .text.__mcmp   0x0801740c       0x38 c:/at32ide/platform/tools/gcc-arm-none-eabi-10.3-2021.10/bin/../lib/gcc/arm-none-eabi/10.3.1/../../../../arm-none-eabi/lib/thumb/v7e-m+fp/hard\libg_nano.a(lib_a-mprec.o)
                0x0801740c                __mcmp
 .text.__mdiff  0x08017444      0x114 c:/at32ide/platform/tools/gcc-arm-none-eabi-10.3-2021.10/bin/../lib/gcc/arm-none-eabi/10.3.1/../../../../arm-none-eabi/lib/thumb/v7e-m+fp/hard\libg_nano.a(lib_a-mprec.o)
                0x08017444                __mdiff
 .text.__ulp    0x08017558       0x58 c:/at32ide/platform/tools/gcc-arm-none-eabi-10.3-2021.10/bin/../lib/gcc/arm-none-eabi/10.3.1/../../../../arm-none-eabi/lib/thumb/v7e-m+fp/hard\libg_nano.a(lib_a-mprec.o)
                0x08017558                __ulp
 .text.__b2d    0x080175b0       0xa0 c:/at32ide/platform/tools/gcc-arm-none-eabi-10.3-2021.10/bin/../lib/gcc/arm-none-eabi/10.3.1/../../../../arm-none-eabi/lib/thumb/v7e-m+fp/hard\libg_nano.a(lib_a-mprec.o)
                0x080175b0                __b2d
 .text.__d2b    0x08017650       0xb8 c:/at32ide/platform/tools/gcc-arm-none-eabi-10.3-2021.10/bin/../lib/gcc/arm-none-eabi/10.3.1/../../../../arm-none-eabi/lib/thumb/v7e-m+fp/hard\libg_nano.a(lib_a-mprec.o)
                0x08017650                __d2b
 .text.__ratio  0x08017708       0x66 c:/at32ide/platform/tools/gcc-arm-none-eabi-10.3-2021.10/bin/../lib/gcc/arm-none-eabi/10.3.1/../../../../arm-none-eabi/lib/thumb/v7e-m+fp/hard\libg_nano.a(lib_a-mprec.o)
                0x08017708                __ratio
 .text.__copybits
                0x0801776e       0x46 c:/at32ide/platform/tools/gcc-arm-none-eabi-10.3-2021.10/bin/../lib/gcc/arm-none-eabi/10.3.1/../../../../arm-none-eabi/lib/thumb/v7e-m+fp/hard\libg_nano.a(lib_a-mprec.o)
                0x0801776e                __copybits
 .text.__any_on
                0x080177b4       0x42 c:/at32ide/platform/tools/gcc-arm-none-eabi-10.3-2021.10/bin/../lib/gcc/arm-none-eabi/10.3.1/../../../../arm-none-eabi/lib/thumb/v7e-m+fp/hard\libg_nano.a(lib_a-mprec.o)
                0x080177b4                __any_on
 .text._calloc_r
                0x080177f6       0x2c c:/at32ide/platform/tools/gcc-arm-none-eabi-10.3-2021.10/bin/../lib/gcc/arm-none-eabi/10.3.1/../../../../arm-none-eabi/lib/thumb/v7e-m+fp/hard\libg_nano.a(lib_a-nano-callocr.o)
                0x080177f6                _calloc_r
 *fill*         0x08017822        0x2 