Component: Arm Compiler for Embedded 6.22 Tool: armlink [5ee90200]

==============================================================================

Section Cross References

    at32f403a_407_clock.o(.text.system_clock_config) refers to at32f403a_407_crm.o(.text.crm_reset) for crm_reset
    at32f403a_407_clock.o(.text.system_clock_config) refers to at32f403a_407_crm.o(.text.crm_clock_source_enable) for crm_clock_source_enable
    at32f403a_407_clock.o(.text.system_clock_config) refers to at32f403a_407_crm.o(.text.crm_hext_stable_wait) for crm_hext_stable_wait
    at32f403a_407_clock.o(.text.system_clock_config) refers to at32f403a_407_crm.o(.text.crm_pll_config) for crm_pll_config
    at32f403a_407_clock.o(.text.system_clock_config) refers to at32f403a_407_crm.o(.text.crm_hext_clock_div_set) for crm_hext_clock_div_set
    at32f403a_407_clock.o(.text.system_clock_config) refers to at32f403a_407_crm.o(.text.crm_flag_get) for crm_flag_get
    at32f403a_407_clock.o(.text.system_clock_config) refers to at32f403a_407_crm.o(.text.crm_ahb_div_set) for crm_ahb_div_set
    at32f403a_407_clock.o(.text.system_clock_config) refers to at32f403a_407_crm.o(.text.crm_apb2_div_set) for crm_apb2_div_set
    at32f403a_407_clock.o(.text.system_clock_config) refers to at32f403a_407_crm.o(.text.crm_apb1_div_set) for crm_apb1_div_set
    at32f403a_407_clock.o(.text.system_clock_config) refers to at32f403a_407_crm.o(.text.crm_auto_step_mode_enable) for crm_auto_step_mode_enable
    at32f403a_407_clock.o(.text.system_clock_config) refers to at32f403a_407_crm.o(.text.crm_sysclk_switch) for crm_sysclk_switch
    at32f403a_407_clock.o(.text.system_clock_config) refers to at32f403a_407_crm.o(.text.crm_sysclk_switch_status_get) for crm_sysclk_switch_status_get
    at32f403a_407_clock.o(.text.system_clock_config) refers to system_at32f403a_407.o(.text.system_core_clock_update) for system_core_clock_update
    at32f403a_407_clock.o(.ARM.exidx.text.system_clock_config) refers to at32f403a_407_clock.o(.text.system_clock_config) for [Anonymous Symbol]
    at32f403a_407_int.o(.ARM.exidx.text.NMI_Handler) refers to at32f403a_407_int.o(.text.NMI_Handler) for [Anonymous Symbol]
    at32f403a_407_int.o(.ARM.exidx.text.HardFault_Handler) refers to at32f403a_407_int.o(.text.HardFault_Handler) for [Anonymous Symbol]
    at32f403a_407_int.o(.ARM.exidx.text.MemManage_Handler) refers to at32f403a_407_int.o(.text.MemManage_Handler) for [Anonymous Symbol]
    at32f403a_407_int.o(.ARM.exidx.text.BusFault_Handler) refers to at32f403a_407_int.o(.text.BusFault_Handler) for [Anonymous Symbol]
    at32f403a_407_int.o(.ARM.exidx.text.UsageFault_Handler) refers to at32f403a_407_int.o(.text.UsageFault_Handler) for [Anonymous Symbol]
    at32f403a_407_int.o(.ARM.exidx.text.SVC_Handler) refers to at32f403a_407_int.o(.text.SVC_Handler) for [Anonymous Symbol]
    at32f403a_407_int.o(.ARM.exidx.text.DebugMon_Handler) refers to at32f403a_407_int.o(.text.DebugMon_Handler) for [Anonymous Symbol]
    at32f403a_407_int.o(.ARM.exidx.text.PendSV_Handler) refers to at32f403a_407_int.o(.text.PendSV_Handler) for [Anonymous Symbol]
    at32f403a_407_int.o(.ARM.exidx.text.SysTick_Handler) refers to at32f403a_407_int.o(.text.SysTick_Handler) for [Anonymous Symbol]
    at32f403a_407_int.o(.text.ADC1_2_IRQHandler) refers to main.o(.bss.vmor_flag_index) for vmor_flag_index
    at32f403a_407_int.o(.ARM.exidx.text.ADC1_2_IRQHandler) refers to at32f403a_407_int.o(.text.ADC1_2_IRQHandler) for [Anonymous Symbol]
    at32f403a_407_int.o(.text.TMR6_GLOBAL_IRQHandler) refers to at32f403a_407_tmr.o(.text.tmr_interrupt_flag_get) for tmr_interrupt_flag_get
    at32f403a_407_int.o(.text.TMR6_GLOBAL_IRQHandler) refers to netconf.o(.text.time_update) for time_update
    at32f403a_407_int.o(.text.TMR6_GLOBAL_IRQHandler) refers to at32f403a_407_tmr.o(.text.tmr_flag_clear) for tmr_flag_clear
    at32f403a_407_int.o(.ARM.exidx.text.TMR6_GLOBAL_IRQHandler) refers to at32f403a_407_int.o(.text.TMR6_GLOBAL_IRQHandler) for [Anonymous Symbol]
    at32_emac.o(.text.emac_system_init) refers to at32f403a_407_crm.o(.text.crm_periph_clock_enable) for crm_periph_clock_enable
    at32_emac.o(.text.emac_system_init) refers to at32_emac.o(.text.emac_pins_configuration) for emac_pins_configuration
    at32_emac.o(.text.emac_system_init) refers to at32_emac.o(.text.emac_layer2_configuration) for emac_layer2_configuration
    at32_emac.o(.text.emac_system_init) refers to at32f403a_407_crm.o(.text.crm_clocks_freq_get) for crm_clocks_freq_get
    at32_emac.o(.text.emac_system_init) refers to at32f403a_407_tmr.o(.text.tmr_base_init) for tmr_base_init
    at32_emac.o(.text.emac_system_init) refers to at32f403a_407_tmr.o(.text.tmr_cnt_dir_set) for tmr_cnt_dir_set
    at32_emac.o(.text.emac_system_init) refers to at32f403a_407_tmr.o(.text.tmr_interrupt_enable) for tmr_interrupt_enable
    at32_emac.o(.text.emac_system_init) refers to at32f403a_407_misc.o(.text.nvic_priority_group_config) for nvic_priority_group_config
[...]
    libinit2.o(.ARM.Collect$$libinit$$00000012) refers to libinit2.o(.ARM.Collect$$libinit$$00000011) for .ARM.Collect$$libinit$$00000011
    libinit2.o(.ARM.Collect$$libinit$$00000014) refers to libinit2.o(.ARM.Collect$$libinit$$00000011) for .ARM.Collect$$libinit$$00000011
    libinit2.o(.ARM.Collect$$libinit$$00000014) refers (Weak) to lc_ctype_c.o(locale$$code) for _get_lc_ctype
    libinit2.o(.ARM.Collect$$libinit$$00000016) refers to libinit2.o(.ARM.Collect$$libinit$$00000011) for .ARM.Collect$$libinit$$00000011
    libinit2.o(.ARM.Collect$$libinit$$00000018) refers to libinit2.o(.ARM.Collect$$libinit$$00000011) for .ARM.Collect$$libinit$$00000011
    libinit2.o(.ARM.Collect$$libinit$$00000018) refers (Weak) to lc_numeric_c.o(locale$$code) for _get_lc_numeric
    libinit2.o(.ARM.Collect$$libinit$$0000001A) refers to libinit2.o(.ARM.Collect$$libinit$$00000011) for .ARM.Collect$$libinit$$00000011
    libinit2.o(.ARM.Collect$$libinit$$00000028) refers to argv_veneer.o(.emb_text) for __ARM_argv_veneer
    libinit2.o(.ARM.Collect$$libinit$$00000029) refers to argv_veneer.o(.emb_text) for __ARM_argv_veneer
    dnaninf.o(x$fpl$dnaninf) refers (Special) to usenofp.o(x$fpl$usenofp) for __I$use$fp
    dretinf.o(x$fpl$dretinf) refers (Special) to usenofp.o(x$fpl$usenofp) for __I$use$fp
    fnaninf.o(x$fpl$fnaninf) refers (Special) to usenofp.o(x$fpl$usenofp) for __I$use$fp
    fretinf.o(x$fpl$fretinf) refers (Special) to usenofp.o(x$fpl$usenofp) for __I$use$fp
    libspace.o(.text) refers to libspace.o(.bss) for __libspace_start
    __rtentry2.o(.ARM.Collect$$rtentry$$00000008) refers to boardinit2.o(.text) for _platform_post_stackheap_init
    __rtentry2.o(.ARM.Collect$$rtentry$$0000000A) refers to libinit.o(.ARM.Collect$$libinit$$00000000) for __rt_lib_init
    __rtentry2.o(.ARM.Collect$$rtentry$$0000000B) refers to boardinit3.o(.text) for _platform_post_lib_init
    __rtentry2.o(.ARM.Collect$$rtentry$$0000000D) refers to main.o(.text.main) for main
    __rtentry2.o(.ARM.Collect$$rtentry$$0000000D) refers to exit.o(.text) for exit
    __rtentry2.o(.ARM.exidx) refers to __rtentry2.o(.ARM.Collect$$rtentry$$00000001) for .ARM.Collect$$rtentry$$00000001
    __rtentry2.o(.ARM.exidx) refers to __rtentry2.o(.ARM.Collect$$rtentry$$00000008) for .ARM.Collect$$rtentry$$00000008
    __rtentry2.o(.ARM.exidx) refers to __rtentry2.o(.ARM.Collect$$rtentry$$0000000A) for .ARM.Collect$$rtentry$$0000000A
    __rtentry2.o(.ARM.exidx) refers to __rtentry2.o(.ARM.Collect$$rtentry$$0000000B) for .ARM.Collect$$rtentry$$0000000B
    __rtentry2.o(.ARM.exidx) refers to __rtentry2.o(.ARM.Collect$$rtentry$$0000000D) for .ARM.Collect$$rtentry$$0000000D
    __rtentry4.o(.ARM.Collect$$rtentry$$00000004) refers to sys_stackheap_outer.o(.text) for __user_setup_stackheap
    __rtentry4.o(.ARM.exidx) refers to __rtentry4.o(.ARM.Collect$$rtentry$$00000004) for .ARM.Collect$$rtentry$$00000004
    _printf_fp_infnan.o(.text) refers (Weak) to _printf_pad.o(.text) for _printf_pre_padding
    _printf_fp_infnan.o(.text) refers (Weak) to _printf_pad.o(.text) for _printf_post_padding
    _strtoul.o(.text) refers to _chval.o(.text) for _chval
    _strtoul.o(.text) refers to rt_errno_addr_intlibspace.o(.text) for __aeabi_errno_addr
    bigflt0.o(.text) refers (Special) to usenofp.o(x$fpl$usenofp) for __I$use$fp
    bigflt0.o(.text) refers to btod.o(CL$$btod_emul) for _btod_emul
    bigflt0.o(.text) refers to btod.o(CL$$btod_ediv) for _btod_ediv
    bigflt0.o(.text) refers to bigflt0.o(.constdata) for .constdata
    bigflt0.o(.constdata) refers (Special) to usenofp.o(x$fpl$usenofp) for __I$use$fp
    btod.o(CL$$btod_d2e) refers (Special) to usenofp.o(x$fpl$usenofp) for __I$use$fp
    btod.o(CL$$btod_d2e) refers to btod.o(CL$$btod_d2e_norm_op1) for _d2e_norm_op1
    btod.o(CL$$btod_d2e_norm_op1) refers (Special) to usenofp.o(x$fpl$usenofp) for __I$use$fp
    btod.o(CL$$btod_d2e_norm_op1) refers to btod.o(CL$$btod_d2e_denorm_low) for _d2e_denorm_low
    btod.o(CL$$btod_d2e_denorm_low) refers (Special) to usenofp.o(x$fpl$usenofp) for __I$use$fp
    btod.o(CL$$btod_emul) refers (Special) to usenofp.o(x$fpl$usenofp) for __I$use$fp
    btod.o(CL$$btod_emul) refers to btod.o(CL$$btod_mult_common) for __btod_mult_common
    btod.o(CL$$btod_emul) refers to btod.o(CL$$btod_e2e) for _e2e
    btod.o(CL$$btod_ediv) refers (Special) to usenofp.o(x$fpl$usenofp) for __I$use$fp
    btod.o(CL$$btod_ediv) refers to btod.o(CL$$btod_div_common) for __btod_div_common
    btod.o(CL$$btod_ediv) refers to btod.o(CL$$btod_e2e) for _e2e
    btod.o(CL$$btod_emuld) refers (Special) to usenofp.o(x$fpl$usenofp) for __I$use$fp
    btod.o(CL$$btod_emuld) refers to btod.o(CL$$btod_mult_common) for __btod_mult_common
    btod.o(CL$$btod_emuld) refers to btod.o(CL$$btod_e2d) for _e2d
    btod.o(CL$$btod_edivd) refers (Special) to usenofp.o(x$fpl$usenofp) for __I$use$fp
    btod.o(CL$$btod_edivd) refers to btod.o(CL$$btod_div_common) for __btod_div_common
    btod.o(CL$$btod_edivd) refers to btod.o(CL$$btod_e2d) for _e2d
    btod.o(CL$$btod_e2e) refers (Special) to usenofp.o(x$fpl$usenofp) for __I$use$fp
    btod.o(CL$$btod_e2d) refers (Special) to usenofp.o(x$fpl$usenofp) for __I$use$fp
    btod.o(CL$$btod_e2d) refers to btod.o(CL$$btod_e2e) for _e2e
    btod.o(CL$$btod_mult_common) refers (Special) to usenofp.o(x$fpl$usenofp) for __I$use$fp
    btod.o(CL$$btod_div_common) refers (Special) to usenofp.o(x$fpl$usenofp) for __I$use$fp
    btod_accurate.o(.text) refers to btod_accurate_common.o(.text) for _btod_common
    lc_numeric_c.o(locale$$data) refers (Special) to libinit2.o(.ARM.Collect$$libinit$$00000018) for __rt_lib_init_lc_numeric_2
    lc_numeric_c.o(locale$$code) refers (Special) to libinit2.o(.ARM.Collect$$libinit$$00000018) for __rt_lib_init_lc_numeric_2
    lc_numeric_c.o(locale$$code) refers to strcmpv7em.o(.text) for strcmp
    lc_numeric_c.o(locale$$code) refers to lc_numeric_c.o(locale$$data) for __lcnum_c_name
    argv_veneer.o(.emb_text) refers to no_argv.o(.text) for __ARM_get_argv
    istatus.o(x$fpl$ieeestatus) refers (Special) to usenofp.o(x$fpl$usenofp) for __I$use$fp
    fpclassify.o(i.__ARM_fpclassify) refers (Special) to usenofp.o(x$fpl$usenofp) for __I$use$fp
    sys_stackheap_outer.o(.text) refers to libspace.o(.text) for __user_perproc_libspace
    sys_stackheap_outer.o(.text) refers to startup_at32f403a_407.o(.text) for __user_initial_stackheap
    btod_accurate_common.o(.text) refers to llushr.o(.text) for __aeabi_llsr
    exit.o(.text) refers to rtexit.o(.ARM.Collect$$rtexit$$00000000) for __rt_exit
    _get_argv_nomalloc.o(.text) refers (Special) to hrguard.o(.text) for __heap_region$guard
    _get_argv_nomalloc.o(.text) refers to defsig_rtmem_outer.o(.text) for __rt_SIGRTMEM
    _get_argv_nomalloc.o(.text) refers to sys_command.o(.text) for _sys_command_string
    libinit.o(.ARM.Collect$$libinit$$00000000) refers (Special) to libinit2.o(.ARM.Collect$$libinit$$00000030) for __rt_lib_init_alloca_1
    libinit.o(.ARM.Collect$$libinit$$00000000) refers (Special) to libinit2.o(.ARM.Collect$$libinit$$0000002E) for __rt_lib_init_argv_1
    libinit.o(.ARM.Collect$$libinit$$00000000) refers (Special) to libinit2.o(.ARM.Collect$$libinit$$0000001D) for __rt_lib_init_atexit_1
    libinit.o(.ARM.Collect$$libinit$$00000000) refers (Special) to libinit2.o(.ARM.Collect$$libinit$$00000023) for __rt_lib_init_clock_1
    libinit.o(.ARM.Collect$$libinit$$00000000) refers (Special) to libinit2.o(.ARM.Collect$$libinit$$00000034) for __rt_lib_init_cpp_1
    libinit.o(.ARM.Collect$$libinit$$00000000) refers (Special) to libinit2.o(.ARM.Collect$$libinit$$00000032) for __rt_lib_init_exceptions_1
    libinit.o(.ARM.Collect$$libinit$$00000000) refers (Special) to libinit2.o(.ARM.Collect$$libinit$$00000001) for __rt_lib_init_fp_1
    libinit.o(.ARM.Collect$$libinit$$00000000) refers (Special) to libinit2.o(.ARM.Collect$$libinit$$00000021) for __rt_lib_init_fp_trap_1
    libinit.o(.ARM.Collect$$libinit$$00000000) refers (Special) to libinit2.o(.ARM.Collect$$libinit$$00000025) for __rt_lib_init_getenv_1
    libinit.o(.ARM.Collect$$libinit$$00000000) refers (Special) to libinit2.o(.ARM.Collect$$libinit$$0000000C) for __rt_lib_init_heap_1
    libinit.o(.ARM.Collect$$libinit$$00000000) refers (Special) to libinit2.o(.ARM.Collect$$libinit$$00000013) for __rt_lib_init_lc_collate_1
    libinit.o(.ARM.Collect$$libinit$$00000000) refers (Special) to libinit2.o(.ARM.Collect$$libinit$$00000015) for __rt_lib_init_lc_ctype_1
    libinit.o(.ARM.Collect$$libinit$$00000000) refers (Special) to libinit2.o(.ARM.Collect$$libinit$$00000017) for __rt_lib_init_lc_monetary_1
    libinit.o(.ARM.Collect$$libinit$$00000000) refers (Special) to libinit2.o(.ARM.Collect$$libinit$$00000019) for __rt_lib_init_lc_numeric_1
    libinit.o(.ARM.Collect$$libinit$$00000000) refers (Special) to libinit2.o(.ARM.Collect$$libinit$$0000001B) for __rt_lib_init_lc_time_1
    libinit.o(.ARM.Collect$$libinit$$00000000) refers (Special) to libinit2.o(.ARM.Collect$$libinit$$00000006) for __rt_lib_init_preinit_1
    libinit.o(.ARM.Collect$$libinit$$00000000) refers (Special) to libinit2.o(.ARM.Collect$$libinit$$00000010) for __rt_lib_init_rand_1
    libinit.o(.ARM.Collect$$libinit$$00000000) refers (Special) to libinit2.o(.ARM.Collect$$libinit$$00000004) for __rt_lib_init_relocate_pie_1
    libinit.o(.ARM.Collect$$libinit$$00000000) refers (Special) to libinit2.o(.ARM.Collect$$libinit$$00000035) for __rt_lib_init_return
    libinit.o(.ARM.Collect$$libinit$$00000000) refers (Special) to libinit2.o(.ARM.Collect$$libinit$$0000001F) for __rt_lib_init_signal_1
    libinit.o(.ARM.Collect$$libinit$$00000000) refers (Special) to libinit2.o(.ARM.Collect$$libinit$$00000027) for __rt_lib_init_stdio_1
    libinit.o(.ARM.Collect$$libinit$$00000000) refers (Special) to libinit2.o(.ARM.Collect$$libinit$$0000000E) for __rt_lib_init_user_alloc_1
    sys_command.o(.text) refers (Special) to use_no_semi.o(.text) for __I$use$semihosting
    sys_command.o(.text) refers (Special) to indicate_semi.o(.text) for __semihosting_library_function
    sys_command_hlt.o(.text) refers (Special) to use_no_semi.o(.text) for __I$use$semihosting
    sys_command_hlt.o(.text) refers (Special) to indicate_semi.o(.text) for __semihosting_library_function
    rtexit.o(.ARM.Collect$$rtexit$$00000000) refers (Special) to rtexit2.o(.ARM.Collect$$rtexit$$00000004) for __rt_exit_exit
    rtexit.o(.ARM.Collect$$rtexit$$00000000) refers (Special) to rtexit2.o(.ARM.Collect$$rtexit$$00000003) for __rt_exit_ls
    rtexit.o(.ARM.Collect$$rtexit$$00000000) refers (Special) to rtexit2.o(.ARM.Collect$$rtexit$$00000002) for __rt_exit_prels_1
    rtexit.o(.ARM.exidx) refers (Special) to rtexit2.o(.ARM.Collect$$rtexit$$00000004) for __rt_exit_exit
    rtexit.o(.ARM.exidx) refers (Special) to rtexit2.o(.ARM.Collect$$rtexit$$00000003) for __rt_exit_ls
    rtexit.o(.ARM.exidx) refers (Special) to rtexit2.o(.ARM.Collect$$rtexit$$00000002) for __rt_exit_prels_1
    rtexit.o(.ARM.exidx) refers to rtexit.o(.ARM.Collect$$rtexit$$00000000) for .ARM.Collect$$rtexit$$00000000
    defsig_rtmem_outer.o(.text) refers to defsig_rtmem_inner.o(.text) for __rt_SIGRTMEM_inner
    defsig_rtmem_outer.o(.text) refers to defsig_exit.o(.text) for __sig_exit
    defsig_rtmem_formal.o(.text) refers to rt_raise.o(.text) for __rt_raise
    rtexit2.o(.ARM.Collect$$rtexit$$00000003) refers to libshutdown.o(.ARM.Collect$$libshutdown$$00000000) for __rt_lib_shutdown
    rtexit2.o(.ARM.Collect$$rtexit$$00000004) refers to at32f403a_407_board.o(.text._sys_exit) for _sys_exit
    rtexit2.o(.ARM.exidx) refers to rtexit2.o(.ARM.Collect$$rtexit$$00000001) for .ARM.Collect$$rtexit$$00000001
    rtexit2.o(.ARM.exidx) refers to rtexit2.o(.ARM.Collect$$rtexit$$00000003) for .ARM.Collect$$rtexit$$00000003
    rtexit2.o(.ARM.exidx) refers to rtexit2.o(.ARM.Collect$$rtexit$$00000004) for .ARM.Collect$$rtexit$$00000004
    rt_raise.o(.text) refers to __raise.o(.text) for __raise
    rt_raise.o(.text) refers to at32f403a_407_board.o(.text._sys_exit) for _sys_exit
    defsig_exit.o(.text) refers to at32f403a_407_board.o(.text._sys_exit) for _sys_exit
    defsig_rtmem_inner.o(.text) refers to defsig_general.o(.text) for __default_signal_display
    __raise.o(.text) refers to defsig.o(CL$$defsig) for __default_signal_handler
    defsig_general.o(.text) refers to at32f403a_407_board.o(.text._ttywrch) for _ttywrch
    libshutdown.o(.ARM.Collect$$libshutdown$$00000000) refers (Special) to libshutdown2.o(.ARM.Collect$$libshutdown$$00000002) for __rt_lib_shutdown_cpp_1
    libshutdown.o(.ARM.Collect$$libshutdown$$00000000) refers (Special) to libshutdown2.o(.ARM.Collect$$libshutdown$$00000007) for __rt_lib_shutdown_fp_trap_1
    libshutdown.o(.ARM.Collect$$libshutdown$$00000000) refers (Special) to libshutdown2.o(.ARM.Collect$$libshutdown$$0000000F) for __rt_lib_shutdown_heap_1
    libshutdown.o(.ARM.Collect$$libshutdown$$00000000) refers (Special) to libshutdown2.o(.ARM.Collect$$libshutdown$$00000010) for __rt_lib_shutdown_return
    libshutdown.o(.ARM.Collect$$libshutdown$$00000000) refers (Special) to libshutdown2.o(.ARM.Collect$$libshutdown$$0000000A) for __rt_lib_shutdown_signal_1
    libshutdown.o(.ARM.Collect$$libshutdown$$00000000) refers (Special) to libshutdown2.o(.ARM.Collect$$libshutdown$$00000004) for __rt_lib_shutdown_stdio_1
    libshutdown.o(.ARM.Collect$$libshutdown$$00000000) refers (Special) to libshutdown2.o(.ARM.Collect$$libshutdown$$0000000C) for __rt_lib_shutdown_user_alloc_1
    defsig.o(CL$$defsig) refers to defsig_rtmem_inner.o(.text) for __rt_SIGRTMEM_inner
    defsig_abrt_inner.o(.text) refers to defsig_general.o(.text) for __default_signal_display
    defsig_fpe_inner.o(.text) refers to defsig_general.o(.text) for __default_signal_display
    defsig_rtred_inner.o(.text) refers to defsig_general.o(.text) for __default_signal_display
    defsig_stak_inner.o(.text) refers to defsig_general.o(.text) for __default_signal_display
    defsig_pvfn_inner.o(.text) refers to defsig_general.o(.text) for __default_signal_display
    defsig_cppl_inner.o(.text) refers to defsig_general.o(.text) for __default_signal_display
    defsig_segv_inner.o(.text) refers to defsig_general.o(.text) for __default_signal_display
    defsig_other.o(.text) refers to defsig_general.o(.text) for __default_signal_display


==============================================================================

Removing Unused input sections from the image.

    Removing at32f403a_407_clock.o(.text), (0 bytes).
    Removing at32f403a_407_clock.o(.ARM.exidx.text.system_clock_config), (8 bytes).
    Removing at32f403a_407_int.o(.text), (0 bytes).
    Removing at32f403a_407_int.o(.ARM.exidx.text.NMI_Handler), (8 bytes).
    Removing at32f403a_407_int.o(.ARM.exidx.text.HardFault_Handler), (8 bytes).
    Removing at32f403a_407_int.o(.ARM.exidx.text.MemManage_Handler), (8 bytes).
    Removing at32f403a_407_int.o(.ARM.exidx.text.BusFault_Handler), (8 bytes).
    Removing at32f403a_407_int.o(.ARM.exidx.text.UsageFault_Handler), (8 bytes).
    Removing at32f403a_407_int.o(.ARM.exidx.text.SVC_Handler), (8 bytes).
    Removing at32f403a_407_int.o(.ARM.exidx.text.DebugMon_Handler), (8 bytes).
    Removing at32f403a_407_int.o(.ARM.exidx.text.PendSV_Handler), (8 bytes).
    Removing at32f403a_407_int.o(.ARM.exidx.text.SysTick_Handler), (8 bytes).
    Removing at32f403a_407_int.o(.ARM.exidx.text.ADC1_2_IRQHandler), (8 bytes).
    Removing at32f403a_407_int.o(.ARM.exidx.text.TMR6_GLOBAL_IRQHandler), (8 bytes).
    Removing at32_emac.o(.text), (0 bytes).
    Removing at32_emac.o(.ARM.exidx.text.emac_system_init), (8 bytes).
    Removing at32_emac.o(.text.emac_nvic_configuration), (2 bytes).
    Removing at32_emac.o(.ARM.exidx.text.emac_nvic_configuration), (8 bytes).
    Removing at32_emac.o(.ARM.exidx.text.emac_pins_configuration), (8 bytes).
    Removing at32_emac.o(.ARM.exidx.text.emac_layer2_configuration), (8 bytes).
    Removing at32_emac.o(.text.emac_tmr_init), (118 bytes).
    Removing at32_emac.o(.ARM.exidx.text.emac_tmr_init), (8 bytes).
    Removing at32_emac.o(.text.emac_phy_init), (100 bytes).
    Removing at32_emac.o(.ARM.exidx.text.emac_phy_init), (8 bytes).
    Removing at32_emac.o(.text.emac_phy_register_reset), (86 bytes).
    Removing at32_emac.o(.ARM.exidx.text.emac_phy_register_reset), (8 bytes).
    Removing at32_emac.o(.ARM.exidx.text.emac_speed_config), (8 bytes).
    Removing at32_emac.o(.text.link_update), (32 bytes).
    Removing at32_emac.o(.ARM.exidx.text.link_update), (8 bytes).
    Removing at32_emac.o(.ARM.exidx.text.ethernetif_set_link), (8 bytes).
    Removing at32_emac.o(.text.ethernetif_notify_conn_changed), (16 bytes).
    Removing at32_emac.o(.ARM.exidx.text.ethernetif_notify_conn_changed), (8 bytes).
    Removing at32_emac.o(.ARM.exidx.text.ethernetif_update_config), (8 bytes).
    Removing main.o(.text), (0 bytes).
    Removing main.o(.ARM.exidx.text.spiflash_init), (8 bytes).
    Removing main.o(.ARM.exidx.text.spiflash_write), (8 bytes).
    Removing main.o(.ARM.exidx.text.spiflash_read), (8 bytes).
    Removing main.o(.ARM.exidx.text.spiflash_sector_erase), (8 bytes).
    Removing main.o(.text.spiflash_write_nocheck), (74 bytes).
    Removing main.o(.ARM.exidx.text.spiflash_write_nocheck), (8 bytes).
    Removing main.o(.ARM.exidx.text.spi_byte_write), (8 bytes).
    Removing main.o(.text.spi_bytes_read), (82 bytes).
    Removing main.o(.ARM.exidx.text.spi_bytes_read), (8 bytes).
    Removing main.o(.ARM.exidx.text.spiflash_write_enable), (8 bytes).
    Removing main.o(.text.spiflash_wait_busy), (14 bytes).
    Removing main.o(.ARM.exidx.text.spiflash_wait_busy), (8 bytes).
    Removing main.o(.ARM.exidx.text.spiflash_page_write), (8 bytes).
    Removing main.o(.text.spi_bytes_write), (84 bytes).
    Removing main.o(.ARM.exidx.text.spi_bytes_write), (8 bytes).
    Removing main.o(.ARM.exidx.text.spiflash_read_sr1), (8 bytes).
    Removing main.o(.ARM.exidx.text.spi_byte_read), (8 bytes).
    Removing main.o(.ARM.exidx.text.spiflash_read_id), (8 bytes).
    Removing main.o(.text.__delay_ms), (54 bytes).
    Removing main.o(.ARM.exidx.text.__delay_ms), (8 bytes).
    Removing main.o(.text.debug_gpio_pins), (16 bytes).
    Removing main.o(.ARM.exidx.text.debug_gpio_pins), (8 bytes).
    Removing main.o(.ARM.exidx.text.LCD_GPIO_Init), (8 bytes).
    Removing main.o(.text.LCD_SendCommand), (68 bytes).
    Removing main.o(.ARM.exidx.text.LCD_SendCommand), (8 bytes).
    Removing main.o(.text.LCD_SendData), (68 bytes).
    Removing main.o(.ARM.exidx.text.LCD_SendData), (8 bytes).
    Removing main.o(.ARM.exidx.text.LCD_Init), (8 bytes).
    Removing main.o(.text.LCD_Clear), (72 bytes).
    Removing main.o(.ARM.exidx.text.LCD_Clear), (8 bytes).
    Removing main.o(.text.LCD_SetCursor), (92 bytes).
    Removing main.o(.ARM.exidx.text.LCD_SetCursor), (8 bytes).
    Removing main.o(.text.LCD_WriteChar), (68 bytes).
    Removing main.o(.ARM.exidx.text.LCD_WriteChar), (8 bytes).
    Removing main.o(.ARM.exidx.text.LCD_WriteString), (8 bytes).
    Removing main.o(.ARM.exidx.text.usart_configuration), (8 bytes).
    Removing main.o(.text.is_tcp_connected), (12 bytes).
    Removing main.o(.ARM.exidx.text.is_tcp_connected), (8 bytes).
    Removing main.o(.text.set_tcp_connection_state), (12 bytes).
    Removing main.o(.ARM.exidx.text.set_tcp_connection_state), (8 bytes).
    Removing main.o(.text.crm_configuration), (86 bytes).
    Removing main.o(.ARM.exidx.text.crm_configuration), (8 bytes).
    Removing main.o(.ARM.exidx.text.modbus_server_init), (8 bytes).
    Removing main.o(.ARM.exidx.text.gpio_config), (8 bytes).
    Removing main.o(.ARM.exidx.text.modbus_accept), (8 bytes).
    Removing main.o(.ARM.exidx.text.compute_rms), (8 bytes).
    Removing main.o(.text.three_phase_voltage_map), (176 bytes).
    Removing main.o(.ARM.exidx.text.three_phase_voltage_map), (8 bytes).
    Removing main.o(.ARM.exidx.text.update_mapped_voltages), (8 bytes).
    Removing main.o(.text.map_adc_to_value), (38 bytes).
    Removing main.o(.ARM.exidx.text.map_adc_to_value), (8 bytes).
    Removing main.o(.text.update_modbus_registers_with_adc), (148 bytes).
    Removing main.o(.ARM.exidx.text.update_modbus_registers_with_adc), (8 bytes).
    Removing main.o(.ARM.exidx.text.current_transformer_select), (8 bytes).
    Removing main.o(.ARM.exidx.text.adc_periodic_update), (8 bytes).
    Removing main.o(.text.relay_3_on), (90 bytes).
    Removing main.o(.ARM.exidx.text.relay_3_on), (8 bytes).
    Removing main.o(.ARM.exidx.text.set_timer4_frequency), (8 bytes).
    Removing main.o(.ARM.exidx.text.set_timer2_duty_cycle), (8 bytes).
    Removing main.o(.ARM.exidx.text.set_timer5_duty_cycle), (8 bytes).
    Removing main.o(.ARM.exidx.text.set_timer10_duty_cycle), (8 bytes).
    Removing main.o(.text.reverse_polarity_gpio_init), (56 bytes).
    Removing main.o(.ARM.exidx.text.reverse_polarity_gpio_init), (8 bytes).
    Removing main.o(.ARM.exidx.text.reverse_polarity_check), (8 bytes).
    Removing main.o(.ARM.exidx.text.voltage_in_range_check), (8 bytes).
    Removing main.o(.ARM.exidx.text.output_voltage_in_range_check), (8 bytes).
    Removing main.o(.ARM.exidx.text.feedback_voltage), (8 bytes).
    Removing main.o(.ARM.exidx.text.output_current_in_range_check), (8 bytes).
    Removing main.o(.text.exint_surge_pin_config), (102 bytes).
    Removing main.o(.ARM.exidx.text.exint_surge_pin_config), (8 bytes).
    Removing main.o(.ARM.exidx.text.input_surge_check), (8 bytes).
    Removing main.o(.ARM.exidx.text.EXINT3_IRQHandler), (8 bytes).
    Removing main.o(.text.exint_neutral_pin_config), (102 bytes).
    Removing main.o(.ARM.exidx.text.exint_neutral_pin_config), (8 bytes).
    Removing main.o(.ARM.exidx.text.neutral_disconnection), (8 bytes).
    Removing main.o(.ARM.exidx.text.EXINT1_IRQHandler), (8 bytes).
    Removing main.o(.text.exint_ac_surge_pin_config), (102 bytes).
    Removing main.o(.ARM.exidx.text.exint_ac_surge_pin_config), (8 bytes).
    Removing main.o(.ARM.exidx.text.output_surge), (8 bytes).
    Removing main.o(.ARM.exidx.text.EXINT0_IRQHandler), (8 bytes).
    Removing main.o(.ARM.exidx.text.main), (8 bytes).
    Removing main.o(.ARM.exidx.text.modbus_receive), (8 bytes).
    Removing main.o(.ARM.exidx.text.modbus_poll), (8 bytes).
    Removing main.o(.ARM.exidx.text.modbus_error), (8 bytes).
    Removing main.o(.data.g_speed), (1 bytes).
    Removing main.o(.bss.systick_index), (4 bytes).
    Removing main.o(.bss.neutral_disconnect_detected), (1 bytes).
    Removing main.o(.bss.transfer_status), (1 bytes).
    Removing main.o(.data.ccr3_val), (2 bytes).
    Removing main.o(.data.ccr4_val), (2 bytes).
    Removing main.o(.bss.timer2_duty), (2 bytes).
    Removing main.o(.bss.timer5_duty), (2 bytes).
    Removing main.o(.data.min_current), (2 bytes).
    Removing main.o(.bss.modbus_min_voltage), (2 bytes).
    Removing main.o(.data.modbus_max_voltage), (2 bytes).
    Removing main.o(.bss.timer_period), (2 bytes).
    Removing main.o(.bss.channel1_pulse), (2 bytes).
    Removing main.o(.bss.timer_period_2), (2 bytes).
    Removing main.o(.bss.channel2_pulse), (2 bytes).
    Removing main.o(.bss.dma_transfer_complete), (1 bytes).
    Removing main.o(.bss.tcp_connection_state), (1 bytes).
    Removing main.o(.bss.tx_buffer), (598 bytes).
    Removing main.o(.bss.rx_buffer), (598 bytes).
    Removing main.o(.bss.frequency), (4 bytes).
    Removing main.o(.bss.DC_INPUT_VOLTAGE), (4 bytes).
    Removing main.o(.bss.new_value), (2 bytes).
    Removing main.o(.bss.buffer_length), (4 bytes).
    Removing main.o(.ARM.use_no_argv), (4 bytes).
    Removing netconf.o(.text), (0 bytes).
    Removing netconf.o(.ARM.exidx.text.tcpip_stack_init), (8 bytes).
    Removing netconf.o(.text.lwip_pkt_handle), (12 bytes).
    Removing netconf.o(.ARM.exidx.text.lwip_pkt_handle), (8 bytes).
    Removing netconf.o(.ARM.exidx.text.lwip_rx_loop_handler), (8 bytes).
    Removing netconf.o(.ARM.exidx.text.time_update), (8 bytes).
    Removing netconf.o(.ARM.exidx.text.lwip_periodic_handle), (8 bytes).
    Removing netconf.o(.bss.tcp_timer), (4 bytes).
    Removing netconf.o(.bss.arp_timer), (4 bytes).
    Removing tcp_server.o(.text), (0 bytes).
    Removing tcp_server.o(.text.tcp_server_init), (60 bytes).
    Removing tcp_server.o(.ARM.exidx.text.tcp_server_init), (8 bytes).
    Removing tcp_server.o(.text.tcp_server_accept), (104 bytes).
    Removing tcp_server.o(.ARM.exidx.text.tcp_server_accept), (8 bytes).
    Removing tcp_server.o(.text.tcp_server_recv), (74 bytes).
    Removing tcp_server.o(.ARM.exidx.text.tcp_server_recv), (8 bytes).
    Removing tcp_server.o(.bss.current_pcb), (4 bytes).
    Removing at32f403a_407_board.o(.text), (0 bytes).
    Removing at32f403a_407_board.o(.ARM.exidx.text._sys_exit), (8 bytes).
    Removing at32f403a_407_board.o(.text._ttywrch), (2 bytes).
    Removing at32f403a_407_board.o(.ARM.exidx.text._ttywrch), (8 bytes).
    Removing at32f403a_407_board.o(.ARM.exidx.text.fputc), (8 bytes).
    Removing at32f403a_407_board.o(.ARM.exidx.text.uart_print_init), (8 bytes).
    Removing at32f403a_407_board.o(.ARM.exidx.text.at32_board_init), (8 bytes).
    Removing at32f403a_407_board.o(.text.delay_init), (62 bytes).
    Removing at32f403a_407_board.o(.ARM.exidx.text.delay_init), (8 bytes).
    Removing at32f403a_407_board.o(.text.at32_led_init), (78 bytes).
    Removing at32f403a_407_board.o(.ARM.exidx.text.at32_led_init), (8 bytes).
    Removing at32f403a_407_board.o(.ARM.exidx.text.at32_led_off), (8 bytes).
    Removing at32f403a_407_board.o(.text.at32_button_init), (58 bytes).
    Removing at32f403a_407_board.o(.ARM.exidx.text.at32_button_init), (8 bytes).
    Removing at32f403a_407_board.o(.text.at32_start_button_init), (58 bytes).
    Removing at32f403a_407_board.o(.ARM.exidx.text.at32_start_button_init), (8 bytes).
    Removing at32f403a_407_board.o(.text.at32_emergency_button_init), (58 bytes).
    Removing at32f403a_407_board.o(.ARM.exidx.text.at32_emergency_button_init), (8 bytes).
    Removing at32f403a_407_board.o(.text.at32_button_state), (16 bytes).
    Removing at32f403a_407_board.o(.ARM.exidx.text.at32_button_state), (8 bytes).
    Removing at32f403a_407_board.o(.text.at32_start_button_state), (16 bytes).
    Removing at32f403a_407_board.o(.ARM.exidx.text.at32_start_button_state), (8 bytes).
    Removing at32f403a_407_board.o(.text.at32_emergency_button_state), (16 bytes).
    Removing at32f403a_407_board.o(.ARM.exidx.text.at32_emergency_button_state), (8 bytes).
    Removing at32f403a_407_board.o(.ARM.exidx.text.user_delay_ms), (8 bytes).
    Removing at32f403a_407_board.o(.ARM.exidx.text.at32_button_press), (8 bytes).
    Removing at32f403a_407_board.o(.ARM.exidx.text.at32_start_button_press), (8 bytes).
    Removing at32f403a_407_board.o(.ARM.exidx.text.at32_emergency_button_press), (8 bytes).
    Removing at32f403a_407_board.o(.ARM.exidx.text.at32_led_on), (8 bytes).
    Removing at32f403a_407_board.o(.ARM.exidx.text.at32_led_toggle), (8 bytes).
    Removing at32f403a_407_board.o(.ARM.exidx.text.delay_us), (8 bytes).
    Removing at32f403a_407_board.o(.ARM.exidx.text.delay_ms), (8 bytes).
    Removing at32f403a_407_board.o(.text.delay_sec), (186 bytes).
    Removing at32f403a_407_board.o(.ARM.exidx.text.delay_sec), (8 bytes).
    Removing at32f403a_407_crm.o(.text), (0 bytes).
    Removing at32f403a_407_crm.o(.ARM.exidx.text.crm_reset), (8 bytes).
    Removing at32f403a_407_crm.o(.text.crm_lext_bypass), (26 bytes).
    Removing at32f403a_407_crm.o(.ARM.exidx.text.crm_lext_bypass), (8 bytes).
    Removing at32f403a_407_crm.o(.text.crm_hext_bypass), (26 bytes).
    Removing at32f403a_407_crm.o(.ARM.exidx.text.crm_hext_bypass), (8 bytes).
    Removing at32f403a_407_crm.o(.ARM.exidx.text.crm_flag_get), (8 bytes).
    Removing at32f403a_407_crm.o(.text.crm_interrupt_flag_get), (164 bytes).
    Removing at32f403a_407_crm.o(.ARM.exidx.text.crm_interrupt_flag_get), (8 bytes).
    Removing at32f403a_407_crm.o(.ARM.exidx.text.crm_hext_stable_wait), (8 bytes).
    Removing at32f403a_407_crm.o(.text.crm_hick_clock_trimming_set), (26 bytes).
    Removing at32f403a_407_crm.o(.ARM.exidx.text.crm_hick_clock_trimming_set), (8 bytes).
    Removing at32f403a_407_crm.o(.text.crm_hick_clock_calibration_set), (44 bytes).
    Removing at32f403a_407_crm.o(.ARM.exidx.text.crm_hick_clock_calibration_set), (8 bytes).
    Removing at32f403a_407_crm.o(.ARM.exidx.text.crm_periph_clock_enable), (8 bytes).
    Removing at32f403a_407_crm.o(.ARM.exidx.text.crm_periph_reset), (8 bytes).
    Removing at32f403a_407_crm.o(.text.crm_periph_sleep_mode_clock_enable), (40 bytes).
    Removing at32f403a_407_crm.o(.ARM.exidx.text.crm_periph_sleep_mode_clock_enable), (8 bytes).
    Removing at32f403a_407_crm.o(.ARM.exidx.text.crm_clock_source_enable), (8 bytes).
    Removing at32f403a_407_crm.o(.text.crm_flag_clear), (124 bytes).
    Removing at32f403a_407_crm.o(.ARM.exidx.text.crm_flag_clear), (8 bytes).
    Removing at32f403a_407_crm.o(.text.crm_rtc_clock_select), (26 bytes).
    Removing at32f403a_407_crm.o(.ARM.exidx.text.crm_rtc_clock_select), (8 bytes).
    Removing at32f403a_407_crm.o(.text.crm_rtc_clock_enable), (26 bytes).
    Removing at32f403a_407_crm.o(.ARM.exidx.text.crm_rtc_clock_enable), (8 bytes).
    Removing at32f403a_407_crm.o(.ARM.exidx.text.crm_ahb_div_set), (8 bytes).
    Removing at32f403a_407_crm.o(.ARM.exidx.text.crm_apb1_div_set), (8 bytes).
    Removing at32f403a_407_crm.o(.ARM.exidx.text.crm_apb2_div_set), (8 bytes).
    Removing at32f403a_407_crm.o(.ARM.exidx.text.crm_adc_clock_div_set), (8 bytes).
    Removing at32f403a_407_crm.o(.text.crm_usb_clock_div_set), (28 bytes).
    Removing at32f403a_407_crm.o(.ARM.exidx.text.crm_usb_clock_div_set), (8 bytes).
    Removing at32f403a_407_crm.o(.text.crm_clock_failure_detection_enable), (26 bytes).
    Removing at32f403a_407_crm.o(.ARM.exidx.text.crm_clock_failure_detection_enable), (8 bytes).
    Removing at32f403a_407_crm.o(.text.crm_battery_powered_domain_reset), (26 bytes).
    Removing at32f403a_407_crm.o(.ARM.exidx.text.crm_battery_powered_domain_reset), (8 bytes).
    Removing at32f403a_407_crm.o(.ARM.exidx.text.crm_pll_config), (8 bytes).
    Removing at32f403a_407_crm.o(.ARM.exidx.text.crm_sysclk_switch), (8 bytes).
    Removing at32f403a_407_crm.o(.ARM.exidx.text.crm_sysclk_switch_status_get), (8 bytes).
    Removing at32f403a_407_crm.o(.ARM.exidx.text.crm_clocks_freq_get), (8 bytes).
    Removing at32f403a_407_crm.o(.ARM.exidx.text.crm_clock_out_set), (8 bytes).
    Removing at32f403a_407_crm.o(.text.crm_interrupt_enable), (24 bytes).
    Removing at32f403a_407_crm.o(.ARM.exidx.text.crm_interrupt_enable), (8 bytes).
    Removing at32f403a_407_crm.o(.ARM.exidx.text.crm_auto_step_mode_enable), (8 bytes).
    Removing at32f403a_407_crm.o(.text.crm_usb_interrupt_remapping_set), (18 bytes).
    Removing at32f403a_407_crm.o(.ARM.exidx.text.crm_usb_interrupt_remapping_set), (8 bytes).
    Removing at32f403a_407_crm.o(.text.crm_hick_divider_select), (26 bytes).
    Removing at32f403a_407_crm.o(.ARM.exidx.text.crm_hick_divider_select), (8 bytes).
    Removing at32f403a_407_crm.o(.text.crm_hick_sclk_frequency_select), (34 bytes).
    Removing at32f403a_407_crm.o(.ARM.exidx.text.crm_hick_sclk_frequency_select), (8 bytes).
    Removing at32f403a_407_crm.o(.text.crm_usb_clock_source_select), (50 bytes).
    Removing at32f403a_407_crm.o(.ARM.exidx.text.crm_usb_clock_source_select), (8 bytes).
    Removing at32f403a_407_crm.o(.text.crm_clkout_to_tmr10_enable), (26 bytes).
    Removing at32f403a_407_crm.o(.ARM.exidx.text.crm_clkout_to_tmr10_enable), (8 bytes).
    Removing at32f403a_407_crm.o(.ARM.exidx.text.crm_hext_clock_div_set), (8 bytes).
    Removing at32f403a_407_crm.o(.ARM.exidx.text.crm_clkout_div_set), (8 bytes).
    Removing at32f403a_407_crm.o(.text.crm_emac_output_pulse_set), (26 bytes).
    Removing at32f403a_407_crm.o(.ARM.exidx.text.crm_emac_output_pulse_set), (8 bytes).
    Removing at32f403a_407_usart.o(.text), (0 bytes).
    Removing at32f403a_407_usart.o(.text.usart_reset), (212 bytes).
    Removing at32f403a_407_usart.o(.ARM.exidx.text.usart_reset), (8 bytes).
    Removing at32f403a_407_usart.o(.ARM.exidx.text.usart_init), (8 bytes).
    Removing at32f403a_407_usart.o(.text.usart_parity_selection_config), (58 bytes).
    Removing at32f403a_407_usart.o(.ARM.exidx.text.usart_parity_selection_config), (8 bytes).
    Removing at32f403a_407_usart.o(.ARM.exidx.text.usart_enable), (8 bytes).
    Removing at32f403a_407_usart.o(.ARM.exidx.text.usart_transmitter_enable), (8 bytes).
    Removing at32f403a_407_usart.o(.ARM.exidx.text.usart_receiver_enable), (8 bytes).
    Removing at32f403a_407_usart.o(.text.usart_clock_config), (54 bytes).
    Removing at32f403a_407_usart.o(.ARM.exidx.text.usart_clock_config), (8 bytes).
    Removing at32f403a_407_usart.o(.text.usart_clock_enable), (18 bytes).
    Removing at32f403a_407_usart.o(.ARM.exidx.text.usart_clock_enable), (8 bytes).
    Removing at32f403a_407_usart.o(.text.usart_interrupt_enable), (32 bytes).
    Removing at32f403a_407_usart.o(.ARM.exidx.text.usart_interrupt_enable), (8 bytes).
    Removing at32f403a_407_usart.o(.text.usart_dma_transmitter_enable), (18 bytes).
    Removing at32f403a_407_usart.o(.ARM.exidx.text.usart_dma_transmitter_enable), (8 bytes).
    Removing at32f403a_407_usart.o(.text.usart_dma_receiver_enable), (18 bytes).
    Removing at32f403a_407_usart.o(.ARM.exidx.text.usart_dma_receiver_enable), (8 bytes).
    Removing at32f403a_407_usart.o(.text.usart_wakeup_id_set), (10 bytes).
    Removing at32f403a_407_usart.o(.ARM.exidx.text.usart_wakeup_id_set), (8 bytes).
    Removing at32f403a_407_usart.o(.text.usart_wakeup_mode_set), (18 bytes).
    Removing at32f403a_407_usart.o(.ARM.exidx.text.usart_wakeup_mode_set), (8 bytes).
    Removing at32f403a_407_usart.o(.text.usart_receiver_mute_enable), (18 bytes).
    Removing at32f403a_407_usart.o(.ARM.exidx.text.usart_receiver_mute_enable), (8 bytes).
    Removing at32f403a_407_usart.o(.text.usart_break_bit_num_set), (18 bytes).
    Removing at32f403a_407_usart.o(.ARM.exidx.text.usart_break_bit_num_set), (8 bytes).
    Removing at32f403a_407_usart.o(.text.usart_lin_mode_enable), (18 bytes).
    Removing at32f403a_407_usart.o(.ARM.exidx.text.usart_lin_mode_enable), (8 bytes).
    Removing at32f403a_407_usart.o(.ARM.exidx.text.usart_data_transmit), (8 bytes).
    Removing at32f403a_407_usart.o(.ARM.exidx.text.usart_data_receive), (8 bytes).
    Removing at32f403a_407_usart.o(.text.usart_break_send), (10 bytes).
    Removing at32f403a_407_usart.o(.ARM.exidx.text.usart_break_send), (8 bytes).
    Removing at32f403a_407_usart.o(.text.usart_smartcard_guard_time_set), (14 bytes).
    Removing at32f403a_407_usart.o(.ARM.exidx.text.usart_smartcard_guard_time_set), (8 bytes).
    Removing at32f403a_407_usart.o(.text.usart_irda_smartcard_division_set), (12 bytes).
    Removing at32f403a_407_usart.o(.ARM.exidx.text.usart_irda_smartcard_division_set), (8 bytes).
    Removing at32f403a_407_usart.o(.text.usart_smartcard_mode_enable), (18 bytes).
    Removing at32f403a_407_usart.o(.ARM.exidx.text.usart_smartcard_mode_enable), (8 bytes).
    Removing at32f403a_407_usart.o(.text.usart_smartcard_nack_set), (18 bytes).
    Removing at32f403a_407_usart.o(.ARM.exidx.text.usart_smartcard_nack_set), (8 bytes).
    Removing at32f403a_407_usart.o(.text.usart_single_line_halfduplex_select), (18 bytes).
    Removing at32f403a_407_usart.o(.ARM.exidx.text.usart_single_line_halfduplex_select), (8 bytes).
    Removing at32f403a_407_usart.o(.text.usart_irda_mode_enable), (18 bytes).
    Removing at32f403a_407_usart.o(.ARM.exidx.text.usart_irda_mode_enable), (8 bytes).
    Removing at32f403a_407_usart.o(.text.usart_irda_low_power_enable), (18 bytes).
    Removing at32f403a_407_usart.o(.ARM.exidx.text.usart_irda_low_power_enable), (8 bytes).
    Removing at32f403a_407_usart.o(.text.usart_hardware_flow_control_set), (66 bytes).
    Removing at32f403a_407_usart.o(.ARM.exidx.text.usart_hardware_flow_control_set), (8 bytes).
    Removing at32f403a_407_usart.o(.ARM.exidx.text.usart_flag_get), (8 bytes).
    Removing at32f403a_407_usart.o(.text.usart_interrupt_flag_get), (194 bytes).
    Removing at32f403a_407_usart.o(.ARM.exidx.text.usart_interrupt_flag_get), (8 bytes).
    Removing at32f403a_407_usart.o(.text.usart_flag_clear), (16 bytes).
    Removing at32f403a_407_usart.o(.ARM.exidx.text.usart_flag_clear), (8 bytes).
    Removing at32f403a_407_emac.o(.text), (0 bytes).
    Removing at32f403a_407_emac.o(.ARM.exidx.text.emac_reset), (8 bytes).
    Removing at32f403a_407_emac.o(.ARM.exidx.text.emac_control_para_init), (8 bytes).
    Removing at32f403a_407_emac.o(.ARM.exidx.text.emac_clock_range_set), (8 bytes).
    Removing at32f403a_407_emac.o(.ARM.exidx.text.emac_control_config), (8 bytes).
    Removing at32f403a_407_emac.o(.text.emac_deferral_check_set), (26 bytes).
    Removing at32f403a_407_emac.o(.ARM.exidx.text.emac_deferral_check_set), (8 bytes).
    Removing at32f403a_407_emac.o(.text.emac_backoff_limit_set), (26 bytes).
    Removing at32f403a_407_emac.o(.ARM.exidx.text.emac_backoff_limit_set), (8 bytes).
    Removing at32f403a_407_emac.o(.text.emac_auto_pad_crc_stripping_set), (26 bytes).
    Removing at32f403a_407_emac.o(.ARM.exidx.text.emac_auto_pad_crc_stripping_set), (8 bytes).
    Removing at32f403a_407_emac.o(.text.emac_retry_disable), (26 bytes).
    Removing at32f403a_407_emac.o(.ARM.exidx.text.emac_retry_disable), (8 bytes).
    Removing at32f403a_407_emac.o(.text.emac_ipv4_checksum_offload_set), (26 bytes).
    Removing at32f403a_407_emac.o(.ARM.exidx.text.emac_ipv4_checksum_offload_set), (8 bytes).
    Removing at32f403a_407_emac.o(.text.emac_loopback_mode_enable), (26 bytes).
    Removing at32f403a_407_emac.o(.ARM.exidx.text.emac_loopback_mode_enable), (8 bytes).
    Removing at32f403a_407_emac.o(.text.emac_receive_own_disable), (26 bytes).
    Removing at32f403a_407_emac.o(.ARM.exidx.text.emac_receive_own_disable), (8 bytes).
    Removing at32f403a_407_emac.o(.text.emac_carrier_sense_disable), (26 bytes).
    Removing at32f403a_407_emac.o(.ARM.exidx.text.emac_carrier_sense_disable), (8 bytes).
    Removing at32f403a_407_emac.o(.text.emac_interframe_gap_set), (26 bytes).
    Removing at32f403a_407_emac.o(.ARM.exidx.text.emac_interframe_gap_set), (8 bytes).
    Removing at32f403a_407_emac.o(.text.emac_jabber_disable), (26 bytes).
    Removing at32f403a_407_emac.o(.ARM.exidx.text.emac_jabber_disable), (8 bytes).
    Removing at32f403a_407_emac.o(.text.emac_watchdog_disable), (26 bytes).
    Removing at32f403a_407_emac.o(.ARM.exidx.text.emac_watchdog_disable), (8 bytes).
    Removing at32f403a_407_emac.o(.ARM.exidx.text.emac_dma_software_reset_set), (8 bytes).
    Removing at32f403a_407_emac.o(.ARM.exidx.text.emac_dma_software_reset_get), (8 bytes).
    Removing at32f403a_407_emac.o(.ARM.exidx.text.emac_start), (8 bytes).
    Removing at32f403a_407_emac.o(.text.emac_trasmitter_enable), (80 bytes).
    Removing at32f403a_407_emac.o(.ARM.exidx.text.emac_trasmitter_enable), (8 bytes).
    Removing at32f403a_407_emac.o(.text.emac_dma_operations_set), (244 bytes).
    Removing at32f403a_407_emac.o(.ARM.exidx.text.emac_dma_operations_set), (8 bytes).
    Removing at32f403a_407_emac.o(.text.emac_receiver_enable), (80 bytes).
    Removing at32f403a_407_emac.o(.ARM.exidx.text.emac_receiver_enable), (8 bytes).
    Removing at32f403a_407_emac.o(.ARM.exidx.text.emac_stop), (8 bytes).
    Removing at32f403a_407_emac.o(.ARM.exidx.text.emac_phy_register_write), (8 bytes).
    Removing at32f403a_407_emac.o(.ARM.exidx.text.emac_phy_register_read), (8 bytes).
    Removing at32f403a_407_emac.o(.ARM.exidx.text.emac_fast_speed_set), (8 bytes).
    Removing at32f403a_407_emac.o(.ARM.exidx.text.emac_duplex_mode_set), (8 bytes).
    Removing at32f403a_407_emac.o(.text.emac_promiscuous_mode_set), (18 bytes).
    Removing at32f403a_407_emac.o(.ARM.exidx.text.emac_promiscuous_mode_set), (8 bytes).
    Removing at32f403a_407_emac.o(.text.emac_hash_unicast_set), (26 bytes).
    Removing at32f403a_407_emac.o(.ARM.exidx.text.emac_hash_unicast_set), (8 bytes).
    Removing at32f403a_407_emac.o(.text.emac_hash_multicast_set), (26 bytes).
    Removing at32f403a_407_emac.o(.ARM.exidx.text.emac_hash_multicast_set), (8 bytes).
    Removing at32f403a_407_emac.o(.text.emac_dstaddr_inverse_filter_set), (26 bytes).
    Removing at32f403a_407_emac.o(.ARM.exidx.text.emac_dstaddr_inverse_filter_set), (8 bytes).
    Removing at32f403a_407_emac.o(.text.emac_pass_all_multicasting_set), (26 bytes).
    Removing at32f403a_407_emac.o(.ARM.exidx.text.emac_pass_all_multicasting_set), (8 bytes).
    Removing at32f403a_407_emac.o(.text.emac_broadcast_frames_disable), (26 bytes).
    Removing at32f403a_407_emac.o(.ARM.exidx.text.emac_broadcast_frames_disable), (8 bytes).
    Removing at32f403a_407_emac.o(.text.emac_pass_control_frames_set), (26 bytes).
    Removing at32f403a_407_emac.o(.ARM.exidx.text.emac_pass_control_frames_set), (8 bytes).
    Removing at32f403a_407_emac.o(.text.emac_srcaddr_inverse_filter_set), (26 bytes).
    Removing at32f403a_407_emac.o(.ARM.exidx.text.emac_srcaddr_inverse_filter_set), (8 bytes).
    Removing at32f403a_407_emac.o(.text.emac_srcaddr_filter_set), (26 bytes).
    Removing at32f403a_407_emac.o(.ARM.exidx.text.emac_srcaddr_filter_set), (8 bytes).
    Removing at32f403a_407_emac.o(.text.emac_hash_perfect_filter_set), (26 bytes).
    Removing at32f403a_407_emac.o(.ARM.exidx.text.emac_hash_perfect_filter_set), (8 bytes).
    Removing at32f403a_407_emac.o(.text.emac_receive_all_set), (22 bytes).
    Removing at32f403a_407_emac.o(.ARM.exidx.text.emac_receive_all_set), (8 bytes).
    Removing at32f403a_407_emac.o(.text.emac_hash_table_high32bits_set), (14 bytes).
    Removing at32f403a_407_emac.o(.ARM.exidx.text.emac_hash_table_high32bits_set), (8 bytes).
    Removing at32f403a_407_emac.o(.text.emac_hash_table_low32bits_set), (14 bytes).
    Removing at32f403a_407_emac.o(.ARM.exidx.text.emac_hash_table_low32bits_set), (8 bytes).
    Removing at32f403a_407_emac.o(.text.emac_mii_busy_get), (16 bytes).
    Removing at32f403a_407_emac.o(.ARM.exidx.text.emac_mii_busy_get), (8 bytes).
    Removing at32f403a_407_emac.o(.text.emac_mii_write), (26 bytes).
    Removing at32f403a_407_emac.o(.ARM.exidx.text.emac_mii_write), (8 bytes).
    Removing at32f403a_407_emac.o(.text.emac_fcb_bpa_set), (18 bytes).
    Removing at32f403a_407_emac.o(.ARM.exidx.text.emac_fcb_bpa_set), (8 bytes).
    Removing at32f403a_407_emac.o(.text.emac_transmit_flow_control_enable), (26 bytes).
    Removing at32f403a_407_emac.o(.ARM.exidx.text.emac_transmit_flow_control_enable), (8 bytes).
    Removing at32f403a_407_emac.o(.text.emac_receive_flow_control_enable), (26 bytes).
    Removing at32f403a_407_emac.o(.ARM.exidx.text.emac_receive_flow_control_enable), (8 bytes).
    Removing at32f403a_407_emac.o(.text.emac_unicast_pause_frame_detect), (26 bytes).
    Removing at32f403a_407_emac.o(.ARM.exidx.text.emac_unicast_pause_frame_detect), (8 bytes).
    Removing at32f403a_407_emac.o(.text.emac_pause_low_threshold_set), (26 bytes).
    Removing at32f403a_407_emac.o(.ARM.exidx.text.emac_pause_low_threshold_set), (8 bytes).
    Removing at32f403a_407_emac.o(.text.emac_zero_quanta_pause_disable), (26 bytes).
    Removing at32f403a_407_emac.o(.ARM.exidx.text.emac_zero_quanta_pause_disable), (8 bytes).
    Removing at32f403a_407_emac.o(.text.emac_pause_time_set), (18 bytes).
    Removing at32f403a_407_emac.o(.ARM.exidx.text.emac_pause_time_set), (8 bytes).
    Removing at32f403a_407_emac.o(.text.emac_vlan_tag_identifier_set), (22 bytes).
    Removing at32f403a_407_emac.o(.ARM.exidx.text.emac_vlan_tag_identifier_set), (8 bytes).
    Removing at32f403a_407_emac.o(.text.emac_vlan_tag_comparison_set), (26 bytes).
    Removing at32f403a_407_emac.o(.ARM.exidx.text.emac_vlan_tag_comparison_set), (8 bytes).
    Removing at32f403a_407_emac.o(.text.emac_wakeup_frame_set), (12 bytes).
    Removing at32f403a_407_emac.o(.ARM.exidx.text.emac_wakeup_frame_set), (8 bytes).
    Removing at32f403a_407_emac.o(.text.emac_wakeup_frame_get), (12 bytes).
    Removing at32f403a_407_emac.o(.ARM.exidx.text.emac_wakeup_frame_get), (8 bytes).
    Removing at32f403a_407_emac.o(.text.emac_power_down_set), (18 bytes).
    Removing at32f403a_407_emac.o(.ARM.exidx.text.emac_power_down_set), (8 bytes).
    Removing at32f403a_407_emac.o(.text.emac_magic_packet_enable), (26 bytes).
    Removing at32f403a_407_emac.o(.ARM.exidx.text.emac_magic_packet_enable), (8 bytes).
    Removing at32f403a_407_emac.o(.text.emac_wakeup_frame_enable), (26 bytes).
    Removing at32f403a_407_emac.o(.ARM.exidx.text.emac_wakeup_frame_enable), (8 bytes).
    Removing at32f403a_407_emac.o(.text.emac_received_magic_packet_get), (16 bytes).
    Removing at32f403a_407_emac.o(.ARM.exidx.text.emac_received_magic_packet_get), (8 bytes).
    Removing at32f403a_407_emac.o(.text.emac_received_wakeup_frame_get), (16 bytes).
    Removing at32f403a_407_emac.o(.ARM.exidx.text.emac_received_wakeup_frame_get), (8 bytes).
    Removing at32f403a_407_emac.o(.text.emac_global_unicast_set), (26 bytes).
    Removing at32f403a_407_emac.o(.ARM.exidx.text.emac_global_unicast_set), (8 bytes).
    Removing at32f403a_407_emac.o(.text.emac_wakeup_frame_filter_reset), (22 bytes).
    Removing at32f403a_407_emac.o(.ARM.exidx.text.emac_wakeup_frame_filter_reset), (8 bytes).
    Removing at32f403a_407_emac.o(.text.emac_interrupt_status_read), (18 bytes).
    Removing at32f403a_407_emac.o(.ARM.exidx.text.emac_interrupt_status_read), (8 bytes).
    Removing at32f403a_407_emac.o(.text.emac_interrupt_mask_set), (54 bytes).
    Removing at32f403a_407_emac.o(.ARM.exidx.text.emac_interrupt_mask_set), (8 bytes).
    Removing at32f403a_407_emac.o(.ARM.exidx.text.emac_local_address_set), (8 bytes).
    Removing at32f403a_407_emac.o(.text.emac_address_filter_set), (184 bytes).
    Removing at32f403a_407_emac.o(.ARM.exidx.text.emac_address_filter_set), (8 bytes).
    Removing at32f403a_407_emac.o(.ARM.exidx.text.emac_dma_descriptor_list_address_set), (8 bytes).
    Removing at32f403a_407_emac.o(.text.emac_ptp_dma_descriptor_list_address_set), (242 bytes).
    Removing at32f403a_407_emac.o(.ARM.exidx.text.emac_ptp_dma_descriptor_list_address_set), (8 bytes).
    Removing at32f403a_407_emac.o(.ARM.exidx.text.emac_dma_rx_desc_interrupt_config), (8 bytes).
    Removing at32f403a_407_emac.o(.text.emac_dma_descriptor_list_address_get), (36 bytes).
    Removing at32f403a_407_emac.o(.ARM.exidx.text.emac_dma_descriptor_list_address_get), (8 bytes).
    Removing at32f403a_407_emac.o(.text.emac_received_packet_size_get), (48 bytes).
    Removing at32f403a_407_emac.o(.ARM.exidx.text.emac_received_packet_size_get), (8 bytes).
    Removing at32f403a_407_emac.o(.text.emac_dmarxdesc_frame_length_get), (8 bytes).
    Removing at32f403a_407_emac.o(.ARM.exidx.text.emac_dmarxdesc_frame_length_get), (8 bytes).
    Removing at32f403a_407_emac.o(.ARM.exidx.text.emac_dma_para_init), (8 bytes).
    Removing at32f403a_407_emac.o(.ARM.exidx.text.emac_dma_config), (8 bytes).
    Removing at32f403a_407_emac.o(.text.emac_dma_arbitation_set), (56 bytes).
    Removing at32f403a_407_emac.o(.ARM.exidx.text.emac_dma_arbitation_set), (8 bytes).
    Removing at32f403a_407_emac.o(.text.emac_dma_descriptor_skip_length_set), (26 bytes).
    Removing at32f403a_407_emac.o(.ARM.exidx.text.emac_dma_descriptor_skip_length_set), (8 bytes).
    Removing at32f403a_407_emac.o(.text.emac_dma_separate_pbl_set), (78 bytes).
    Removing at32f403a_407_emac.o(.ARM.exidx.text.emac_dma_separate_pbl_set), (8 bytes).
    Removing at32f403a_407_emac.o(.text.emac_dma_eight_pbl_mode_set), (26 bytes).
    Removing at32f403a_407_emac.o(.ARM.exidx.text.emac_dma_eight_pbl_mode_set), (8 bytes).
    Removing at32f403a_407_emac.o(.text.emac_dma_address_aligned_beats_set), (26 bytes).
    Removing at32f403a_407_emac.o(.ARM.exidx.text.emac_dma_address_aligned_beats_set), (8 bytes).
    Removing at32f403a_407_emac.o(.text.emac_dma_poll_demand_set), (38 bytes).
    Removing at32f403a_407_emac.o(.ARM.exidx.text.emac_dma_poll_demand_set), (8 bytes).
    Removing at32f403a_407_emac.o(.text.emac_dma_poll_demand_get), (36 bytes).
    Removing at32f403a_407_emac.o(.ARM.exidx.text.emac_dma_poll_demand_get), (8 bytes).
    Removing at32f403a_407_emac.o(.text.emac_dma_receive_status_get), (36 bytes).
    Removing at32f403a_407_emac.o(.ARM.exidx.text.emac_dma_receive_status_get), (8 bytes).
    Removing at32f403a_407_emac.o(.text.emac_dma_transmit_status_get), (36 bytes).
    Removing at32f403a_407_emac.o(.ARM.exidx.text.emac_dma_transmit_status_get), (8 bytes).
    Removing at32f403a_407_emac.o(.text.emac_dma_receive_threshold_set), (26 bytes).
    Removing at32f403a_407_emac.o(.ARM.exidx.text.emac_dma_receive_threshold_set), (8 bytes).
    Removing at32f403a_407_emac.o(.text.emac_dma_transmit_threshold_set), (26 bytes).
    Removing at32f403a_407_emac.o(.ARM.exidx.text.emac_dma_transmit_threshold_set), (8 bytes).
    Removing at32f403a_407_emac.o(.ARM.exidx.text.emac_dma_interrupt_enable), (8 bytes).
    Removing at32f403a_407_emac.o(.text.emac_dma_controller_missing_frame_get), (14 bytes).
    Removing at32f403a_407_emac.o(.ARM.exidx.text.emac_dma_controller_missing_frame_get), (8 bytes).
    Removing at32f403a_407_emac.o(.text.emac_dma_missing_overflow_bit_get), (16 bytes).
    Removing at32f403a_407_emac.o(.ARM.exidx.text.emac_dma_missing_overflow_bit_get), (8 bytes).
    Removing at32f403a_407_emac.o(.text.emac_dma_application_missing_frame_get), (16 bytes).
    Removing at32f403a_407_emac.o(.ARM.exidx.text.emac_dma_application_missing_frame_get), (8 bytes).
    Removing at32f403a_407_emac.o(.text.emac_dma_fifo_overflow_bit_get), (16 bytes).
    Removing at32f403a_407_emac.o(.ARM.exidx.text.emac_dma_fifo_overflow_bit_get), (8 bytes).
    Removing at32f403a_407_emac.o(.text.emac_dma_tansfer_address_get), (64 bytes).
    Removing at32f403a_407_emac.o(.ARM.exidx.text.emac_dma_tansfer_address_get), (8 bytes).
    Removing at32f403a_407_emac.o(.text.emac_dma_alternate_desc_size), (26 bytes).
    Removing at32f403a_407_emac.o(.ARM.exidx.text.emac_dma_alternate_desc_size), (8 bytes).
    Removing at32f403a_407_emac.o(.text.emac_mmc_counter_reset), (18 bytes).
    Removing at32f403a_407_emac.o(.ARM.exidx.text.emac_mmc_counter_reset), (8 bytes).
    Removing at32f403a_407_emac.o(.text.emac_mmc_rollover_stop), (26 bytes).
    Removing at32f403a_407_emac.o(.ARM.exidx.text.emac_mmc_rollover_stop), (8 bytes).
    Removing at32f403a_407_emac.o(.text.emac_mmc_reset_on_read_enable), (26 bytes).
    Removing at32f403a_407_emac.o(.ARM.exidx.text.emac_mmc_reset_on_read_enable), (8 bytes).
    Removing at32f403a_407_emac.o(.text.emac_mmc_counter_freeze), (26 bytes).
    Removing at32f403a_407_emac.o(.ARM.exidx.text.emac_mmc_counter_freeze), (8 bytes).
    Removing at32f403a_407_emac.o(.text.emac_mmc_received_status_get), (18 bytes).
    Removing at32f403a_407_emac.o(.ARM.exidx.text.emac_mmc_received_status_get), (8 bytes).
    Removing at32f403a_407_emac.o(.text.emac_mmc_transmit_status_get), (18 bytes).
    Removing at32f403a_407_emac.o(.ARM.exidx.text.emac_mmc_transmit_status_get), (8 bytes).
    Removing at32f403a_407_emac.o(.text.emac_mmc_received_interrupt_mask_set), (78 bytes).
    Removing at32f403a_407_emac.o(.ARM.exidx.text.emac_mmc_received_interrupt_mask_set), (8 bytes).
    Removing at32f403a_407_emac.o(.text.emac_mmc_transmit_interrupt_mask_set), (60 bytes).
    Removing at32f403a_407_emac.o(.ARM.exidx.text.emac_mmc_transmit_interrupt_mask_set), (8 bytes).
    Removing at32f403a_407_emac.o(.text.emac_mmc_transmit_good_frames_get), (58 bytes).
    Removing at32f403a_407_emac.o(.ARM.exidx.text.emac_mmc_transmit_good_frames_get), (8 bytes).
    Removing at32f403a_407_emac.o(.text.emac_mmc_received_error_frames_get), (54 bytes).
    Removing at32f403a_407_emac.o(.ARM.exidx.text.emac_mmc_received_error_frames_get), (8 bytes).
    Removing at32f403a_407_emac.o(.text.emac_ptp_timestamp_enable), (18 bytes).
    Removing at32f403a_407_emac.o(.ARM.exidx.text.emac_ptp_timestamp_enable), (8 bytes).
    Removing at32f403a_407_emac.o(.text.emac_ptp_timestamp_fine_update_enable), (26 bytes).
    Removing at32f403a_407_emac.o(.ARM.exidx.text.emac_ptp_timestamp_fine_update_enable), (8 bytes).
    Removing at32f403a_407_emac.o(.text.emac_ptp_timestamp_system_time_init), (26 bytes).
    Removing at32f403a_407_emac.o(.ARM.exidx.text.emac_ptp_timestamp_system_time_init), (8 bytes).
    Removing at32f403a_407_emac.o(.text.emac_ptp_timestamp_system_time_update), (26 bytes).
    Removing at32f403a_407_emac.o(.ARM.exidx.text.emac_ptp_timestamp_system_time_update), (8 bytes).
    Removing at32f403a_407_emac.o(.text.emac_ptp_interrupt_trigger_enable), (26 bytes).
    Removing at32f403a_407_emac.o(.ARM.exidx.text.emac_ptp_interrupt_trigger_enable), (8 bytes).
    Removing at32f403a_407_emac.o(.text.emac_ptp_addend_register_update), (26 bytes).
    Removing at32f403a_407_emac.o(.ARM.exidx.text.emac_ptp_addend_register_update), (8 bytes).
    Removing at32f403a_407_emac.o(.text.emac_ptp_snapshot_received_frames_enable), (26 bytes).
    Removing at32f403a_407_emac.o(.ARM.exidx.text.emac_ptp_snapshot_received_frames_enable), (8 bytes).
    Removing at32f403a_407_emac.o(.text.emac_ptp_subsecond_rollover_enable), (26 bytes).
    Removing at32f403a_407_emac.o(.ARM.exidx.text.emac_ptp_subsecond_rollover_enable), (8 bytes).
    Removing at32f403a_407_emac.o(.text.emac_ptp_psv2_enable), (26 bytes).
    Removing at32f403a_407_emac.o(.ARM.exidx.text.emac_ptp_psv2_enable), (8 bytes).
    Removing at32f403a_407_emac.o(.text.emac_ptp_snapshot_emac_frames_enable), (26 bytes).
    Removing at32f403a_407_emac.o(.ARM.exidx.text.emac_ptp_snapshot_emac_frames_enable), (8 bytes).
    Removing at32f403a_407_emac.o(.text.emac_ptp_snapshot_ipv6_frames_enable), (26 bytes).
    Removing at32f403a_407_emac.o(.ARM.exidx.text.emac_ptp_snapshot_ipv6_frames_enable), (8 bytes).
    Removing at32f403a_407_emac.o(.text.emac_ptp_snapshot_ipv4_frames_enable), (26 bytes).
    Removing at32f403a_407_emac.o(.ARM.exidx.text.emac_ptp_snapshot_ipv4_frames_enable), (8 bytes).
    Removing at32f403a_407_emac.o(.text.emac_ptp_snapshot_event_message_enable), (26 bytes).
    Removing at32f403a_407_emac.o(.ARM.exidx.text.emac_ptp_snapshot_event_message_enable), (8 bytes).
    Removing at32f403a_407_emac.o(.text.emac_ptp_snapshot_master_event_enable), (26 bytes).
    Removing at32f403a_407_emac.o(.ARM.exidx.text.emac_ptp_snapshot_master_event_enable), (8 bytes).
    Removing at32f403a_407_emac.o(.text.emac_ptp_clock_node_set), (26 bytes).
    Removing at32f403a_407_emac.o(.ARM.exidx.text.emac_ptp_clock_node_set), (8 bytes).
    Removing at32f403a_407_emac.o(.text.emac_ptp_mac_address_filter_enable), (26 bytes).
    Removing at32f403a_407_emac.o(.ARM.exidx.text.emac_ptp_mac_address_filter_enable), (8 bytes).
    Removing at32f403a_407_emac.o(.text.emac_ptp_flag_get), (18 bytes).
    Removing at32f403a_407_emac.o(.ARM.exidx.text.emac_ptp_flag_get), (8 bytes).
    Removing at32f403a_407_emac.o(.text.emac_ptp_subsecond_increment_set), (20 bytes).
    Removing at32f403a_407_emac.o(.ARM.exidx.text.emac_ptp_subsecond_increment_set), (8 bytes).
    Removing at32f403a_407_emac.o(.text.emac_ptp_system_second_get), (12 bytes).
    Removing at32f403a_407_emac.o(.ARM.exidx.text.emac_ptp_system_second_get), (8 bytes).
    Removing at32f403a_407_emac.o(.text.emac_ptp_system_subsecond_get), (16 bytes).
    Removing at32f403a_407_emac.o(.ARM.exidx.text.emac_ptp_system_subsecond_get), (8 bytes).
    Removing at32f403a_407_emac.o(.text.emac_ptp_system_time_sign_get), (14 bytes).
    Removing at32f403a_407_emac.o(.ARM.exidx.text.emac_ptp_system_time_sign_get), (8 bytes).
    Removing at32f403a_407_emac.o(.text.emac_ptp_system_time_set), (52 bytes).
    Removing at32f403a_407_emac.o(.ARM.exidx.text.emac_ptp_system_time_set), (8 bytes).
    Removing at32f403a_407_emac.o(.text.emac_ptp_timestamp_addend_set), (14 bytes).
    Removing at32f403a_407_emac.o(.ARM.exidx.text.emac_ptp_timestamp_addend_set), (8 bytes).
    Removing at32f403a_407_emac.o(.text.emac_ptp_target_second_set), (14 bytes).
    Removing at32f403a_407_emac.o(.ARM.exidx.text.emac_ptp_target_second_set), (8 bytes).
    Removing at32f403a_407_emac.o(.text.emac_ptp_target_nanosecond_set), (14 bytes).
    Removing at32f403a_407_emac.o(.ARM.exidx.text.emac_ptp_target_nanosecond_set), (8 bytes).
    Removing at32f403a_407_emac.o(.text.emac_ptp_timestamp_status_get), (44 bytes).
    Removing at32f403a_407_emac.o(.ARM.exidx.text.emac_ptp_timestamp_status_get), (8 bytes).
    Removing at32f403a_407_emac.o(.text.emac_ptp_pps_frequency_set), (18 bytes).
    Removing at32f403a_407_emac.o(.ARM.exidx.text.emac_ptp_pps_frequency_set), (8 bytes).
    Removing at32f403a_407_emac.o(.ARM.exidx.text.emac_dma_flag_get), (8 bytes).
    Removing at32f403a_407_emac.o(.text.emac_dma_interrupt_flag_get), (198 bytes).
    Removing at32f403a_407_emac.o(.ARM.exidx.text.emac_dma_interrupt_flag_get), (8 bytes).
    Removing at32f403a_407_emac.o(.ARM.exidx.text.emac_dma_flag_clear), (8 bytes).
    Removing at32f403a_407_emac.o(.bss.ptp_dma_tx_desc_to_set), (4 bytes).
    Removing at32f403a_407_emac.o(.bss.ptp_dma_rx_desc_to_get), (4 bytes).
    Removing at32f403a_407_exint.o(.text), (0 bytes).
    Removing at32f403a_407_exint.o(.text.exint_reset), (30 bytes).
    Removing at32f403a_407_exint.o(.ARM.exidx.text.exint_reset), (8 bytes).
    Removing at32f403a_407_exint.o(.ARM.exidx.text.exint_default_para_init), (8 bytes).
    Removing at32f403a_407_exint.o(.ARM.exidx.text.exint_init), (8 bytes).
    Removing at32f403a_407_exint.o(.ARM.exidx.text.exint_flag_clear), (8 bytes).
    Removing at32f403a_407_exint.o(.text.exint_flag_get), (18 bytes).
    Removing at32f403a_407_exint.o(.ARM.exidx.text.exint_flag_get), (8 bytes).
    Removing at32f403a_407_exint.o(.ARM.exidx.text.exint_interrupt_flag_get), (8 bytes).
    Removing at32f403a_407_exint.o(.text.exint_software_interrupt_event_generate), (16 bytes).
    Removing at32f403a_407_exint.o(.ARM.exidx.text.exint_software_interrupt_event_generate), (8 bytes).
    Removing at32f403a_407_exint.o(.ARM.exidx.text.exint_interrupt_enable), (8 bytes).
    Removing at32f403a_407_exint.o(.text.exint_event_enable), (24 bytes).
    Removing at32f403a_407_exint.o(.ARM.exidx.text.exint_event_enable), (8 bytes).
    Removing at32f403a_407_gpio.o(.text), (0 bytes).
    Removing at32f403a_407_gpio.o(.text.gpio_reset), (46 bytes).
    Removing at32f403a_407_gpio.o(.ARM.exidx.text.gpio_reset), (8 bytes).
    Removing at32f403a_407_gpio.o(.text.gpio_iomux_reset), (26 bytes).
    Removing at32f403a_407_gpio.o(.ARM.exidx.text.gpio_iomux_reset), (8 bytes).
    Removing at32f403a_407_gpio.o(.ARM.exidx.text.gpio_init), (8 bytes).
    Removing at32f403a_407_gpio.o(.ARM.exidx.text.gpio_default_para_init), (8 bytes).
    Removing at32f403a_407_gpio.o(.ARM.exidx.text.gpio_input_data_bit_read), (8 bytes).
    Removing at32f403a_407_gpio.o(.text.gpio_input_data_read), (6 bytes).
    Removing at32f403a_407_gpio.o(.ARM.exidx.text.gpio_input_data_read), (8 bytes).
    Removing at32f403a_407_gpio.o(.text.gpio_output_data_bit_read), (10 bytes).
    Removing at32f403a_407_gpio.o(.ARM.exidx.text.gpio_output_data_bit_read), (8 bytes).
    Removing at32f403a_407_gpio.o(.text.gpio_output_data_read), (6 bytes).
    Removing at32f403a_407_gpio.o(.ARM.exidx.text.gpio_output_data_read), (8 bytes).
    Removing at32f403a_407_gpio.o(.ARM.exidx.text.gpio_bits_set), (8 bytes).
    Removing at32f403a_407_gpio.o(.ARM.exidx.text.gpio_bits_reset), (8 bytes).
    Removing at32f403a_407_gpio.o(.text.gpio_bits_write), (12 bytes).
    Removing at32f403a_407_gpio.o(.ARM.exidx.text.gpio_bits_write), (8 bytes).
    Removing at32f403a_407_gpio.o(.ARM.exidx.text.gpio_port_write), (8 bytes).
    Removing at32f403a_407_gpio.o(.text.gpio_pin_wp_config), (16 bytes).
    Removing at32f403a_407_gpio.o(.ARM.exidx.text.gpio_pin_wp_config), (8 bytes).
    Removing at32f403a_407_gpio.o(.text.gpio_pins_huge_driven_config), (16 bytes).
    Removing at32f403a_407_gpio.o(.ARM.exidx.text.gpio_pins_huge_driven_config), (8 bytes).
    Removing at32f403a_407_gpio.o(.text.gpio_event_output_config), (22 bytes).
    Removing at32f403a_407_gpio.o(.ARM.exidx.text.gpio_event_output_config), (8 bytes).
    Removing at32f403a_407_gpio.o(.text.gpio_event_output_enable), (24 bytes).
    Removing at32f403a_407_gpio.o(.ARM.exidx.text.gpio_event_output_enable), (8 bytes).
    Removing at32f403a_407_gpio.o(.ARM.exidx.text.gpio_pin_remap_config), (8 bytes).
    Removing at32f403a_407_gpio.o(.ARM.exidx.text.gpio_exint_line_config), (8 bytes).
    Removing at32f403a_407_misc.o(.text), (0 bytes).
    Removing at32f403a_407_misc.o(.text.nvic_system_reset), (4 bytes).
    Removing at32f403a_407_misc.o(.ARM.exidx.text.nvic_system_reset), (8 bytes).
    Removing at32f403a_407_misc.o(.text.__NVIC_SystemReset), (36 bytes).
    Removing at32f403a_407_misc.o(.ARM.exidx.text.__NVIC_SystemReset), (8 bytes).
    Removing at32f403a_407_misc.o(.ARM.exidx.text.nvic_irq_enable), (8 bytes).
    Removing at32f403a_407_misc.o(.ARM.exidx.text.nvic_irq_disable), (8 bytes).
    Removing at32f403a_407_misc.o(.ARM.exidx.text.nvic_priority_group_config), (8 bytes).
    Removing at32f403a_407_misc.o(.text.nvic_vector_table_set), (24 bytes).
    Removing at32f403a_407_misc.o(.ARM.exidx.text.nvic_vector_table_set), (8 bytes).
    Removing at32f403a_407_misc.o(.text.nvic_lowpower_mode_config), (24 bytes).
    Removing at32f403a_407_misc.o(.ARM.exidx.text.nvic_lowpower_mode_config), (8 bytes).
    Removing at32f403a_407_misc.o(.ARM.exidx.text.systick_clock_source_config), (8 bytes).
    Removing at32f403a_407_tmr.o(.text), (0 bytes).
    Removing at32f403a_407_tmr.o(.text.tmr_reset), (356 bytes).
    Removing at32f403a_407_tmr.o(.ARM.exidx.text.tmr_reset), (8 bytes).
    Removing at32f403a_407_tmr.o(.ARM.exidx.text.tmr_counter_enable), (8 bytes).
    Removing at32f403a_407_tmr.o(.ARM.exidx.text.tmr_output_default_para_init), (8 bytes).
    Removing at32f403a_407_tmr.o(.text.tmr_input_default_para_init), (8 bytes).
    Removing at32f403a_407_tmr.o(.ARM.exidx.text.tmr_input_default_para_init), (8 bytes).
    Removing at32f403a_407_tmr.o(.text.tmr_brkdt_default_para_init), (10 bytes).
    Removing at32f403a_407_tmr.o(.ARM.exidx.text.tmr_brkdt_default_para_init), (8 bytes).
    Removing at32f403a_407_tmr.o(.ARM.exidx.text.tmr_base_init), (8 bytes).
    Removing at32f403a_407_tmr.o(.text.tmr_clock_source_div_set), (18 bytes).
    Removing at32f403a_407_tmr.o(.ARM.exidx.text.tmr_clock_source_div_set), (8 bytes).
    Removing at32f403a_407_tmr.o(.ARM.exidx.text.tmr_cnt_dir_set), (8 bytes).
    Removing at32f403a_407_tmr.o(.text.tmr_repetition_counter_set), (12 bytes).
    Removing at32f403a_407_tmr.o(.ARM.exidx.text.tmr_repetition_counter_set), (8 bytes).
    Removing at32f403a_407_tmr.o(.text.tmr_counter_value_set), (4 bytes).
    Removing at32f403a_407_tmr.o(.ARM.exidx.text.tmr_counter_value_set), (8 bytes).
    Removing at32f403a_407_tmr.o(.text.tmr_counter_value_get), (4 bytes).
    Removing at32f403a_407_tmr.o(.ARM.exidx.text.tmr_counter_value_get), (8 bytes).
    Removing at32f403a_407_tmr.o(.text.tmr_div_value_set), (4 bytes).
    Removing at32f403a_407_tmr.o(.ARM.exidx.text.tmr_div_value_set), (8 bytes).
    Removing at32f403a_407_tmr.o(.text.tmr_div_value_get), (4 bytes).
    Removing at32f403a_407_tmr.o(.ARM.exidx.text.tmr_div_value_get), (8 bytes).
    Removing at32f403a_407_tmr.o(.ARM.exidx.text.tmr_output_channel_config), (8 bytes).
    Removing at32f403a_407_tmr.o(.text.tmr_output_channel_mode_select), (88 bytes).
    Removing at32f403a_407_tmr.o(.ARM.exidx.text.tmr_output_channel_mode_select), (8 bytes).
    Removing at32f403a_407_tmr.o(.text.tmr_period_value_set), (4 bytes).
    Removing at32f403a_407_tmr.o(.ARM.exidx.text.tmr_period_value_set), (8 bytes).
    Removing at32f403a_407_tmr.o(.text.tmr_period_value_get), (4 bytes).
    Removing at32f403a_407_tmr.o(.ARM.exidx.text.tmr_period_value_get), (8 bytes).
    Removing at32f403a_407_tmr.o(.ARM.exidx.text.tmr_channel_value_set), (8 bytes).
    Removing at32f403a_407_tmr.o(.text.tmr_channel_value_get), (40 bytes).
    Removing at32f403a_407_tmr.o(.ARM.exidx.text.tmr_channel_value_get), (8 bytes).
    Removing at32f403a_407_tmr.o(.ARM.exidx.text.tmr_period_buffer_enable), (8 bytes).
    Removing at32f403a_407_tmr.o(.ARM.exidx.text.tmr_output_channel_buffer_enable), (8 bytes).
    Removing at32f403a_407_tmr.o(.text.tmr_output_channel_immediately_set), (88 bytes).
    Removing at32f403a_407_tmr.o(.ARM.exidx.text.tmr_output_channel_immediately_set), (8 bytes).
    Removing at32f403a_407_tmr.o(.text.tmr_output_channel_switch_set), (88 bytes).
    Removing at32f403a_407_tmr.o(.ARM.exidx.text.tmr_output_channel_switch_set), (8 bytes).
    Removing at32f403a_407_tmr.o(.text.tmr_one_cycle_mode_enable), (18 bytes).
    Removing at32f403a_407_tmr.o(.ARM.exidx.text.tmr_one_cycle_mode_enable), (8 bytes).
    Removing at32f403a_407_tmr.o(.text.tmr_32_bit_function_enable), (38 bytes).
    Removing at32f403a_407_tmr.o(.ARM.exidx.text.tmr_32_bit_function_enable), (8 bytes).
    Removing at32f403a_407_tmr.o(.text.tmr_overflow_request_source_set), (18 bytes).
    Removing at32f403a_407_tmr.o(.ARM.exidx.text.tmr_overflow_request_source_set), (8 bytes).
    Removing at32f403a_407_tmr.o(.text.tmr_overflow_event_disable), (18 bytes).
    Removing at32f403a_407_tmr.o(.ARM.exidx.text.tmr_overflow_event_disable), (8 bytes).
    Removing at32f403a_407_tmr.o(.text.tmr_input_channel_init), (460 bytes).
    Removing at32f403a_407_tmr.o(.ARM.exidx.text.tmr_input_channel_init), (8 bytes).
    Removing at32f403a_407_tmr.o(.text.tmr_channel_enable), (136 bytes).
    Removing at32f403a_407_tmr.o(.ARM.exidx.text.tmr_channel_enable), (8 bytes).
    Removing at32f403a_407_tmr.o(.text.tmr_input_channel_filter_set), (88 bytes).
    Removing at32f403a_407_tmr.o(.ARM.exidx.text.tmr_input_channel_filter_set), (8 bytes).
    Removing at32f403a_407_tmr.o(.text.tmr_pwm_input_config), (276 bytes).
    Removing at32f403a_407_tmr.o(.ARM.exidx.text.tmr_pwm_input_config), (8 bytes).
    Removing at32f403a_407_tmr.o(.text.tmr_channel1_input_select), (18 bytes).
    Removing at32f403a_407_tmr.o(.ARM.exidx.text.tmr_channel1_input_select), (8 bytes).
    Removing at32f403a_407_tmr.o(.text.tmr_input_channel_divider_set), (88 bytes).
    Removing at32f403a_407_tmr.o(.ARM.exidx.text.tmr_input_channel_divider_set), (8 bytes).
    Removing at32f403a_407_tmr.o(.text.tmr_primary_mode_select), (18 bytes).
    Removing at32f403a_407_tmr.o(.ARM.exidx.text.tmr_primary_mode_select), (8 bytes).
    Removing at32f403a_407_tmr.o(.text.tmr_sub_mode_select), (10 bytes).
    Removing at32f403a_407_tmr.o(.ARM.exidx.text.tmr_sub_mode_select), (8 bytes).
    Removing at32f403a_407_tmr.o(.text.tmr_channel_dma_select), (18 bytes).
    Removing at32f403a_407_tmr.o(.ARM.exidx.text.tmr_channel_dma_select), (8 bytes).
    Removing at32f403a_407_tmr.o(.text.tmr_hall_select), (18 bytes).
    Removing at32f403a_407_tmr.o(.ARM.exidx.text.tmr_hall_select), (8 bytes).
    Removing at32f403a_407_tmr.o(.text.tmr_channel_buffer_enable), (10 bytes).
    Removing at32f403a_407_tmr.o(.ARM.exidx.text.tmr_channel_buffer_enable), (8 bytes).
    Removing at32f403a_407_tmr.o(.text.tmr_trigger_input_select), (18 bytes).
    Removing at32f403a_407_tmr.o(.ARM.exidx.text.tmr_trigger_input_select), (8 bytes).
    Removing at32f403a_407_tmr.o(.text.tmr_sub_sync_mode_set), (18 bytes).
    Removing at32f403a_407_tmr.o(.ARM.exidx.text.tmr_sub_sync_mode_set), (8 bytes).
    Removing at32f403a_407_tmr.o(.text.tmr_dma_request_enable), (26 bytes).
    Removing at32f403a_407_tmr.o(.ARM.exidx.text.tmr_dma_request_enable), (8 bytes).
    Removing at32f403a_407_tmr.o(.ARM.exidx.text.tmr_interrupt_enable), (8 bytes).
    Removing at32f403a_407_tmr.o(.ARM.exidx.text.tmr_interrupt_flag_get), (8 bytes).
    Removing at32f403a_407_tmr.o(.text.tmr_flag_get), (10 bytes).
    Removing at32f403a_407_tmr.o(.ARM.exidx.text.tmr_flag_get), (8 bytes).
    Removing at32f403a_407_tmr.o(.ARM.exidx.text.tmr_flag_clear), (8 bytes).
    Removing at32f403a_407_tmr.o(.text.tmr_event_sw_trigger), (8 bytes).
    Removing at32f403a_407_tmr.o(.ARM.exidx.text.tmr_event_sw_trigger), (8 bytes).
    Removing at32f403a_407_tmr.o(.ARM.exidx.text.tmr_output_enable), (8 bytes).
    Removing at32f403a_407_tmr.o(.text.tmr_internal_clock_set), (10 bytes).
    Removing at32f403a_407_tmr.o(.ARM.exidx.text.tmr_internal_clock_set), (8 bytes).
    Removing at32f403a_407_tmr.o(.text.tmr_output_channel_polarity_set), (144 bytes).
    Removing at32f403a_407_tmr.o(.ARM.exidx.text.tmr_output_channel_polarity_set), (8 bytes).
    Removing at32f403a_407_tmr.o(.text.tmr_external_clock_config), (54 bytes).
    Removing at32f403a_407_tmr.o(.ARM.exidx.text.tmr_external_clock_config), (8 bytes).
    Removing at32f403a_407_tmr.o(.text.tmr_external_clock_mode1_config), (70 bytes).
    Removing at32f403a_407_tmr.o(.ARM.exidx.text.tmr_external_clock_mode1_config), (8 bytes).
    Removing at32f403a_407_tmr.o(.text.tmr_external_clock_mode2_config), (62 bytes).
    Removing at32f403a_407_tmr.o(.ARM.exidx.text.tmr_external_clock_mode2_config), (8 bytes).
    Removing at32f403a_407_tmr.o(.text.tmr_encoder_mode_config), (68 bytes).
    Removing at32f403a_407_tmr.o(.ARM.exidx.text.tmr_encoder_mode_config), (8 bytes).
    Removing at32f403a_407_tmr.o(.text.tmr_force_output_set), (88 bytes).
    Removing at32f403a_407_tmr.o(.ARM.exidx.text.tmr_force_output_set), (8 bytes).
    Removing at32f403a_407_tmr.o(.text.tmr_dma_control_config), (26 bytes).
    Removing at32f403a_407_tmr.o(.ARM.exidx.text.tmr_dma_control_config), (8 bytes).
    Removing at32f403a_407_tmr.o(.text.tmr_brkdt_config), (122 bytes).
    Removing at32f403a_407_tmr.o(.ARM.exidx.text.tmr_brkdt_config), (8 bytes).
    Removing system_at32f403a_407.o(.text), (0 bytes).
    Removing system_at32f403a_407.o(.ARM.exidx.text.SystemInit), (8 bytes).
    Removing system_at32f403a_407.o(.ARM.exidx.text.system_core_clock_update), (8 bytes).
    Removing altcp.o(.text), (0 bytes).
    Removing altcp_alloc.o(.text), (0 bytes).
    Removing altcp_tcp.o(.text), (0 bytes).
    Removing api_lib.o(.text), (0 bytes).
    Removing api_msg.o(.text), (0 bytes).
    Removing autoip.o(.text), (0 bytes).
    Removing def.o(.text), (0 bytes).
    Removing def.o(.ARM.exidx.text.lwip_htons), (8 bytes).
    Removing def.o(.ARM.exidx.text.lwip_htonl), (8 bytes).
    Removing def.o(.text.lwip_strnstr), (92 bytes).
    Removing def.o(.ARM.exidx.text.lwip_strnstr), (8 bytes).
    Removing def.o(.text.lwip_stricmp), (54 bytes).
    Removing def.o(.ARM.exidx.text.lwip_stricmp), (8 bytes).
    Removing def.o(.text.lwip_strnicmp), (62 bytes).
    Removing def.o(.ARM.exidx.text.lwip_strnicmp), (8 bytes).
    Removing def.o(.text.lwip_itoa), (168 bytes).
    Removing def.o(.ARM.exidx.text.lwip_itoa), (8 bytes).
    Removing dhcp.o(.text), (0 bytes).
    Removing dns.o(.text), (0 bytes).
    Removing err.o(.text), (0 bytes).
    Removing err.o(.text.lwip_strerr), (44 bytes).
    Removing err.o(.ARM.exidx.text.lwip_strerr), (8 bytes).
    Removing err.o(.rodata.err_strerr), (68 bytes).
    Removing err.o(.rodata.str1.1), (294 bytes).
    Removing etharp.o(.text), (0 bytes).
    Removing etharp.o(.ARM.exidx.text.etharp_tmr), (8 bytes).
    Removing etharp.o(.ARM.exidx.text.etharp_request), (8 bytes).
    Removing etharp.o(.text.etharp_add_static_entry), (32 bytes).
    Removing etharp.o(.ARM.exidx.text.etharp_add_static_entry), (8 bytes).
    Removing etharp.o(.ARM.exidx.text.etharp_update_arp_entry), (8 bytes).
    Removing etharp.o(.text.etharp_remove_static_entry), (174 bytes).
    Removing etharp.o(.ARM.exidx.text.etharp_remove_static_entry), (8 bytes).
    Removing etharp.o(.ARM.exidx.text.etharp_find_entry), (8 bytes).
    Removing etharp.o(.ARM.exidx.text.etharp_cleanup_netif), (8 bytes).
    Removing etharp.o(.text.etharp_find_addr), (154 bytes).
    Removing etharp.o(.ARM.exidx.text.etharp_find_addr), (8 bytes).
    Removing etharp.o(.text.etharp_get_entry), (54 bytes).
    Removing etharp.o(.ARM.exidx.text.etharp_get_entry), (8 bytes).
    Removing etharp.o(.ARM.exidx.text.etharp_input), (8 bytes).
    Removing etharp.o(.ARM.exidx.text.etharp_raw), (8 bytes).
    Removing etharp.o(.ARM.exidx.text.etharp_output), (8 bytes).
    Removing etharp.o(.ARM.exidx.text.etharp_output_to_arp_index), (8 bytes).
    Removing etharp.o(.ARM.exidx.text.etharp_query), (8 bytes).
    Removing etharp.o(.ARM.exidx.text.etharp_request_dst), (8 bytes).
    Removing ethernet.o(.text), (0 bytes).
    Removing ethernet.o(.ARM.exidx.text.ethernet_input), (8 bytes).
    Removing ethernet.o(.ARM.exidx.text.ethernet_output), (8 bytes).
    Removing ethernetif.o(.text), (0 bytes).
    Removing ethernetif.o(.ARM.exidx.text.lwip_set_mac_address), (8 bytes).
    Removing ethernetif.o(.ARM.exidx.text.ethernetif_input), (8 bytes).
    Removing ethernetif.o(.ARM.exidx.text.ethernetif_init), (8 bytes).
    Removing ethernetif.o(.ARM.exidx.text.low_level_output), (8 bytes).
    Removing ethernetif.o(.text.emac_rxpkt_chainmode), (120 bytes).
    Removing ethernetif.o(.ARM.exidx.text.emac_rxpkt_chainmode), (8 bytes).
    Removing ethernetif.o(.ARM.exidx.text.emac_txpkt_chainmode), (8 bytes).
    Removing ethernetif.o(.text.emac_getcurrenttxbuffer), (14 bytes).
    Removing ethernetif.o(.ARM.exidx.text.emac_getcurrenttxbuffer), (8 bytes).
    Removing ethernetif.o(.bss.tcp_end_time), (4 bytes).
    Removing ethernetif.o(.bss.arp_end_time), (4 bytes).
    Removing icmp.o(.text), (0 bytes).
    Removing icmp.o(.ARM.exidx.text.icmp_input), (8 bytes).
    Removing icmp.o(.ARM.exidx.text.icmp_dest_unreach), (8 bytes).
    Removing icmp.o(.ARM.exidx.text.icmp_send_response), (8 bytes).
    Removing icmp.o(.ARM.exidx.text.icmp_time_exceeded), (8 bytes).
    Removing if_api.o(.text), (0 bytes).
    Removing igmp.o(.text), (0 bytes).
    Removing igmp.o(.ARM.exidx.text.igmp_init), (8 bytes).
    Removing igmp.o(.ARM.exidx.text.igmp_start), (8 bytes).
    Removing igmp.o(.text.igmp_stop), (48 bytes).
    Removing igmp.o(.ARM.exidx.text.igmp_stop), (8 bytes).
    Removing igmp.o(.ARM.exidx.text.igmp_report_groups), (8 bytes).
    Removing igmp.o(.ARM.exidx.text.igmp_delaying_member), (8 bytes).
    Removing igmp.o(.ARM.exidx.text.igmp_lookfor_group), (8 bytes).
    Removing igmp.o(.ARM.exidx.text.igmp_input), (8 bytes).
    Removing igmp.o(.text.igmp_joingroup), (92 bytes).
    Removing igmp.o(.ARM.exidx.text.igmp_joingroup), (8 bytes).
    Removing igmp.o(.text.igmp_joingroup_netif), (228 bytes).
    Removing igmp.o(.ARM.exidx.text.igmp_joingroup_netif), (8 bytes).
    Removing igmp.o(.ARM.exidx.text.igmp_send), (8 bytes).
    Removing igmp.o(.text.igmp_leavegroup), (102 bytes).
    Removing igmp.o(.ARM.exidx.text.igmp_leavegroup), (8 bytes).
    Removing igmp.o(.text.igmp_leavegroup_netif), (158 bytes).
    Removing igmp.o(.ARM.exidx.text.igmp_leavegroup_netif), (8 bytes).
    Removing igmp.o(.ARM.exidx.text.igmp_tmr), (8 bytes).
    Removing inet_chksum.o(.text), (0 bytes).
    Removing inet_chksum.o(.text.lwip_standard_chksum), (96 bytes).
    Removing inet_chksum.o(.ARM.exidx.text.lwip_standard_chksum), (8 bytes).
    Removing inet_chksum.o(.text.inet_chksum_pseudo), (248 bytes).
    Removing inet_chksum.o(.ARM.exidx.text.inet_chksum_pseudo), (8 bytes).
    Removing inet_chksum.o(.text.ip_chksum_pseudo), (12 bytes).
    Removing inet_chksum.o(.ARM.exidx.text.ip_chksum_pseudo), (8 bytes).
    Removing inet_chksum.o(.text.inet_chksum_pseudo_partial), (280 bytes).
    Removing inet_chksum.o(.ARM.exidx.text.inet_chksum_pseudo_partial), (8 bytes).
    Removing inet_chksum.o(.text.ip_chksum_pseudo_partial), (18 bytes).
    Removing inet_chksum.o(.ARM.exidx.text.ip_chksum_pseudo_partial), (8 bytes).
    Removing inet_chksum.o(.ARM.exidx.text.inet_chksum), (8 bytes).
    Removing inet_chksum.o(.text.inet_chksum_pbuf), (184 bytes).
    Removing inet_chksum.o(.ARM.exidx.text.inet_chksum_pbuf), (8 bytes).
    Removing init.o(.text), (0 bytes).
    Removing init.o(.ARM.exidx.text.lwip_init), (8 bytes).
    Removing ip.o(.text), (0 bytes).
    Removing ip4.o(.text), (0 bytes).
    Removing ip4.o(.text.ip4_set_default_multicast_netif), (12 bytes).
    Removing ip4.o(.ARM.exidx.text.ip4_set_default_multicast_netif), (8 bytes).
    Removing ip4.o(.ARM.exidx.text.ip4_route), (8 bytes).
    Removing ip4.o(.ARM.exidx.text.ip4_input), (8 bytes).
    Removing ip4.o(.ARM.exidx.text.ip4_output_if), (8 bytes).
    Removing ip4.o(.ARM.exidx.text.ip4_output_if_opt), (8 bytes).
    Removing ip4.o(.ARM.exidx.text.ip4_output_if_opt_src), (8 bytes).
    Removing ip4.o(.text.ip4_output_if_src), (30 bytes).
    Removing ip4.o(.ARM.exidx.text.ip4_output_if_src), (8 bytes).
    Removing ip4.o(.text.ip4_output), (254 bytes).
    Removing ip4.o(.ARM.exidx.text.ip4_output), (8 bytes).
    Removing ip4_addr.o(.text), (0 bytes).
    Removing ip4_addr.o(.ARM.exidx.text.ip4_addr_isbroadcast_u32), (8 bytes).
    Removing ip4_addr.o(.text.ip4_addr_netmask_valid), (44 bytes).
    Removing ip4_addr.o(.ARM.exidx.text.ip4_addr_netmask_valid), (8 bytes).
    Removing ip4_addr.o(.text.ipaddr_addr), (26 bytes).
    Removing ip4_addr.o(.ARM.exidx.text.ipaddr_addr), (8 bytes).
    Removing ip4_addr.o(.text.ip4addr_aton), (294 bytes).
    Removing ip4_addr.o(.ARM.exidx.text.ip4addr_aton), (8 bytes).
    Removing ip4_addr.o(.text.ip4addr_ntoa), (178 bytes).
    Removing ip4_addr.o(.ARM.exidx.text.ip4addr_ntoa), (8 bytes).
    Removing ip4_addr.o(.text.ip4addr_ntoa_r), (172 bytes).
    Removing ip4_addr.o(.ARM.exidx.text.ip4addr_ntoa_r), (8 bytes).
    Removing ip4_addr.o(.rodata.ip_addr_broadcast), (4 bytes).
    Removing ip4_addr.o(.bss.ip4addr_ntoa.str), (16 bytes).
    Removing ip4_frag.o(.text), (0 bytes).
    Removing ip4_frag.o(.ARM.exidx.text.ip_reass_tmr), (8 bytes).
    Removing ip4_frag.o(.ARM.exidx.text.ip_reass_free_complete_datagram), (8 bytes).
    Removing ip4_frag.o(.ARM.exidx.text.ip4_reass), (8 bytes).
    Removing ip4_frag.o(.ARM.exidx.text.ip4_frag), (8 bytes).
    Removing ip4_frag.o(.ARM.exidx.text.ipfrag_free_pbuf_custom), (8 bytes).
    Removing mem.o(.text), (0 bytes).
    Removing mem.o(.ARM.exidx.text.mem_init), (8 bytes).
    Removing mem.o(.ARM.exidx.text.mem_free), (8 bytes).
    Removing mem.o(.ARM.exidx.text.mem_trim), (8 bytes).
    Removing mem.o(.ARM.exidx.text.mem_malloc), (8 bytes).
    Removing mem.o(.text.mem_calloc), (38 bytes).
    Removing mem.o(.ARM.exidx.text.mem_calloc), (8 bytes).
    Removing memp.o(.text), (0 bytes).
    Removing memp.o(.text.memp_init_pool), (58 bytes).
    Removing memp.o(.ARM.exidx.text.memp_init_pool), (8 bytes).
    Removing memp.o(.ARM.exidx.text.memp_init), (8 bytes).
    Removing memp.o(.text.memp_malloc_pool), (50 bytes).
    Removing memp.o(.ARM.exidx.text.memp_malloc_pool), (8 bytes).
    Removing memp.o(.ARM.exidx.text.memp_malloc), (8 bytes).
    Removing memp.o(.text.memp_free_pool), (32 bytes).
    Removing memp.o(.ARM.exidx.text.memp_free_pool), (8 bytes).
    Removing memp.o(.ARM.exidx.text.memp_free), (8 bytes).
    Removing netbuf.o(.text), (0 bytes).
    Removing netdb.o(.text), (0 bytes).
    Removing netif.o(.text), (0 bytes).
    Removing netif.o(.ARM.exidx.text.netif_init), (8 bytes).
    Removing netif.o(.ARM.exidx.text.netif_add), (8 bytes).
    Removing netif.o(.ARM.exidx.text.netif_set_link_up), (8 bytes).
    Removing netif.o(.ARM.exidx.text.netif_set_up), (8 bytes).
    Removing netif.o(.ARM.exidx.text.netif_input), (8 bytes).
    Removing netif.o(.text.netif_add_noaddr), (28 bytes).
    Removing netif.o(.ARM.exidx.text.netif_add_noaddr), (8 bytes).
    Removing netif.o(.ARM.exidx.text.netif_null_output_ip4), (8 bytes).
    Removing netif.o(.text.netif_set_addr), (104 bytes).
    Removing netif.o(.ARM.exidx.text.netif_set_addr), (8 bytes).
    Removing netif.o(.text.netif_set_ipaddr), (40 bytes).
    Removing netif.o(.ARM.exidx.text.netif_set_ipaddr), (8 bytes).
    Removing netif.o(.ARM.exidx.text.netif_do_set_ipaddr), (8 bytes).
    Removing netif.o(.text.netif_set_netmask), (32 bytes).
    Removing netif.o(.ARM.exidx.text.netif_set_netmask), (8 bytes).
    Removing netif.o(.text.netif_set_gw), (32 bytes).
    Removing netif.o(.ARM.exidx.text.netif_set_gw), (8 bytes).
    Removing netif.o(.text.netif_remove), (154 bytes).
    Removing netif.o(.ARM.exidx.text.netif_remove), (8 bytes).
    Removing netif.o(.ARM.exidx.text.netif_set_down), (8 bytes).
    Removing netif.o(.ARM.exidx.text.netif_set_default), (8 bytes).
    Removing netif.o(.ARM.exidx.text.netif_set_link_down), (8 bytes).
    Removing netif.o(.ARM.exidx.text.netif_set_link_callback), (8 bytes).
    Removing netif.o(.ARM.exidx.text.netif_loop_output), (8 bytes).
    Removing netif.o(.text.netif_poll), (136 bytes).
    Removing netif.o(.ARM.exidx.text.netif_poll), (8 bytes).
    Removing netif.o(.text.netif_poll_all), (32 bytes).
    Removing netif.o(.ARM.exidx.text.netif_poll_all), (8 bytes).
    Removing netif.o(.text.netif_alloc_client_data_id), (18 bytes).
    Removing netif.o(.ARM.exidx.text.netif_alloc_client_data_id), (8 bytes).
    Removing netif.o(.text.netif_name_to_index), (80 bytes).
    Removing netif.o(.ARM.exidx.text.netif_name_to_index), (8 bytes).
    Removing netif.o(.text.netif_find), (70 bytes).
    Removing netif.o(.ARM.exidx.text.netif_find), (8 bytes).
    Removing netif.o(.text.netif_index_to_name), (76 bytes).
    Removing netif.o(.ARM.exidx.text.netif_index_to_name), (8 bytes).
    Removing netif.o(.ARM.exidx.text.netif_get_by_index), (8 bytes).
    Removing netif.o(.ARM.exidx.text.netif_loop_output_ipv4), (8 bytes).
    Removing netif.o(.bss.netif_client_id), (1 bytes).
    Removing netifapi.o(.text), (0 bytes).
    Removing pbuf.o(.text), (0 bytes).
    Removing pbuf.o(.ARM.exidx.text.pbuf_free_ooseq), (8 bytes).
    Removing pbuf.o(.ARM.exidx.text.pbuf_alloc), (8 bytes).
    Removing pbuf.o(.text.pbuf_alloc_reference), (50 bytes).
    Removing pbuf.o(.ARM.exidx.text.pbuf_alloc_reference), (8 bytes).
    Removing pbuf.o(.ARM.exidx.text.pbuf_free), (8 bytes).
    Removing pbuf.o(.ARM.exidx.text.pbuf_alloced_custom), (8 bytes).
    Removing pbuf.o(.ARM.exidx.text.pbuf_realloc), (8 bytes).
    Removing pbuf.o(.ARM.exidx.text.pbuf_add_header), (8 bytes).
    Removing pbuf.o(.text.pbuf_add_header_force), (78 bytes).
    Removing pbuf.o(.ARM.exidx.text.pbuf_add_header_force), (8 bytes).
    Removing pbuf.o(.ARM.exidx.text.pbuf_remove_header), (8 bytes).
    Removing pbuf.o(.text.pbuf_header), (106 bytes).
    Removing pbuf.o(.ARM.exidx.text.pbuf_header), (8 bytes).
    Removing pbuf.o(.ARM.exidx.text.pbuf_header_force), (8 bytes).
    Removing pbuf.o(.text.pbuf_free_header), (154 bytes).
    Removing pbuf.o(.ARM.exidx.text.pbuf_free_header), (8 bytes).
    Removing pbuf.o(.ARM.exidx.text.pbuf_clen), (8 bytes).
    Removing pbuf.o(.ARM.exidx.text.pbuf_ref), (8 bytes).
    Removing pbuf.o(.ARM.exidx.text.pbuf_cat), (8 bytes).
    Removing pbuf.o(.text.pbuf_chain), (72 bytes).
    Removing pbuf.o(.ARM.exidx.text.pbuf_chain), (8 bytes).
    Removing pbuf.o(.text.pbuf_dechain), (110 bytes).
    Removing pbuf.o(.ARM.exidx.text.pbuf_dechain), (8 bytes).
    Removing pbuf.o(.ARM.exidx.text.pbuf_copy), (8 bytes).
    Removing pbuf.o(.ARM.exidx.text.pbuf_copy_partial), (8 bytes).
    Removing pbuf.o(.text.pbuf_get_contiguous), (184 bytes).
    Removing pbuf.o(.ARM.exidx.text.pbuf_get_contiguous), (8 bytes).
    Removing pbuf.o(.text.pbuf_skip), (32 bytes).
    Removing pbuf.o(.ARM.exidx.text.pbuf_skip), (8 bytes).
    Removing pbuf.o(.text.pbuf_take), (76 bytes).
    Removing pbuf.o(.ARM.exidx.text.pbuf_take), (8 bytes).
    Removing pbuf.o(.text.pbuf_take_at), (162 bytes).
    Removing pbuf.o(.ARM.exidx.text.pbuf_take_at), (8 bytes).
    Removing pbuf.o(.text.pbuf_coalesce), (104 bytes).
    Removing pbuf.o(.ARM.exidx.text.pbuf_coalesce), (8 bytes).
    Removing pbuf.o(.ARM.exidx.text.pbuf_clone), (8 bytes).
    Removing pbuf.o(.text.pbuf_get_at), (52 bytes).
    Removing pbuf.o(.ARM.exidx.text.pbuf_get_at), (8 bytes).
    Removing pbuf.o(.text.pbuf_try_get_at), (42 bytes).
    Removing pbuf.o(.ARM.exidx.text.pbuf_try_get_at), (8 bytes).
    Removing pbuf.o(.text.pbuf_put_at), (44 bytes).
    Removing pbuf.o(.ARM.exidx.text.pbuf_put_at), (8 bytes).
    Removing pbuf.o(.text.pbuf_memcmp), (172 bytes).
    Removing pbuf.o(.ARM.exidx.text.pbuf_memcmp), (8 bytes).
    Removing pbuf.o(.text.pbuf_memfind), (260 bytes).
    Removing pbuf.o(.ARM.exidx.text.pbuf_memfind), (8 bytes).
    Removing pbuf.o(.text.pbuf_strstr), (58 bytes).
    Removing pbuf.o(.ARM.exidx.text.pbuf_strstr), (8 bytes).
    Removing raw.o(.text), (0 bytes).
    Removing raw.o(.ARM.exidx.text.raw_input), (8 bytes).
    Removing raw.o(.text.raw_bind), (26 bytes).
    Removing raw.o(.ARM.exidx.text.raw_bind), (8 bytes).
    Removing raw.o(.text.raw_bind_netif), (16 bytes).
    Removing raw.o(.ARM.exidx.text.raw_bind_netif), (8 bytes).
    Removing raw.o(.text.raw_connect), (34 bytes).
    Removing raw.o(.ARM.exidx.text.raw_connect), (8 bytes).
    Removing raw.o(.text.raw_disconnect), (16 bytes).
    Removing raw.o(.ARM.exidx.text.raw_disconnect), (8 bytes).
    Removing raw.o(.text.raw_recv), (6 bytes).
    Removing raw.o(.ARM.exidx.text.raw_recv), (8 bytes).
    Removing raw.o(.text.raw_sendto), (140 bytes).
    Removing raw.o(.ARM.exidx.text.raw_sendto), (8 bytes).
    Removing raw.o(.text.raw_sendto_if_src), (232 bytes).
    Removing raw.o(.ARM.exidx.text.raw_sendto_if_src), (8 bytes).
    Removing raw.o(.text.raw_send), (112 bytes).
    Removing raw.o(.ARM.exidx.text.raw_send), (8 bytes).
    Removing raw.o(.text.raw_remove), (46 bytes).
    Removing raw.o(.ARM.exidx.text.raw_remove), (8 bytes).
    Removing raw.o(.text.raw_new), (54 bytes).
    Removing raw.o(.ARM.exidx.text.raw_new), (8 bytes).
    Removing raw.o(.text.raw_new_ip_type), (54 bytes).
    Removing raw.o(.ARM.exidx.text.raw_new_ip_type), (8 bytes).
    Removing raw.o(.ARM.exidx.text.raw_netif_ip_addr_changed), (8 bytes).
    Removing stats.o(.text), (0 bytes).
    Removing stats.o(.ARM.exidx.text.stats_init), (8 bytes).
    Removing sockets.o(.text), (0 bytes).
    Removing sys.o(.text), (0 bytes).
    Removing sys_arch.o(.text), (0 bytes).
    Removing sys_arch.o(.text.sys_jiffies), (12 bytes).
    Removing sys_arch.o(.ARM.exidx.text.sys_jiffies), (8 bytes).
    Removing sys_arch.o(.ARM.exidx.text.sys_now), (8 bytes).
    Removing sys_arch.o(.text.sys_init), (2 bytes).
    Removing sys_arch.o(.ARM.exidx.text.sys_init), (8 bytes).
    Removing tcp.o(.text), (0 bytes).
    Removing tcp.o(.ARM.exidx.text.tcp_init), (8 bytes).
    Removing tcp.o(.ARM.exidx.text.tcp_free), (8 bytes).
    Removing tcp.o(.ARM.exidx.text.tcp_tmr), (8 bytes).
    Removing tcp.o(.ARM.exidx.text.tcp_fasttmr), (8 bytes).
    Removing tcp.o(.ARM.exidx.text.tcp_slowtmr), (8 bytes).
    Removing tcp.o(.ARM.exidx.text.tcp_close), (8 bytes).
    Removing tcp.o(.ARM.exidx.text.tcp_close_shutdown), (8 bytes).
    Removing tcp.o(.text.tcp_shutdown), (102 bytes).
    Removing tcp.o(.ARM.exidx.text.tcp_shutdown), (8 bytes).
    Removing tcp.o(.ARM.exidx.text.tcp_abandon), (8 bytes).
    Removing tcp.o(.ARM.exidx.text.tcp_pcb_remove), (8 bytes).
    Removing tcp.o(.ARM.exidx.text.tcp_segs_free), (8 bytes).
    Removing tcp.o(.ARM.exidx.text.tcp_abort), (8 bytes).
    Removing tcp.o(.ARM.exidx.text.tcp_bind), (8 bytes).
    Removing tcp.o(.text.tcp_bind_netif), (16 bytes).
    Removing tcp.o(.ARM.exidx.text.tcp_bind_netif), (8 bytes).
    Removing tcp.o(.ARM.exidx.text.tcp_listen_with_backlog), (8 bytes).
    Removing tcp.o(.ARM.exidx.text.tcp_listen_with_backlog_and_err), (8 bytes).
    Removing tcp.o(.ARM.exidx.text.tcp_accept_null), (8 bytes).
    Removing tcp.o(.ARM.exidx.text.tcp_update_rcv_ann_wnd), (8 bytes).
    Removing tcp.o(.ARM.exidx.text.tcp_recved), (8 bytes).
    Removing tcp.o(.text.tcp_connect), (452 bytes).
    Removing tcp.o(.ARM.exidx.text.tcp_connect), (8 bytes).
    Removing tcp.o(.ARM.exidx.text.tcp_next_iss), (8 bytes).
    Removing tcp.o(.ARM.exidx.text.tcp_eff_send_mss_netif), (8 bytes).
    Removing tcp.o(.ARM.exidx.text.tcp_free_ooseq), (8 bytes).
    Removing tcp.o(.ARM.exidx.text.tcp_pcb_purge), (8 bytes).
    Removing tcp.o(.ARM.exidx.text.tcp_close_shutdown_fin), (8 bytes).
    Removing tcp.o(.ARM.exidx.text.tcp_process_refused_data), (8 bytes).
    Removing tcp.o(.text.tcp_txnow), (38 bytes).
    Removing tcp.o(.ARM.exidx.text.tcp_txnow), (8 bytes).
    Removing tcp.o(.ARM.exidx.text.tcp_recv_null), (8 bytes).
    Removing tcp.o(.ARM.exidx.text.tcp_seg_free), (8 bytes).
    Removing tcp.o(.text.tcp_setprio), (8 bytes).
    Removing tcp.o(.ARM.exidx.text.tcp_setprio), (8 bytes).
    Removing tcp.o(.ARM.exidx.text.tcp_seg_copy), (8 bytes).
    Removing tcp.o(.ARM.exidx.text.tcp_alloc), (8 bytes).
    Removing tcp.o(.ARM.exidx.text.tcp_kill_prio), (8 bytes).
    Removing tcp.o(.ARM.exidx.text.tcp_new), (8 bytes).
    Removing tcp.o(.text.tcp_new_ip_type), (6 bytes).
    Removing tcp.o(.ARM.exidx.text.tcp_new_ip_type), (8 bytes).
    Removing tcp.o(.text.tcp_arg), (8 bytes).
    Removing tcp.o(.ARM.exidx.text.tcp_arg), (8 bytes).
    Removing tcp.o(.ARM.exidx.text.tcp_recv), (8 bytes).
    Removing tcp.o(.text.tcp_sent), (10 bytes).
    Removing tcp.o(.ARM.exidx.text.tcp_sent), (8 bytes).
    Removing tcp.o(.ARM.exidx.text.tcp_err), (8 bytes).
    Removing tcp.o(.ARM.exidx.text.tcp_accept), (8 bytes).
    Removing tcp.o(.ARM.exidx.text.tcp_poll), (8 bytes).
    Removing tcp.o(.ARM.exidx.text.tcp_netif_ip_addr_changed), (8 bytes).
    Removing tcp.o(.text.tcp_debug_state_str), (52 bytes).
    Removing tcp.o(.ARM.exidx.text.tcp_debug_state_str), (8 bytes).
    Removing tcp.o(.text.tcp_tcp_get_tcp_addrinfo), (46 bytes).
    Removing tcp.o(.ARM.exidx.text.tcp_tcp_get_tcp_addrinfo), (8 bytes).
    Removing tcp.o(.rodata.str1.1), (104 bytes).
    Removing tcp_in.o(.text), (0 bytes).
    Removing tcp_in.o(.ARM.exidx.text.tcp_input), (8 bytes).
    Removing tcp_in.o(.ARM.exidx.text.tcp_timewait_input), (8 bytes).
    Removing tcp_in.o(.ARM.exidx.text.tcp_listen_input), (8 bytes).
    Removing tcp_in.o(.ARM.exidx.text.tcp_process), (8 bytes).
    Removing tcp_in.o(.ARM.exidx.text.tcp_input_delayed_close), (8 bytes).
    Removing tcp_in.o(.ARM.exidx.text.tcp_trigger_input_pcb_close), (8 bytes).
    Removing tcp_in.o(.ARM.exidx.text.tcp_parseopt), (8 bytes).
    Removing tcp_in.o(.ARM.exidx.text.tcp_receive), (8 bytes).
    Removing tcp_in.o(.ARM.exidx.text.tcp_free_acked_segments), (8 bytes).
    Removing tcp_in.o(.ARM.exidx.text.tcp_oos_insert_segment), (8 bytes).
    Removing tcp_out.o(.text), (0 bytes).
    Removing tcp_out.o(.ARM.exidx.text.tcp_write), (8 bytes).
    Removing tcp_out.o(.ARM.exidx.text.tcp_pbuf_prealloc), (8 bytes).
    Removing tcp_out.o(.ARM.exidx.text.tcp_create_segment), (8 bytes).
    Removing tcp_out.o(.ARM.exidx.text.tcp_split_unsent_seg), (8 bytes).
    Removing tcp_out.o(.ARM.exidx.text.tcp_send_fin), (8 bytes).
    Removing tcp_out.o(.ARM.exidx.text.tcp_enqueue_flags), (8 bytes).
    Removing tcp_out.o(.ARM.exidx.text.tcp_output), (8 bytes).
    Removing tcp_out.o(.ARM.exidx.text.tcp_send_empty_ack), (8 bytes).
    Removing tcp_out.o(.ARM.exidx.text.tcp_rexmit_rto_prepare), (8 bytes).
    Removing tcp_out.o(.ARM.exidx.text.tcp_rexmit_rto_commit), (8 bytes).
    Removing tcp_out.o(.ARM.exidx.text.tcp_rexmit_rto), (8 bytes).
    Removing tcp_out.o(.ARM.exidx.text.tcp_rexmit), (8 bytes).
    Removing tcp_out.o(.ARM.exidx.text.tcp_rexmit_fast), (8 bytes).
    Removing tcp_out.o(.ARM.exidx.text.tcp_rst), (8 bytes).
    Removing tcp_out.o(.ARM.exidx.text.tcp_output_alloc_header), (8 bytes).
    Removing tcp_out.o(.ARM.exidx.text.tcp_keepalive), (8 bytes).
    Removing tcp_out.o(.ARM.exidx.text.tcp_zero_window_probe), (8 bytes).
    Removing tcpip.o(.text), (0 bytes).
    Removing timeouts.o(.text), (0 bytes).
    Removing timeouts.o(.ARM.exidx.text.tcp_timer_needed), (8 bytes).
    Removing timeouts.o(.text.sys_timeout), (90 bytes).
    Removing timeouts.o(.ARM.exidx.text.sys_timeout), (8 bytes).
    Removing timeouts.o(.ARM.exidx.text.tcpip_tcp_timer), (8 bytes).
    Removing timeouts.o(.ARM.exidx.text.sys_timeouts_init), (8 bytes).
    Removing timeouts.o(.ARM.exidx.text.lwip_cyclic_timer), (8 bytes).
    Removing timeouts.o(.text.sys_untimeout), (76 bytes).
    Removing timeouts.o(.ARM.exidx.text.sys_untimeout), (8 bytes).
    Removing timeouts.o(.ARM.exidx.text.sys_check_timeouts), (8 bytes).
    Removing timeouts.o(.text.sys_restart_timeouts), (48 bytes).
    Removing timeouts.o(.ARM.exidx.text.sys_restart_timeouts), (8 bytes).
    Removing timeouts.o(.text.sys_timeouts_sleeptime), (36 bytes).
    Removing timeouts.o(.ARM.exidx.text.sys_timeouts_sleeptime), (8 bytes).
    Removing timeouts.o(.rodata.lwip_num_cyclic_timers), (4 bytes).
    Removing udp.o(.text), (0 bytes).
    Removing udp.o(.ARM.exidx.text.udp_init), (8 bytes).
    Removing udp.o(.ARM.exidx.text.udp_input), (8 bytes).
    Removing udp.o(.text.udp_send), (20 bytes).
    Removing udp.o(.ARM.exidx.text.udp_send), (8 bytes).
    Removing udp.o(.text.udp_sendto), (206 bytes).
    Removing udp.o(.ARM.exidx.text.udp_sendto), (8 bytes).
    Removing udp.o(.text.udp_sendto_if), (82 bytes).
    Removing udp.o(.ARM.exidx.text.udp_sendto_if), (8 bytes).
    Removing udp.o(.text.udp_sendto_if_src), (288 bytes).
    Removing udp.o(.ARM.exidx.text.udp_sendto_if_src), (8 bytes).
    Removing udp.o(.text.udp_bind), (222 bytes).
    Removing udp.o(.ARM.exidx.text.udp_bind), (8 bytes).
    Removing udp.o(.text.udp_bind_netif), (16 bytes).
    Removing udp.o(.ARM.exidx.text.udp_bind_netif), (8 bytes).
    Removing udp.o(.text.udp_connect), (102 bytes).
    Removing udp.o(.ARM.exidx.text.udp_connect), (8 bytes).
    Removing udp.o(.text.udp_disconnect), (24 bytes).
    Removing udp.o(.ARM.exidx.text.udp_disconnect), (8 bytes).
    Removing udp.o(.text.udp_recv), (10 bytes).
    Removing udp.o(.ARM.exidx.text.udp_recv), (8 bytes).
    Removing udp.o(.text.udp_remove), (48 bytes).
    Removing udp.o(.ARM.exidx.text.udp_remove), (8 bytes).
    Removing udp.o(.text.udp_new), (32 bytes).
    Removing udp.o(.ARM.exidx.text.udp_new), (8 bytes).
    Removing udp.o(.text.udp_new_ip_type), (32 bytes).
    Removing udp.o(.ARM.exidx.text.udp_new_ip_type), (8 bytes).
    Removing udp.o(.ARM.exidx.text.udp_netif_ip_addr_changed), (8 bytes).

1111 unused section(s) (total 27348 bytes) removed from the image.
